---
http_interactions:
- request:
    method: delete
    uri: http://127.0.0.1:3000/api/v1/trips/411?user_id=1
    body:
      encoding: US-ASCII
      string: ''
    headers:
      User-Agent:
      - Faraday v2.9.0
      Accept-Encoding:
      - gzip;q=1.0,deflate;q=0.6,identity;q=0.3
      Accept:
      - "*/*"
  response:
    status:
      code: 204
      message: No Content
    headers:
      X-Frame-Options:
      - SAMEORIGIN
      X-Xss-Protection:
      - '0'
      X-Content-Type-Options:
      - nosniff
      X-Permitted-Cross-Domain-Policies:
      - none
      Referrer-Policy:
      - strict-origin-when-cross-origin
      Cache-Control:
      - no-cache
      X-Request-Id:
      - c43b1de5-6c2d-4dae-b0a3-6f7d492f9a6e
      X-Runtime:
      - '0.008866'
    body:
      encoding: UTF-8
      string: ''
  recorded_at: Mon, 15 Apr 2024 06:45:11 GMT
- request:
    method: delete
    uri: http://127.0.0.1:3000/api/v1/trips/424?user_id=1
    body:
      encoding: US-ASCII
      string: ''
    headers:
      User-Agent:
      - Faraday v2.9.0
      Accept-Encoding:
      - gzip;q=1.0,deflate;q=0.6,identity;q=0.3
      Accept:
      - "*/*"
  response:
    status:
      code: 204
      message: No Content
    headers:
      X-Frame-Options:
      - SAMEORIGIN
      X-Xss-Protection:
      - '0'
      X-Content-Type-Options:
      - nosniff
      X-Permitted-Cross-Domain-Policies:
      - none
      Referrer-Policy:
      - strict-origin-when-cross-origin
      Cache-Control:
      - no-cache
      X-Request-Id:
      - 0d579dd1-efae-45bc-84fb-2795279314f8
      X-Runtime:
      - '0.009247'
    body:
      encoding: UTF-8
      string: ''
  recorded_at: Mon, 15 Apr 2024 06:48:32 GMT
- request:
    method: delete
    uri: http://127.0.0.1:3000/api/v1/trips/437?user_id=1
    body:
      encoding: US-ASCII
      string: ''
    headers:
      User-Agent:
      - Faraday v2.9.0
      Accept-Encoding:
      - gzip;q=1.0,deflate;q=0.6,identity;q=0.3
      Accept:
      - "*/*"
  response:
    status:
      code: 204
      message: No Content
    headers:
      X-Frame-Options:
      - SAMEORIGIN
      X-Xss-Protection:
      - '0'
      X-Content-Type-Options:
      - nosniff
      X-Permitted-Cross-Domain-Policies:
      - none
      Referrer-Policy:
      - strict-origin-when-cross-origin
      Cache-Control:
      - no-cache
      X-Request-Id:
      - f3f261a2-b991-47b0-947b-86b1f4e61bff
      X-Runtime:
      - '0.009701'
    body:
      encoding: UTF-8
      string: ''
  recorded_at: Mon, 15 Apr 2024 06:51:28 GMT
- request:
    method: delete
    uri: http://127.0.0.1:3000/api/v1/trips/450?user_id=1
    body:
      encoding: US-ASCII
      string: ''
    headers:
      User-Agent:
      - Faraday v2.9.0
      Accept-Encoding:
      - gzip;q=1.0,deflate;q=0.6,identity;q=0.3
      Accept:
      - "*/*"
  response:
    status:
      code: 204
      message: No Content
    headers:
      X-Frame-Options:
      - SAMEORIGIN
      X-Xss-Protection:
      - '0'
      X-Content-Type-Options:
      - nosniff
      X-Permitted-Cross-Domain-Policies:
      - none
      Referrer-Policy:
      - strict-origin-when-cross-origin
      Cache-Control:
      - no-cache
      X-Request-Id:
      - fdd62621-8c24-4ca3-93a1-70af2d89e3e8
      X-Runtime:
      - '0.007654'
    body:
      encoding: UTF-8
      string: ''
  recorded_at: Mon, 15 Apr 2024 06:52:19 GMT
- request:
    method: delete
    uri: http://127.0.0.1:3000/api/v1/trips/463?user_id=1
    body:
      encoding: US-ASCII
      string: ''
    headers:
      User-Agent:
      - Faraday v2.9.0
      Accept-Encoding:
      - gzip;q=1.0,deflate;q=0.6,identity;q=0.3
      Accept:
      - "*/*"
  response:
    status:
      code: 204
      message: No Content
    headers:
      X-Frame-Options:
      - SAMEORIGIN
      X-Xss-Protection:
      - '0'
      X-Content-Type-Options:
      - nosniff
      X-Permitted-Cross-Domain-Policies:
      - none
      Referrer-Policy:
      - strict-origin-when-cross-origin
      Cache-Control:
      - no-cache
      X-Request-Id:
      - bfd2f34d-b058-4aac-bdbd-48affa571d2a
      X-Runtime:
      - '0.009400'
    body:
      encoding: UTF-8
      string: ''
  recorded_at: Mon, 15 Apr 2024 06:53:02 GMT
- request:
    method: delete
    uri: http://127.0.0.1:3000/api/v1/trips/476?user_id=1
    body:
      encoding: US-ASCII
      string: ''
    headers:
      User-Agent:
      - Faraday v2.9.0
      Accept-Encoding:
      - gzip;q=1.0,deflate;q=0.6,identity;q=0.3
      Accept:
      - "*/*"
  response:
    status:
      code: 204
      message: No Content
    headers:
      X-Frame-Options:
      - SAMEORIGIN
      X-Xss-Protection:
      - '0'
      X-Content-Type-Options:
      - nosniff
      X-Permitted-Cross-Domain-Policies:
      - none
      Referrer-Policy:
      - strict-origin-when-cross-origin
      Cache-Control:
      - no-cache
      X-Request-Id:
      - 18fd7832-e3b3-475c-be24-d66dffd99a65
      X-Runtime:
      - '0.009434'
    body:
      encoding: UTF-8
      string: ''
  recorded_at: Mon, 15 Apr 2024 06:54:01 GMT
- request:
    method: delete
    uri: http://127.0.0.1:3000/api/v1/trips/489?user_id=1
    body:
      encoding: US-ASCII
      string: ''
    headers:
      User-Agent:
      - Faraday v2.9.0
      Accept-Encoding:
      - gzip;q=1.0,deflate;q=0.6,identity;q=0.3
      Accept:
      - "*/*"
  response:
    status:
      code: 204
      message: No Content
    headers:
      X-Frame-Options:
      - SAMEORIGIN
      X-Xss-Protection:
      - '0'
      X-Content-Type-Options:
      - nosniff
      X-Permitted-Cross-Domain-Policies:
      - none
      Referrer-Policy:
      - strict-origin-when-cross-origin
      Cache-Control:
      - no-cache
      X-Request-Id:
      - d1f8025c-a37b-4562-ab76-3e647b213481
      X-Runtime:
      - '0.017881'
    body:
      encoding: UTF-8
      string: ''
  recorded_at: Mon, 15 Apr 2024 06:55:56 GMT
- request:
    method: delete
    uri: http://127.0.0.1:3000/api/v1/trips/502?user_id=1
    body:
      encoding: US-ASCII
      string: ''
    headers:
      User-Agent:
      - Faraday v2.9.0
      Accept-Encoding:
      - gzip;q=1.0,deflate;q=0.6,identity;q=0.3
      Accept:
      - "*/*"
  response:
    status:
      code: 204
      message: No Content
    headers:
      X-Frame-Options:
      - SAMEORIGIN
      X-Xss-Protection:
      - '0'
      X-Content-Type-Options:
      - nosniff
      X-Permitted-Cross-Domain-Policies:
      - none
      Referrer-Policy:
      - strict-origin-when-cross-origin
      Cache-Control:
      - no-cache
      X-Request-Id:
      - a877b579-fda0-41e5-b687-671b9bfef00a
      X-Runtime:
      - '0.009811'
    body:
      encoding: UTF-8
      string: ''
  recorded_at: Mon, 15 Apr 2024 06:56:43 GMT
- request:
    method: delete
    uri: http://127.0.0.1:3000/api/v1/trips/515?user_id=1
    body:
      encoding: US-ASCII
      string: ''
    headers:
      User-Agent:
      - Faraday v2.9.0
      Accept-Encoding:
      - gzip;q=1.0,deflate;q=0.6,identity;q=0.3
      Accept:
      - "*/*"
  response:
    status:
      code: 204
      message: No Content
    headers:
      X-Frame-Options:
      - SAMEORIGIN
      X-Xss-Protection:
      - '0'
      X-Content-Type-Options:
      - nosniff
      X-Permitted-Cross-Domain-Policies:
      - none
      Referrer-Policy:
      - strict-origin-when-cross-origin
      Cache-Control:
      - no-cache
      X-Request-Id:
      - 7f01f835-582c-4df7-a7fd-3ea2a6f88a86
      X-Runtime:
      - '0.025678'
    body:
      encoding: UTF-8
      string: ''
  recorded_at: Mon, 15 Apr 2024 06:56:48 GMT
- request:
    method: delete
    uri: http://127.0.0.1:3000/api/v1/trips/533?user_id=1
    body:
      encoding: US-ASCII
      string: ''
    headers:
      User-Agent:
      - Faraday v2.9.0
      Accept-Encoding:
      - gzip;q=1.0,deflate;q=0.6,identity;q=0.3
      Accept:
      - "*/*"
  response:
    status:
      code: 204
      message: No Content
    headers:
      X-Frame-Options:
      - SAMEORIGIN
      X-Xss-Protection:
      - '0'
      X-Content-Type-Options:
      - nosniff
      X-Permitted-Cross-Domain-Policies:
      - none
      Referrer-Policy:
      - strict-origin-when-cross-origin
      Cache-Control:
      - no-cache
      X-Request-Id:
      - 6fe885e4-0b5d-45cb-81b5-a8975981a96c
      X-Runtime:
      - '0.014170'
    body:
      encoding: UTF-8
      string: ''
  recorded_at: Mon, 15 Apr 2024 06:58:42 GMT
- request:
    method: delete
    uri: http://127.0.0.1:3000/api/v1/trips/546?user_id=1
    body:
      encoding: US-ASCII
      string: ''
    headers:
      User-Agent:
      - Faraday v2.9.0
      Accept-Encoding:
      - gzip;q=1.0,deflate;q=0.6,identity;q=0.3
      Accept:
      - "*/*"
  response:
    status:
      code: 204
      message: No Content
    headers:
      X-Frame-Options:
      - SAMEORIGIN
      X-Xss-Protection:
      - '0'
      X-Content-Type-Options:
      - nosniff
      X-Permitted-Cross-Domain-Policies:
      - none
      Referrer-Policy:
      - strict-origin-when-cross-origin
      Cache-Control:
      - no-cache
      X-Request-Id:
      - 2f6d47f3-f067-4989-a814-29737d85e7dd
      X-Runtime:
      - '0.009330'
    body:
      encoding: UTF-8
      string: ''
  recorded_at: Mon, 15 Apr 2024 06:59:20 GMT
- request:
    method: delete
    uri: http://127.0.0.1:3000/api/v1/trips/559?user_id=1
    body:
      encoding: US-ASCII
      string: ''
    headers:
      User-Agent:
      - Faraday v2.9.0
      Accept-Encoding:
      - gzip;q=1.0,deflate;q=0.6,identity;q=0.3
      Accept:
      - "*/*"
  response:
    status:
      code: 204
      message: No Content
    headers:
      X-Frame-Options:
      - SAMEORIGIN
      X-Xss-Protection:
      - '0'
      X-Content-Type-Options:
      - nosniff
      X-Permitted-Cross-Domain-Policies:
      - none
      Referrer-Policy:
      - strict-origin-when-cross-origin
      Cache-Control:
      - no-cache
      X-Request-Id:
      - 5262649f-dac8-4d99-92da-f8af6c353cc8
      X-Runtime:
      - '0.009893'
    body:
      encoding: UTF-8
      string: ''
  recorded_at: Mon, 15 Apr 2024 07:00:31 GMT
- request:
    method: delete
    uri: http://127.0.0.1:3000/api/v1/trips/595?user_id=1
    body:
      encoding: US-ASCII
      string: ''
    headers:
      User-Agent:
      - Faraday v2.9.0
      Accept-Encoding:
      - gzip;q=1.0,deflate;q=0.6,identity;q=0.3
      Accept:
      - "*/*"
  response:
    status:
      code: 204
      message: No Content
    headers:
      X-Frame-Options:
      - SAMEORIGIN
      X-Xss-Protection:
      - '0'
      X-Content-Type-Options:
      - nosniff
      X-Permitted-Cross-Domain-Policies:
      - none
      Referrer-Policy:
      - strict-origin-when-cross-origin
      Cache-Control:
      - no-cache
      X-Request-Id:
      - 4d377f39-664a-4e61-9b14-15c63c7a6cc4
      X-Runtime:
      - '0.011009'
    body:
      encoding: UTF-8
      string: ''
  recorded_at: Mon, 15 Apr 2024 07:01:45 GMT
- request:
    method: delete
    uri: http://127.0.0.1:3000/api/v1/trips/613?user_id=1
    body:
      encoding: US-ASCII
      string: ''
    headers:
      User-Agent:
      - Faraday v2.9.0
      Accept-Encoding:
      - gzip;q=1.0,deflate;q=0.6,identity;q=0.3
      Accept:
      - "*/*"
  response:
    status:
      code: 204
      message: No Content
    headers:
      X-Frame-Options:
      - SAMEORIGIN
      X-Xss-Protection:
      - '0'
      X-Content-Type-Options:
      - nosniff
      X-Permitted-Cross-Domain-Policies:
      - none
      Referrer-Policy:
      - strict-origin-when-cross-origin
      Cache-Control:
      - no-cache
      X-Request-Id:
      - 793897a4-f80d-421e-ad86-74aed0c99f85
      X-Runtime:
      - '0.009026'
    body:
      encoding: UTF-8
      string: ''
  recorded_at: Mon, 15 Apr 2024 07:02:02 GMT
- request:
    method: delete
    uri: http://127.0.0.1:3000/api/v1/trips/631?user_id=1
    body:
      encoding: US-ASCII
      string: ''
    headers:
      User-Agent:
      - Faraday v2.9.0
      Accept-Encoding:
      - gzip;q=1.0,deflate;q=0.6,identity;q=0.3
      Accept:
      - "*/*"
  response:
    status:
      code: 204
      message: No Content
    headers:
      X-Frame-Options:
      - SAMEORIGIN
      X-Xss-Protection:
      - '0'
      X-Content-Type-Options:
      - nosniff
      X-Permitted-Cross-Domain-Policies:
      - none
      Referrer-Policy:
      - strict-origin-when-cross-origin
      Cache-Control:
      - no-cache
      X-Request-Id:
      - 3d12c5a0-2e6b-4188-912a-7a8c60e5727b
      X-Runtime:
      - '0.007902'
    body:
      encoding: UTF-8
      string: ''
  recorded_at: Mon, 15 Apr 2024 15:13:15 GMT
- request:
    method: delete
    uri: http://127.0.0.1:3000/api/v1/trips/649?user_id=1
    body:
      encoding: US-ASCII
      string: ''
    headers:
      User-Agent:
      - Faraday v2.9.0
      Accept-Encoding:
      - gzip;q=1.0,deflate;q=0.6,identity;q=0.3
      Accept:
      - "*/*"
  response:
    status:
      code: 204
      message: No Content
    headers:
      X-Frame-Options:
      - SAMEORIGIN
      X-Xss-Protection:
      - '0'
      X-Content-Type-Options:
      - nosniff
      X-Permitted-Cross-Domain-Policies:
      - none
      Referrer-Policy:
      - strict-origin-when-cross-origin
      Cache-Control:
      - no-cache
      X-Request-Id:
      - ee71d98a-d627-4074-bafc-8481dcaf60c0
      X-Runtime:
      - '0.010210'
    body:
      encoding: UTF-8
      string: ''
  recorded_at: Mon, 15 Apr 2024 15:33:12 GMT
- request:
    method: delete
    uri: http://127.0.0.1:3000/api/v1/trips/317?user_id=1
    body:
      encoding: US-ASCII
      string: ''
    headers:
      User-Agent:
      - Faraday v2.9.0
      Accept-Encoding:
      - gzip;q=1.0,deflate;q=0.6,identity;q=0.3
      Accept:
      - "*/*"
  response:
    status:
      code: 204
      message: No Content
    headers:
      X-Frame-Options:
      - SAMEORIGIN
      X-Xss-Protection:
      - '0'
      X-Content-Type-Options:
      - nosniff
      X-Permitted-Cross-Domain-Policies:
      - none
      Referrer-Policy:
      - strict-origin-when-cross-origin
      Cache-Control:
      - no-cache
      X-Request-Id:
      - 97e8045c-7503-4f47-973e-58a44a8c77aa
      X-Runtime:
      - '0.030922'
      Server-Timing:
      - start_processing.action_controller;dur=0.00, sql.active_record;dur=14.88,
        instantiation.active_record;dur=0.42, transaction.active_record;dur=23.34,
        process_action.action_controller;dur=27.10
    body:
      encoding: UTF-8
      string: ''
  recorded_at: Tue, 16 Apr 2024 04:51:15 GMT
- request:
    method: delete
    uri: http://127.0.0.1:3000/api/v1/trips/335?user_id=1
    body:
      encoding: US-ASCII
      string: ''
    headers:
      User-Agent:
      - Faraday v2.9.0
      Accept-Encoding:
      - gzip;q=1.0,deflate;q=0.6,identity;q=0.3
      Accept:
      - "*/*"
  response:
    status:
      code: 204
      message: No Content
    headers:
      X-Frame-Options:
      - SAMEORIGIN
      X-Xss-Protection:
      - '0'
      X-Content-Type-Options:
      - nosniff
      X-Permitted-Cross-Domain-Policies:
      - none
      Referrer-Policy:
      - strict-origin-when-cross-origin
      Cache-Control:
      - no-cache
      X-Request-Id:
      - 0d00b679-6567-4217-a21b-8d39bbe81c9f
      X-Runtime:
      - '0.021004'
      Server-Timing:
      - start_processing.action_controller;dur=0.00, sql.active_record;dur=3.06, instantiation.active_record;dur=0.18,
        transaction.active_record;dur=13.44, process_action.action_controller;dur=16.83
    body:
      encoding: UTF-8
      string: ''
  recorded_at: Tue, 16 Apr 2024 06:48:06 GMT
- request:
    method: delete
    uri: http://127.0.0.1:3000/api/v1/trips/353?user_id=1
    body:
      encoding: US-ASCII
      string: ''
    headers:
      User-Agent:
      - Faraday v2.9.0
      Accept-Encoding:
      - gzip;q=1.0,deflate;q=0.6,identity;q=0.3
      Accept:
      - "*/*"
  response:
    status:
      code: 204
      message: No Content
    headers:
      X-Frame-Options:
      - SAMEORIGIN
      X-Xss-Protection:
      - '0'
      X-Content-Type-Options:
      - nosniff
      X-Permitted-Cross-Domain-Policies:
      - none
      Referrer-Policy:
      - strict-origin-when-cross-origin
      Cache-Control:
      - no-cache
      X-Request-Id:
      - 26c81a03-32d9-4fd0-95a5-a349e7e2e060
      X-Runtime:
      - '0.019957'
      Server-Timing:
      - start_processing.action_controller;dur=0.00, sql.active_record;dur=4.47, instantiation.active_record;dur=0.17,
        transaction.active_record;dur=14.90, process_action.action_controller;dur=16.32
    body:
      encoding: UTF-8
      string: ''
  recorded_at: Tue, 16 Apr 2024 16:08:25 GMT
- request:
    method: delete
    uri: http://127.0.0.1:3000/api/v1/trips/371?user_id=1
    body:
      encoding: US-ASCII
      string: ''
    headers:
      User-Agent:
      - Faraday v2.9.0
      Accept-Encoding:
      - gzip;q=1.0,deflate;q=0.6,identity;q=0.3
      Accept:
      - "*/*"
  response:
    status:
      code: 204
      message: No Content
    headers:
      X-Frame-Options:
      - SAMEORIGIN
      X-Xss-Protection:
      - '0'
      X-Content-Type-Options:
      - nosniff
      X-Permitted-Cross-Domain-Policies:
      - none
      Referrer-Policy:
      - strict-origin-when-cross-origin
      Cache-Control:
      - no-cache
      X-Request-Id:
      - 111f04c8-10cc-496c-b42e-894c9eb83189
      X-Runtime:
      - '0.032776'
      Server-Timing:
      - start_processing.action_controller;dur=0.00, sql.active_record;dur=16.41,
        instantiation.active_record;dur=0.20, transaction.active_record;dur=27.50,
        process_action.action_controller;dur=29.13
    body:
      encoding: UTF-8
      string: ''
  recorded_at: Tue, 16 Apr 2024 18:54:32 GMT
- request:
    method: delete
    uri: http://127.0.0.1:3000/api/v1/trips/389?user_id=1
    body:
      encoding: US-ASCII
      string: ''
    headers:
      User-Agent:
      - Faraday v2.9.0
      Accept-Encoding:
      - gzip;q=1.0,deflate;q=0.6,identity;q=0.3
      Accept:
      - "*/*"
  response:
    status:
      code: 204
      message: No Content
    headers:
      X-Frame-Options:
      - SAMEORIGIN
      X-Xss-Protection:
      - '0'
      X-Content-Type-Options:
      - nosniff
      X-Permitted-Cross-Domain-Policies:
      - none
      Referrer-Policy:
      - strict-origin-when-cross-origin
      Cache-Control:
      - no-cache
      X-Request-Id:
      - 75dd003d-0098-4fe8-8270-f4b8c807119d
      X-Runtime:
      - '0.031684'
      Server-Timing:
      - start_processing.action_controller;dur=0.00, sql.active_record;dur=13.63,
        instantiation.active_record;dur=0.17, transaction.active_record;dur=26.93,
        process_action.action_controller;dur=28.16
    body:
      encoding: UTF-8
      string: ''
  recorded_at: Tue, 16 Apr 2024 18:54:58 GMT
- request:
    method: delete
    uri: http://127.0.0.1:3000/api/v1/trips/407?user_id=1
    body:
      encoding: US-ASCII
      string: ''
    headers:
      User-Agent:
      - Faraday v2.9.0
      Accept-Encoding:
      - gzip;q=1.0,deflate;q=0.6,identity;q=0.3
      Accept:
      - "*/*"
  response:
    status:
      code: 204
      message: No Content
    headers:
      X-Frame-Options:
      - SAMEORIGIN
      X-Xss-Protection:
      - '0'
      X-Content-Type-Options:
      - nosniff
      X-Permitted-Cross-Domain-Policies:
      - none
      Referrer-Policy:
      - strict-origin-when-cross-origin
      Cache-Control:
      - no-cache
      X-Request-Id:
      - 9256c9c5-b781-4e00-99d3-b1df3e5b90a9
      X-Runtime:
      - '0.021724'
      Server-Timing:
      - start_processing.action_controller;dur=0.00, sql.active_record;dur=4.60, instantiation.active_record;dur=0.17,
        transaction.active_record;dur=16.75, process_action.action_controller;dur=18.03
    body:
      encoding: UTF-8
      string: ''
  recorded_at: Tue, 16 Apr 2024 18:55:11 GMT
- request:
    method: delete
    uri: http://127.0.0.1:3000/api/v1/trips/425?user_id=1
    body:
      encoding: US-ASCII
      string: ''
    headers:
      User-Agent:
      - Faraday v2.9.0
      Accept-Encoding:
      - gzip;q=1.0,deflate;q=0.6,identity;q=0.3
      Accept:
      - "*/*"
  response:
    status:
      code: 204
      message: No Content
    headers:
      X-Frame-Options:
      - SAMEORIGIN
      X-Xss-Protection:
      - '0'
      X-Content-Type-Options:
      - nosniff
      X-Permitted-Cross-Domain-Policies:
      - none
      Referrer-Policy:
      - strict-origin-when-cross-origin
      Cache-Control:
      - no-cache
      X-Request-Id:
      - e93940c7-571b-4895-8424-e673d5f2dada
      X-Runtime:
      - '0.021004'
      Server-Timing:
      - start_processing.action_controller;dur=0.00, sql.active_record;dur=2.82, instantiation.active_record;dur=0.16,
        transaction.active_record;dur=15.70, process_action.action_controller;dur=16.83
    body:
      encoding: UTF-8
      string: ''
  recorded_at: Tue, 16 Apr 2024 18:55:36 GMT
- request:
    method: delete
    uri: http://127.0.0.1:3000/api/v1/trips/443?user_id=1
    body:
      encoding: US-ASCII
      string: ''
    headers:
      User-Agent:
      - Faraday v2.9.0
      Accept-Encoding:
      - gzip;q=1.0,deflate;q=0.6,identity;q=0.3
      Accept:
      - "*/*"
  response:
    status:
      code: 204
      message: No Content
    headers:
      X-Frame-Options:
      - SAMEORIGIN
      X-Xss-Protection:
      - '0'
      X-Content-Type-Options:
      - nosniff
      X-Permitted-Cross-Domain-Policies:
      - none
      Referrer-Policy:
      - strict-origin-when-cross-origin
      Cache-Control:
      - no-cache
      X-Request-Id:
      - 6707e366-4874-48e6-84bf-71d0375afd50
      X-Runtime:
      - '0.021672'
      Server-Timing:
      - start_processing.action_controller;dur=0.00, sql.active_record;dur=3.00, instantiation.active_record;dur=0.17,
        transaction.active_record;dur=15.83, process_action.action_controller;dur=16.99
    body:
      encoding: UTF-8
      string: ''
  recorded_at: Tue, 16 Apr 2024 18:55:43 GMT
- request:
    method: delete
    uri: http://127.0.0.1:3000/api/v1/trips/461?user_id=1
    body:
      encoding: US-ASCII
      string: ''
    headers:
      User-Agent:
      - Faraday v2.9.0
      Accept-Encoding:
      - gzip;q=1.0,deflate;q=0.6,identity;q=0.3
      Accept:
      - "*/*"
  response:
    status:
      code: 204
      message: No Content
    headers:
      X-Frame-Options:
      - SAMEORIGIN
      X-Xss-Protection:
      - '0'
      X-Content-Type-Options:
      - nosniff
      X-Permitted-Cross-Domain-Policies:
      - none
      Referrer-Policy:
      - strict-origin-when-cross-origin
      Cache-Control:
      - no-cache
      X-Request-Id:
      - 07dc6abd-94d1-416a-88c0-6cd185ea123d
      X-Runtime:
      - '0.021196'
      Server-Timing:
      - start_processing.action_controller;dur=0.00, sql.active_record;dur=3.69, instantiation.active_record;dur=0.17,
        transaction.active_record;dur=15.99, process_action.action_controller;dur=17.20
    body:
      encoding: UTF-8
      string: ''
  recorded_at: Tue, 16 Apr 2024 18:56:25 GMT
- request:
    method: delete
    uri: http://127.0.0.1:3000/api/v1/trips/479?user_id=1
    body:
      encoding: US-ASCII
      string: ''
    headers:
      User-Agent:
      - Faraday v2.9.0
      Accept-Encoding:
      - gzip;q=1.0,deflate;q=0.6,identity;q=0.3
      Accept:
      - "*/*"
  response:
    status:
      code: 204
      message: No Content
    headers:
      X-Frame-Options:
      - SAMEORIGIN
      X-Xss-Protection:
      - '0'
      X-Content-Type-Options:
      - nosniff
      X-Permitted-Cross-Domain-Policies:
      - none
      Referrer-Policy:
      - strict-origin-when-cross-origin
      Cache-Control:
      - no-cache
      X-Request-Id:
      - 6a69def0-58e2-42cc-98fc-d1d7f8381532
      X-Runtime:
      - '0.020812'
      Server-Timing:
      - start_processing.action_controller;dur=0.00, sql.active_record;dur=4.91, instantiation.active_record;dur=0.16,
        transaction.active_record;dur=15.54, process_action.action_controller;dur=16.78
    body:
      encoding: UTF-8
      string: ''
  recorded_at: Tue, 16 Apr 2024 18:57:52 GMT
- request:
    method: delete
    uri: http://127.0.0.1:3000/api/v1/trips/497?user_id=1
    body:
      encoding: US-ASCII
      string: ''
    headers:
      User-Agent:
      - Faraday v2.9.0
      Accept-Encoding:
      - gzip;q=1.0,deflate;q=0.6,identity;q=0.3
      Accept:
      - "*/*"
  response:
    status:
      code: 204
      message: No Content
    headers:
      X-Frame-Options:
      - SAMEORIGIN
      X-Xss-Protection:
      - '0'
      X-Content-Type-Options:
      - nosniff
      X-Permitted-Cross-Domain-Policies:
      - none
      Referrer-Policy:
      - strict-origin-when-cross-origin
      Cache-Control:
      - no-cache
      X-Request-Id:
      - 4f62f5c9-c750-42cd-a12d-e77f2f61b1e3
      X-Runtime:
      - '0.021903'
      Server-Timing:
      - start_processing.action_controller;dur=0.00, sql.active_record;dur=4.08, instantiation.active_record;dur=0.18,
        transaction.active_record;dur=16.06, process_action.action_controller;dur=18.28
    body:
      encoding: UTF-8
      string: ''
  recorded_at: Tue, 16 Apr 2024 19:00:17 GMT
- request:
    method: delete
    uri: http://127.0.0.1:3000/api/v1/trips/767?user_id=1
    body:
      encoding: US-ASCII
      string: ''
    headers:
      User-Agent:
      - Faraday v2.9.0
      Accept-Encoding:
      - gzip;q=1.0,deflate;q=0.6,identity;q=0.3
      Accept:
      - "*/*"
  response:
    status:
      code: 204
      message: No Content
    headers:
      X-Frame-Options:
      - SAMEORIGIN
      X-Xss-Protection:
      - '0'
      X-Content-Type-Options:
      - nosniff
      X-Permitted-Cross-Domain-Policies:
      - none
      Referrer-Policy:
      - strict-origin-when-cross-origin
      Cache-Control:
      - no-cache
      X-Request-Id:
      - 94908eb1-8c07-4394-ab9a-aad24a586f55
      X-Runtime:
      - '0.019050'
      Server-Timing:
      - start_processing.action_controller;dur=0.00, sql.active_record;dur=3.95, instantiation.active_record;dur=0.39,
        transaction.active_record;dur=14.40, process_action.action_controller;dur=15.45
    body:
      encoding: UTF-8
      string: ''
  recorded_at: Tue, 16 Apr 2024 22:14:44 GMT
- request:
    method: delete
    uri: http://127.0.0.1:3000/api/v1/trips/785?user_id=1
    body:
      encoding: US-ASCII
      string: ''
    headers:
      User-Agent:
      - Faraday v2.9.0
      Accept-Encoding:
      - gzip;q=1.0,deflate;q=0.6,identity;q=0.3
      Accept:
      - "*/*"
  response:
    status:
      code: 204
      message: No Content
    headers:
      X-Frame-Options:
      - SAMEORIGIN
      X-Xss-Protection:
      - '0'
      X-Content-Type-Options:
      - nosniff
      X-Permitted-Cross-Domain-Policies:
      - none
      Referrer-Policy:
      - strict-origin-when-cross-origin
      Cache-Control:
      - no-cache
      X-Request-Id:
      - 833c3391-e3c6-4f43-9744-2ef05cb0b0ff
      X-Runtime:
      - '0.022925'
      Server-Timing:
      - start_processing.action_controller;dur=0.00, sql.active_record;dur=7.46, instantiation.active_record;dur=0.17,
        transaction.active_record;dur=17.60, process_action.action_controller;dur=18.72
    body:
      encoding: UTF-8
      string: ''
  recorded_at: Wed, 17 Apr 2024 02:26:19 GMT
- request:
    method: delete
    uri: http://127.0.0.1:3000/api/v1/trips/803?user_id=1
    body:
      encoding: US-ASCII
      string: ''
    headers:
      User-Agent:
      - Faraday v2.9.0
      Accept-Encoding:
      - gzip;q=1.0,deflate;q=0.6,identity;q=0.3
      Accept:
      - "*/*"
  response:
    status:
      code: 204
      message: No Content
    headers:
      X-Frame-Options:
      - SAMEORIGIN
      X-Xss-Protection:
      - '0'
      X-Content-Type-Options:
      - nosniff
      X-Permitted-Cross-Domain-Policies:
      - none
      Referrer-Policy:
      - strict-origin-when-cross-origin
      Cache-Control:
      - no-cache
      X-Request-Id:
      - 2c0e7de7-18b9-4264-9da1-42b7abc42a50
      X-Runtime:
      - '0.029954'
      Server-Timing:
      - start_processing.action_controller;dur=0.00, sql.active_record;dur=6.41, instantiation.active_record;dur=0.19,
        transaction.active_record;dur=17.99, process_action.action_controller;dur=26.06
    body:
      encoding: UTF-8
      string: ''
  recorded_at: Wed, 17 Apr 2024 02:50:45 GMT
- request:
    method: delete
    uri: http://127.0.0.1:3000/api/v1/trips/821?user_id=1
    body:
      encoding: US-ASCII
      string: ''
    headers:
      User-Agent:
      - Faraday v2.9.0
      Accept-Encoding:
      - gzip;q=1.0,deflate;q=0.6,identity;q=0.3
      Accept:
      - "*/*"
  response:
    status:
      code: 204
      message: No Content
    headers:
      X-Frame-Options:
      - SAMEORIGIN
      X-Xss-Protection:
      - '0'
      X-Content-Type-Options:
      - nosniff
      X-Permitted-Cross-Domain-Policies:
      - none
      Referrer-Policy:
      - strict-origin-when-cross-origin
      Cache-Control:
      - no-cache
      X-Request-Id:
      - 195ecbfb-e9cc-4d0d-bf0e-96f7250b599f
      X-Runtime:
      - '0.021365'
      Server-Timing:
      - start_processing.action_controller;dur=0.00, sql.active_record;dur=5.20, instantiation.active_record;dur=0.17,
        transaction.active_record;dur=15.90, process_action.action_controller;dur=17.42
    body:
      encoding: UTF-8
      string: ''
  recorded_at: Wed, 17 Apr 2024 02:51:03 GMT
- request:
    method: delete
    uri: http://127.0.0.1:3000/api/v1/trips/839?user_id=1
    body:
      encoding: US-ASCII
      string: ''
    headers:
      User-Agent:
      - Faraday v2.9.0
      Accept-Encoding:
      - gzip;q=1.0,deflate;q=0.6,identity;q=0.3
      Accept:
      - "*/*"
  response:
    status:
      code: 204
      message: No Content
    headers:
      X-Frame-Options:
      - SAMEORIGIN
      X-Xss-Protection:
      - '0'
      X-Content-Type-Options:
      - nosniff
      X-Permitted-Cross-Domain-Policies:
      - none
      Referrer-Policy:
      - strict-origin-when-cross-origin
      Cache-Control:
      - no-cache
      X-Request-Id:
      - 92199591-5fb4-453c-9ce2-fc6001defb1b
      X-Runtime:
      - '0.020999'
      Server-Timing:
      - start_processing.action_controller;dur=0.00, sql.active_record;dur=3.88, instantiation.active_record;dur=0.18,
        transaction.active_record;dur=14.54, process_action.action_controller;dur=16.57
    body:
      encoding: UTF-8
      string: ''
  recorded_at: Wed, 17 Apr 2024 04:30:31 GMT
- request:
    method: delete
    uri: http://127.0.0.1:3000/api/v1/trips/857?user_id=1
    body:
      encoding: US-ASCII
      string: ''
    headers:
      User-Agent:
      - Faraday v2.9.0
      Accept-Encoding:
      - gzip;q=1.0,deflate;q=0.6,identity;q=0.3
      Accept:
      - "*/*"
  response:
    status:
      code: 204
      message: No Content
    headers:
      X-Frame-Options:
      - SAMEORIGIN
      X-Xss-Protection:
      - '0'
      X-Content-Type-Options:
      - nosniff
      X-Permitted-Cross-Domain-Policies:
      - none
      Referrer-Policy:
      - strict-origin-when-cross-origin
      Cache-Control:
      - no-cache
      X-Request-Id:
      - 254c3a3b-ce1d-45eb-be03-a4adf28d122a
      X-Runtime:
      - '0.022941'
      Server-Timing:
      - start_processing.action_controller;dur=0.00, sql.active_record;dur=6.46, instantiation.active_record;dur=0.19,
        transaction.active_record;dur=16.06, process_action.action_controller;dur=18.80
    body:
      encoding: UTF-8
      string: ''
  recorded_at: Wed, 17 Apr 2024 13:21:40 GMT
- request:
    method: delete
    uri: http://127.0.0.1:3000/api/v1/trips/875?user_id=1
    body:
      encoding: US-ASCII
      string: ''
    headers:
      User-Agent:
      - Faraday v2.9.0
      Accept-Encoding:
      - gzip;q=1.0,deflate;q=0.6,identity;q=0.3
      Accept:
      - "*/*"
  response:
    status:
      code: 204
      message: No Content
    headers:
      X-Frame-Options:
      - SAMEORIGIN
      X-Xss-Protection:
      - '0'
      X-Content-Type-Options:
      - nosniff
      X-Permitted-Cross-Domain-Policies:
      - none
      Referrer-Policy:
      - strict-origin-when-cross-origin
      Cache-Control:
      - no-cache
      X-Request-Id:
      - d419baa6-57fe-40dd-a677-a3bba92b3e9c
      X-Runtime:
      - '0.021227'
      Server-Timing:
      - start_processing.action_controller;dur=0.00, sql.active_record;dur=5.53, instantiation.active_record;dur=0.17,
        transaction.active_record;dur=16.00, process_action.action_controller;dur=17.58
    body:
      encoding: UTF-8
      string: ''
  recorded_at: Wed, 17 Apr 2024 13:47:28 GMT
- request:
    method: delete
    uri: http://127.0.0.1:3000/api/v1/trips/893?user_id=1
    body:
      encoding: US-ASCII
      string: ''
    headers:
      User-Agent:
      - Faraday v2.9.0
      Accept-Encoding:
      - gzip;q=1.0,deflate;q=0.6,identity;q=0.3
      Accept:
      - "*/*"
  response:
    status:
      code: 204
      message: No Content
    headers:
      X-Frame-Options:
      - SAMEORIGIN
      X-Xss-Protection:
      - '0'
      X-Content-Type-Options:
      - nosniff
      X-Permitted-Cross-Domain-Policies:
      - none
      Referrer-Policy:
      - strict-origin-when-cross-origin
      Cache-Control:
      - no-cache
      X-Request-Id:
      - 59f93bf8-4b80-4562-8def-60d19f75cb99
      X-Runtime:
      - '0.021336'
      Server-Timing:
      - start_processing.action_controller;dur=0.00, sql.active_record;dur=5.12, instantiation.active_record;dur=0.18,
        transaction.active_record;dur=16.39, process_action.action_controller;dur=17.43
    body:
      encoding: UTF-8
      string: ''
  recorded_at: Wed, 17 Apr 2024 14:18:30 GMT
- request:
    method: delete
    uri: http://127.0.0.1:3000/api/v1/trips/911?user_id=1
    body:
      encoding: US-ASCII
      string: ''
    headers:
      User-Agent:
      - Faraday v2.9.0
      Accept-Encoding:
      - gzip;q=1.0,deflate;q=0.6,identity;q=0.3
      Accept:
      - "*/*"
  response:
    status:
      code: 204
      message: No Content
    headers:
      X-Frame-Options:
      - SAMEORIGIN
      X-Xss-Protection:
      - '0'
      X-Content-Type-Options:
      - nosniff
      X-Permitted-Cross-Domain-Policies:
      - none
      Referrer-Policy:
      - strict-origin-when-cross-origin
      Cache-Control:
      - no-cache
      X-Request-Id:
      - ae7e02a9-5a20-4706-bc42-4cd4340246d9
      X-Runtime:
      - '0.029841'
      Server-Timing:
      - start_processing.action_controller;dur=0.00, sql.active_record;dur=10.13,
        instantiation.active_record;dur=0.18, transaction.active_record;dur=24.50,
        process_action.action_controller;dur=25.82
    body:
      encoding: UTF-8
      string: ''
  recorded_at: Wed, 17 Apr 2024 14:19:49 GMT
- request:
    method: delete
    uri: http://127.0.0.1:3000/api/v1/trips/929?user_id=1
    body:
      encoding: US-ASCII
      string: ''
    headers:
      User-Agent:
      - Faraday v2.9.0
      Accept-Encoding:
      - gzip;q=1.0,deflate;q=0.6,identity;q=0.3
      Accept:
      - "*/*"
  response:
    status:
      code: 204
      message: No Content
    headers:
      X-Frame-Options:
      - SAMEORIGIN
      X-Xss-Protection:
      - '0'
      X-Content-Type-Options:
      - nosniff
      X-Permitted-Cross-Domain-Policies:
      - none
      Referrer-Policy:
      - strict-origin-when-cross-origin
      Cache-Control:
      - no-cache
      X-Request-Id:
      - 27271770-bddd-4760-9b5d-74cb62adb607
      X-Runtime:
      - '0.025435'
      Server-Timing:
      - start_processing.action_controller;dur=0.00, sql.active_record;dur=6.64, instantiation.active_record;dur=0.18,
        transaction.active_record;dur=17.76, process_action.action_controller;dur=21.05
    body:
      encoding: UTF-8
      string: ''
  recorded_at: Wed, 17 Apr 2024 14:20:03 GMT
- request:
    method: delete
    uri: http://127.0.0.1:3000/api/v1/trips/947?user_id=1
    body:
      encoding: US-ASCII
      string: ''
    headers:
      User-Agent:
      - Faraday v2.9.0
      Accept-Encoding:
      - gzip;q=1.0,deflate;q=0.6,identity;q=0.3
      Accept:
      - "*/*"
  response:
    status:
      code: 204
      message: No Content
    headers:
      X-Frame-Options:
      - SAMEORIGIN
      X-Xss-Protection:
      - '0'
      X-Content-Type-Options:
      - nosniff
      X-Permitted-Cross-Domain-Policies:
      - none
      Referrer-Policy:
      - strict-origin-when-cross-origin
      Cache-Control:
      - no-cache
      X-Request-Id:
      - 5c83786e-0486-4661-a85a-6b49ea248f88
      X-Runtime:
      - '0.022235'
      Server-Timing:
      - start_processing.action_controller;dur=0.00, sql.active_record;dur=5.21, instantiation.active_record;dur=0.18,
        transaction.active_record;dur=16.49, process_action.action_controller;dur=17.79
    body:
      encoding: UTF-8
      string: ''
  recorded_at: Wed, 17 Apr 2024 14:22:58 GMT
- request:
    method: delete
    uri: http://127.0.0.1:3000/api/v1/trips/965?user_id=1
    body:
      encoding: US-ASCII
      string: ''
    headers:
      User-Agent:
      - Faraday v2.9.0
      Accept-Encoding:
      - gzip;q=1.0,deflate;q=0.6,identity;q=0.3
      Accept:
      - "*/*"
  response:
    status:
      code: 204
      message: No Content
    headers:
      X-Frame-Options:
      - SAMEORIGIN
      X-Xss-Protection:
      - '0'
      X-Content-Type-Options:
      - nosniff
      X-Permitted-Cross-Domain-Policies:
      - none
      Referrer-Policy:
      - strict-origin-when-cross-origin
      Cache-Control:
      - no-cache
      X-Request-Id:
      - 95d4c925-fb2a-4cc0-8766-6262ce325280
      X-Runtime:
      - '0.030363'
      Server-Timing:
      - start_processing.action_controller;dur=0.00, sql.active_record;dur=13.79,
        instantiation.active_record;dur=0.24, transaction.active_record;dur=24.91,
        process_action.action_controller;dur=26.13
    body:
      encoding: UTF-8
      string: ''
  recorded_at: Wed, 17 Apr 2024 14:26:23 GMT
- request:
    method: delete
    uri: http://127.0.0.1:3000/api/v1/trips/983?user_id=1
    body:
      encoding: US-ASCII
      string: ''
    headers:
      User-Agent:
      - Faraday v2.9.0
      Accept-Encoding:
      - gzip;q=1.0,deflate;q=0.6,identity;q=0.3
      Accept:
      - "*/*"
  response:
    status:
      code: 204
      message: No Content
    headers:
      X-Frame-Options:
      - SAMEORIGIN
      X-Xss-Protection:
      - '0'
      X-Content-Type-Options:
      - nosniff
      X-Permitted-Cross-Domain-Policies:
      - none
      Referrer-Policy:
      - strict-origin-when-cross-origin
      Cache-Control:
      - no-cache
      X-Request-Id:
      - a1f1d5e9-5882-4df3-81a1-a69db128c037
      X-Runtime:
      - '0.021307'
      Server-Timing:
      - start_processing.action_controller;dur=0.00, sql.active_record;dur=5.49, instantiation.active_record;dur=0.16,
        transaction.active_record;dur=16.44, process_action.action_controller;dur=17.62
    body:
      encoding: UTF-8
      string: ''
  recorded_at: Wed, 17 Apr 2024 14:26:48 GMT
- request:
    method: delete
    uri: http://127.0.0.1:3000/api/v1/trips/1001?user_id=1
    body:
      encoding: US-ASCII
      string: ''
    headers:
      User-Agent:
      - Faraday v2.9.0
      Accept-Encoding:
      - gzip;q=1.0,deflate;q=0.6,identity;q=0.3
      Accept:
      - "*/*"
  response:
    status:
      code: 204
      message: No Content
    headers:
      X-Frame-Options:
      - SAMEORIGIN
      X-Xss-Protection:
      - '0'
      X-Content-Type-Options:
      - nosniff
      X-Permitted-Cross-Domain-Policies:
      - none
      Referrer-Policy:
      - strict-origin-when-cross-origin
      Cache-Control:
      - no-cache
      X-Request-Id:
      - 5c456a47-71a6-44ef-8c01-88617c7e5f1d
      X-Runtime:
      - '0.021602'
      Server-Timing:
      - start_processing.action_controller;dur=0.00, sql.active_record;dur=5.59, instantiation.active_record;dur=0.76,
        transaction.active_record;dur=16.64, process_action.action_controller;dur=17.80
    body:
      encoding: UTF-8
      string: ''
  recorded_at: Wed, 17 Apr 2024 14:27:52 GMT
- request:
    method: delete
    uri: http://127.0.0.1:3000/api/v1/trips/1019?user_id=1
    body:
      encoding: US-ASCII
      string: ''
    headers:
      User-Agent:
      - Faraday v2.9.0
      Accept-Encoding:
      - gzip;q=1.0,deflate;q=0.6,identity;q=0.3
      Accept:
      - "*/*"
  response:
    status:
      code: 204
      message: No Content
    headers:
      X-Frame-Options:
      - SAMEORIGIN
      X-Xss-Protection:
      - '0'
      X-Content-Type-Options:
      - nosniff
      X-Permitted-Cross-Domain-Policies:
      - none
      Referrer-Policy:
      - strict-origin-when-cross-origin
      Cache-Control:
      - no-cache
      X-Request-Id:
      - cb9a413a-5485-4c6d-8fc7-b70531c39979
      X-Runtime:
      - '0.029890'
      Server-Timing:
      - start_processing.action_controller;dur=0.00, sql.active_record;dur=9.92, instantiation.active_record;dur=0.20,
        transaction.active_record;dur=23.46, process_action.action_controller;dur=25.74
    body:
      encoding: UTF-8
      string: ''
  recorded_at: Wed, 17 Apr 2024 14:28:51 GMT
- request:
    method: delete
    uri: http://127.0.0.1:3000/api/v1/trips/1037?user_id=1
    body:
      encoding: US-ASCII
      string: ''
    headers:
      User-Agent:
      - Faraday v2.9.0
      Accept-Encoding:
      - gzip;q=1.0,deflate;q=0.6,identity;q=0.3
      Accept:
      - "*/*"
  response:
    status:
      code: 204
      message: No Content
    headers:
      X-Frame-Options:
      - SAMEORIGIN
      X-Xss-Protection:
      - '0'
      X-Content-Type-Options:
      - nosniff
      X-Permitted-Cross-Domain-Policies:
      - none
      Referrer-Policy:
      - strict-origin-when-cross-origin
      Cache-Control:
      - no-cache
      X-Request-Id:
      - 91412597-44b5-4d02-9e9e-d7082ee0032e
      X-Runtime:
      - '0.022520'
      Server-Timing:
      - start_processing.action_controller;dur=0.00, sql.active_record;dur=5.23, instantiation.active_record;dur=0.18,
        transaction.active_record;dur=17.68, process_action.action_controller;dur=18.77
    body:
      encoding: UTF-8
      string: ''
  recorded_at: Wed, 17 Apr 2024 14:29:03 GMT
- request:
    method: delete
    uri: http://127.0.0.1:3000/api/v1/trips/1055?user_id=1
    body:
      encoding: US-ASCII
      string: ''
    headers:
      User-Agent:
      - Faraday v2.9.0
      Accept-Encoding:
      - gzip;q=1.0,deflate;q=0.6,identity;q=0.3
      Accept:
      - "*/*"
  response:
    status:
      code: 204
      message: No Content
    headers:
      X-Frame-Options:
      - SAMEORIGIN
      X-Xss-Protection:
      - '0'
      X-Content-Type-Options:
      - nosniff
      X-Permitted-Cross-Domain-Policies:
      - none
      Referrer-Policy:
      - strict-origin-when-cross-origin
      Cache-Control:
      - no-cache
      X-Request-Id:
      - 0bf678bf-8786-431d-91cd-5be952c066f8
      X-Runtime:
      - '0.019338'
      Server-Timing:
      - start_processing.action_controller;dur=0.00, sql.active_record;dur=3.85, instantiation.active_record;dur=0.17,
        transaction.active_record;dur=14.37, process_action.action_controller;dur=15.56
    body:
      encoding: UTF-8
      string: ''
  recorded_at: Wed, 17 Apr 2024 14:33:15 GMT
- request:
    method: delete
    uri: http://127.0.0.1:3000/api/v1/trips/1073?user_id=1
    body:
      encoding: US-ASCII
      string: ''
    headers:
      User-Agent:
      - Faraday v2.9.0
      Accept-Encoding:
      - gzip;q=1.0,deflate;q=0.6,identity;q=0.3
      Accept:
      - "*/*"
  response:
    status:
      code: 204
      message: No Content
    headers:
      X-Frame-Options:
      - SAMEORIGIN
      X-Xss-Protection:
      - '0'
      X-Content-Type-Options:
      - nosniff
      X-Permitted-Cross-Domain-Policies:
      - none
      Referrer-Policy:
      - strict-origin-when-cross-origin
      Cache-Control:
      - no-cache
      X-Request-Id:
      - 000bf7ea-6570-483f-a87d-6ad3e142b59d
      X-Runtime:
      - '0.020120'
      Server-Timing:
      - start_processing.action_controller;dur=0.00, sql.active_record;dur=3.54, instantiation.active_record;dur=0.19,
        transaction.active_record;dur=14.68, process_action.action_controller;dur=15.85
    body:
      encoding: UTF-8
      string: ''
  recorded_at: Wed, 17 Apr 2024 14:33:53 GMT
- request:
    method: delete
    uri: http://127.0.0.1:3000/api/v1/trips/1091?user_id=1
    body:
      encoding: US-ASCII
      string: ''
    headers:
      User-Agent:
      - Faraday v2.9.0
      Accept-Encoding:
      - gzip;q=1.0,deflate;q=0.6,identity;q=0.3
      Accept:
      - "*/*"
  response:
    status:
      code: 204
      message: No Content
    headers:
      X-Frame-Options:
      - SAMEORIGIN
      X-Xss-Protection:
      - '0'
      X-Content-Type-Options:
      - nosniff
      X-Permitted-Cross-Domain-Policies:
      - none
      Referrer-Policy:
      - strict-origin-when-cross-origin
      Cache-Control:
      - no-cache
      X-Request-Id:
      - 4e3a98ee-d1c2-4e1a-acdd-dfa1336cbdcc
      X-Runtime:
      - '0.067900'
      Server-Timing:
      - start_processing.action_controller;dur=0.00, sql.active_record;dur=6.82, instantiation.active_record;dur=0.22,
        transaction.active_record;dur=62.88, process_action.action_controller;dur=64.25
    body:
      encoding: UTF-8
      string: ''
  recorded_at: Wed, 17 Apr 2024 14:37:22 GMT
- request:
    method: delete
    uri: http://127.0.0.1:3000/api/v1/trips/1109?user_id=1
    body:
      encoding: US-ASCII
      string: ''
    headers:
      User-Agent:
      - Faraday v2.9.0
      Accept-Encoding:
      - gzip;q=1.0,deflate;q=0.6,identity;q=0.3
      Accept:
      - "*/*"
  response:
    status:
      code: 204
      message: No Content
    headers:
      X-Frame-Options:
      - SAMEORIGIN
      X-Xss-Protection:
      - '0'
      X-Content-Type-Options:
      - nosniff
      X-Permitted-Cross-Domain-Policies:
      - none
      Referrer-Policy:
      - strict-origin-when-cross-origin
      Cache-Control:
      - no-cache
      X-Request-Id:
      - 0cca0c11-76cb-4503-a02a-f4766ec4f41b
      X-Runtime:
      - '0.022534'
      Server-Timing:
      - start_processing.action_controller;dur=0.00, sql.active_record;dur=7.10, instantiation.active_record;dur=0.16,
        transaction.active_record;dur=17.44, process_action.action_controller;dur=18.74
    body:
      encoding: UTF-8
      string: ''
  recorded_at: Wed, 17 Apr 2024 14:37:45 GMT
- request:
    method: delete
    uri: http://127.0.0.1:3000/api/v1/trips/1127?user_id=1
    body:
      encoding: US-ASCII
      string: ''
    headers:
      User-Agent:
      - Faraday v2.9.0
      Accept-Encoding:
      - gzip;q=1.0,deflate;q=0.6,identity;q=0.3
      Accept:
      - "*/*"
  response:
    status:
      code: 204
      message: No Content
    headers:
      X-Frame-Options:
      - SAMEORIGIN
      X-Xss-Protection:
      - '0'
      X-Content-Type-Options:
      - nosniff
      X-Permitted-Cross-Domain-Policies:
      - none
      Referrer-Policy:
      - strict-origin-when-cross-origin
      Cache-Control:
      - no-cache
      X-Request-Id:
      - f6226881-b1b6-4492-8bdf-ff3fe8e98f03
      X-Runtime:
      - '0.025402'
      Server-Timing:
      - start_processing.action_controller;dur=0.00, sql.active_record;dur=7.21, instantiation.active_record;dur=0.18,
        transaction.active_record;dur=19.84, process_action.action_controller;dur=21.18
    body:
      encoding: UTF-8
      string: ''
  recorded_at: Wed, 17 Apr 2024 14:41:09 GMT
- request:
    method: delete
    uri: http://127.0.0.1:3000/api/v1/trips/1145?user_id=1
    body:
      encoding: US-ASCII
      string: ''
    headers:
      User-Agent:
      - Faraday v2.9.0
      Accept-Encoding:
      - gzip;q=1.0,deflate;q=0.6,identity;q=0.3
      Accept:
      - "*/*"
  response:
    status:
      code: 204
      message: No Content
    headers:
      X-Frame-Options:
      - SAMEORIGIN
      X-Xss-Protection:
      - '0'
      X-Content-Type-Options:
      - nosniff
      X-Permitted-Cross-Domain-Policies:
      - none
      Referrer-Policy:
      - strict-origin-when-cross-origin
      Cache-Control:
      - no-cache
      X-Request-Id:
      - 2da53d75-ce5c-4e17-8686-c400cb2bb115
      X-Runtime:
      - '0.019194'
      Server-Timing:
      - start_processing.action_controller;dur=0.00, sql.active_record;dur=3.62, instantiation.active_record;dur=0.17,
        transaction.active_record;dur=14.31, process_action.action_controller;dur=15.44
    body:
      encoding: UTF-8
      string: ''
  recorded_at: Wed, 17 Apr 2024 14:41:28 GMT
- request:
    method: delete
    uri: http://127.0.0.1:3000/api/v1/trips/1163?user_id=1
    body:
      encoding: US-ASCII
      string: ''
    headers:
      User-Agent:
      - Faraday v2.9.0
      Accept-Encoding:
      - gzip;q=1.0,deflate;q=0.6,identity;q=0.3
      Accept:
      - "*/*"
  response:
    status:
      code: 204
      message: No Content
    headers:
      X-Frame-Options:
      - SAMEORIGIN
      X-Xss-Protection:
      - '0'
      X-Content-Type-Options:
      - nosniff
      X-Permitted-Cross-Domain-Policies:
      - none
      Referrer-Policy:
      - strict-origin-when-cross-origin
      Cache-Control:
      - no-cache
      X-Request-Id:
      - 325eb72a-22fd-48f9-89ab-8bd7163c8048
      X-Runtime:
      - '0.019340'
      Server-Timing:
      - start_processing.action_controller;dur=0.00, sql.active_record;dur=3.72, instantiation.active_record;dur=0.17,
        transaction.active_record;dur=13.92, process_action.action_controller;dur=15.02
    body:
      encoding: UTF-8
      string: ''
  recorded_at: Wed, 17 Apr 2024 14:42:25 GMT
- request:
    method: delete
    uri: http://127.0.0.1:3000/api/v1/trips/1181?user_id=1
    body:
      encoding: US-ASCII
      string: ''
    headers:
      User-Agent:
      - Faraday v2.9.0
      Accept-Encoding:
      - gzip;q=1.0,deflate;q=0.6,identity;q=0.3
      Accept:
      - "*/*"
  response:
    status:
      code: 204
      message: No Content
    headers:
      X-Frame-Options:
      - SAMEORIGIN
      X-Xss-Protection:
      - '0'
      X-Content-Type-Options:
      - nosniff
      X-Permitted-Cross-Domain-Policies:
      - none
      Referrer-Policy:
      - strict-origin-when-cross-origin
      Cache-Control:
      - no-cache
      X-Request-Id:
      - 952a0340-0e63-4244-a9e5-ad90c0dfa843
      X-Runtime:
      - '0.019480'
      Server-Timing:
      - start_processing.action_controller;dur=0.00, sql.active_record;dur=3.25, instantiation.active_record;dur=0.18,
        transaction.active_record;dur=13.60, process_action.action_controller;dur=15.01
    body:
      encoding: UTF-8
      string: ''
  recorded_at: Wed, 17 Apr 2024 14:43:10 GMT
- request:
    method: post
    uri: http://127.0.0.1:3000/api/v1/trips
    body:
      encoding: UTF-8
      string: trip%5Bend_date%5D=2024-04-30&trip%5Blocation%5D=Japan&trip%5Bname%5D=Trip+To+Japan&trip%5Bstart_date%5D=2024-04-20&trip%5Bstatus%5D=in_progress&trip%5Btotal_budget%5D=1000&trip%5Buser_id%5D=1
    headers:
      User-Agent:
      - Faraday v2.9.0
      Content-Type:
      - application/x-www-form-urlencoded
      Accept-Encoding:
      - gzip;q=1.0,deflate;q=0.6,identity;q=0.3
      Accept:
      - "*/*"
  response:
    status:
      code: 201
      message: Created
    headers:
      X-Frame-Options:
      - SAMEORIGIN
      X-Xss-Protection:
      - '0'
      X-Content-Type-Options:
      - nosniff
      X-Permitted-Cross-Domain-Policies:
      - none
      Referrer-Policy:
      - strict-origin-when-cross-origin
      Content-Type:
      - application/json; charset=utf-8
      Vary:
      - Accept
      Etag:
      - W/"ae888c42bc85b27b215a87b771aa1d48"
      Cache-Control:
      - max-age=0, private, must-revalidate
      X-Request-Id:
      - 20aa958b-1e41-463e-b370-7e17b262cf48
      X-Runtime:
      - '0.033696'
      Server-Timing:
      - start_processing.action_controller;dur=0.00, sql.active_record;dur=12.52,
        transaction.active_record;dur=12.22, instantiation.active_record;dur=0.10,
        process_action.action_controller;dur=28.49
      Content-Length:
      - '1725'
    body:
      encoding: UTF-8
      string: '{"data":{"id":"1199","type":"trip","attributes":{"name":"Trip To Japan","location":"Japan","start_date":"2024-04-20T00:00:00.000Z","end_date":"2024-04-30T00:00:00.000Z","status":"in_progress","total_budget":1000,"total_expenses":0},"relationships":{"daily_itineraries":{"data":[{"id":"13168","type":"daily_itinerary"},{"id":"13169","type":"daily_itinerary"},{"id":"13170","type":"daily_itinerary"},{"id":"13171","type":"daily_itinerary"},{"id":"13172","type":"daily_itinerary"},{"id":"13173","type":"daily_itinerary"},{"id":"13174","type":"daily_itinerary"},{"id":"13175","type":"daily_itinerary"},{"id":"13176","type":"daily_itinerary"},{"id":"13177","type":"daily_itinerary"},{"id":"13178","type":"daily_itinerary"}]}}},"included":[{"id":"13168","type":"daily_itinerary","attributes":{"trip_id":1199,"date":"2024-04-20"}},{"id":"13169","type":"daily_itinerary","attributes":{"trip_id":1199,"date":"2024-04-21"}},{"id":"13170","type":"daily_itinerary","attributes":{"trip_id":1199,"date":"2024-04-22"}},{"id":"13171","type":"daily_itinerary","attributes":{"trip_id":1199,"date":"2024-04-23"}},{"id":"13172","type":"daily_itinerary","attributes":{"trip_id":1199,"date":"2024-04-24"}},{"id":"13173","type":"daily_itinerary","attributes":{"trip_id":1199,"date":"2024-04-25"}},{"id":"13174","type":"daily_itinerary","attributes":{"trip_id":1199,"date":"2024-04-26"}},{"id":"13175","type":"daily_itinerary","attributes":{"trip_id":1199,"date":"2024-04-27"}},{"id":"13176","type":"daily_itinerary","attributes":{"trip_id":1199,"date":"2024-04-28"}},{"id":"13177","type":"daily_itinerary","attributes":{"trip_id":1199,"date":"2024-04-29"}},{"id":"13178","type":"daily_itinerary","attributes":{"trip_id":1199,"date":"2024-04-30"}}]}'
  recorded_at: Wed, 17 Apr 2024 14:43:26 GMT
- request:
    method: delete
    uri: http://127.0.0.1:3000/api/v1/trips/1199?user_id=1
    body:
      encoding: US-ASCII
      string: ''
    headers:
      User-Agent:
      - Faraday v2.9.0
      Accept-Encoding:
      - gzip;q=1.0,deflate;q=0.6,identity;q=0.3
      Accept:
      - "*/*"
  response:
    status:
      code: 204
      message: No Content
    headers:
      X-Frame-Options:
      - SAMEORIGIN
      X-Xss-Protection:
      - '0'
      X-Content-Type-Options:
      - nosniff
      X-Permitted-Cross-Domain-Policies:
      - none
      Referrer-Policy:
      - strict-origin-when-cross-origin
      Cache-Control:
      - no-cache
      X-Request-Id:
      - 38669f96-ea10-445e-937c-c73d6f96e702
      X-Runtime:
      - '0.018810'
      Server-Timing:
      - start_processing.action_controller;dur=0.00, sql.active_record;dur=2.73, instantiation.active_record;dur=0.16,
        transaction.active_record;dur=13.81, process_action.action_controller;dur=14.90
    body:
      encoding: UTF-8
      string: ''
  recorded_at: Wed, 17 Apr 2024 14:43:26 GMT
recorded_with: VCR 6.2.0
