---
http_interactions:
- request:
    method: delete
    uri: http://127.0.0.1:3000/api/v1/trips/525?user_id=100
    body:
      encoding: US-ASCII
      string: ''
    headers:
      User-Agent:
      - Faraday v2.9.0
      Accept-Encoding:
      - gzip;q=1.0,deflate;q=0.6,identity;q=0.3
      Accept:
      - "*/*"
  response:
    status:
      code: 204
      message: No Content
    headers:
      X-Frame-Options:
      - SAMEORIGIN
      X-Xss-Protection:
      - '0'
      X-Content-Type-Options:
      - nosniff
      X-Permitted-Cross-Domain-Policies:
      - none
      Referrer-Policy:
      - strict-origin-when-cross-origin
      Cache-Control:
      - no-cache
      X-Request-Id:
      - bcbe6ddc-a680-4007-803c-58ace876c5dd
      X-Runtime:
      - '0.012706'
    body:
      encoding: UTF-8
      string: ''
  recorded_at: Mon, 15 Apr 2024 07:01:16 GMT
- request:
    method: delete
    uri: http://127.0.0.1:3000/api/v1/trips/526?user_id=100
    body:
      encoding: US-ASCII
      string: ''
    headers:
      User-Agent:
      - Faraday v2.9.0
      Accept-Encoding:
      - gzip;q=1.0,deflate;q=0.6,identity;q=0.3
      Accept:
      - "*/*"
  response:
    status:
      code: 204
      message: No Content
    headers:
      X-Frame-Options:
      - SAMEORIGIN
      X-Xss-Protection:
      - '0'
      X-Content-Type-Options:
      - nosniff
      X-Permitted-Cross-Domain-Policies:
      - none
      Referrer-Policy:
      - strict-origin-when-cross-origin
      Cache-Control:
      - no-cache
      X-Request-Id:
      - 99eb7b69-d912-48a5-8aba-b7da062d0913
      X-Runtime:
      - '0.010685'
    body:
      encoding: UTF-8
      string: ''
  recorded_at: Mon, 15 Apr 2024 07:01:45 GMT
- request:
    method: delete
    uri: http://127.0.0.1:3000/api/v1/trips/527?user_id=100
    body:
      encoding: US-ASCII
      string: ''
    headers:
      User-Agent:
      - Faraday v2.9.0
      Accept-Encoding:
      - gzip;q=1.0,deflate;q=0.6,identity;q=0.3
      Accept:
      - "*/*"
  response:
    status:
      code: 204
      message: No Content
    headers:
      X-Frame-Options:
      - SAMEORIGIN
      X-Xss-Protection:
      - '0'
      X-Content-Type-Options:
      - nosniff
      X-Permitted-Cross-Domain-Policies:
      - none
      Referrer-Policy:
      - strict-origin-when-cross-origin
      Cache-Control:
      - no-cache
      X-Request-Id:
      - e810a67f-7d46-4910-8a1d-6ac1ea9b682d
      X-Runtime:
      - '0.009334'
    body:
      encoding: UTF-8
      string: ''
  recorded_at: Mon, 15 Apr 2024 07:01:45 GMT
- request:
    method: delete
    uri: http://127.0.0.1:3000/api/v1/trips/528?user_id=100
    body:
      encoding: US-ASCII
      string: ''
    headers:
      User-Agent:
      - Faraday v2.9.0
      Accept-Encoding:
      - gzip;q=1.0,deflate;q=0.6,identity;q=0.3
      Accept:
      - "*/*"
  response:
    status:
      code: 204
      message: No Content
    headers:
      X-Frame-Options:
      - SAMEORIGIN
      X-Xss-Protection:
      - '0'
      X-Content-Type-Options:
      - nosniff
      X-Permitted-Cross-Domain-Policies:
      - none
      Referrer-Policy:
      - strict-origin-when-cross-origin
      Cache-Control:
      - no-cache
      X-Request-Id:
      - f6cf6add-b807-471c-b697-0825348809d6
      X-Runtime:
      - '0.008917'
    body:
      encoding: UTF-8
      string: ''
  recorded_at: Mon, 15 Apr 2024 07:01:45 GMT
- request:
    method: delete
    uri: http://127.0.0.1:3000/api/v1/trips/529?user_id=100
    body:
      encoding: US-ASCII
      string: ''
    headers:
      User-Agent:
      - Faraday v2.9.0
      Accept-Encoding:
      - gzip;q=1.0,deflate;q=0.6,identity;q=0.3
      Accept:
      - "*/*"
  response:
    status:
      code: 204
      message: No Content
    headers:
      X-Frame-Options:
      - SAMEORIGIN
      X-Xss-Protection:
      - '0'
      X-Content-Type-Options:
      - nosniff
      X-Permitted-Cross-Domain-Policies:
      - none
      Referrer-Policy:
      - strict-origin-when-cross-origin
      Cache-Control:
      - no-cache
      X-Request-Id:
      - 22bf003d-bc8a-4c84-a7d0-62fb23fa1f7a
      X-Runtime:
      - '0.009841'
    body:
      encoding: UTF-8
      string: ''
  recorded_at: Mon, 15 Apr 2024 07:01:45 GMT
- request:
    method: delete
    uri: http://127.0.0.1:3000/api/v1/trips/587?user_id=100
    body:
      encoding: US-ASCII
      string: ''
    headers:
      User-Agent:
      - Faraday v2.9.0
      Accept-Encoding:
      - gzip;q=1.0,deflate;q=0.6,identity;q=0.3
      Accept:
      - "*/*"
  response:
    status:
      code: 204
      message: No Content
    headers:
      X-Frame-Options:
      - SAMEORIGIN
      X-Xss-Protection:
      - '0'
      X-Content-Type-Options:
      - nosniff
      X-Permitted-Cross-Domain-Policies:
      - none
      Referrer-Policy:
      - strict-origin-when-cross-origin
      Cache-Control:
      - no-cache
      X-Request-Id:
      - 173673ad-e059-4935-ba7b-3c20e324ac09
      X-Runtime:
      - '0.008588'
    body:
      encoding: UTF-8
      string: ''
  recorded_at: Mon, 15 Apr 2024 07:02:02 GMT
- request:
    method: delete
    uri: http://127.0.0.1:3000/api/v1/trips/588?user_id=100
    body:
      encoding: US-ASCII
      string: ''
    headers:
      User-Agent:
      - Faraday v2.9.0
      Accept-Encoding:
      - gzip;q=1.0,deflate;q=0.6,identity;q=0.3
      Accept:
      - "*/*"
  response:
    status:
      code: 204
      message: No Content
    headers:
      X-Frame-Options:
      - SAMEORIGIN
      X-Xss-Protection:
      - '0'
      X-Content-Type-Options:
      - nosniff
      X-Permitted-Cross-Domain-Policies:
      - none
      Referrer-Policy:
      - strict-origin-when-cross-origin
      Cache-Control:
      - no-cache
      X-Request-Id:
      - 620367d3-b2e3-440a-bf6e-7dd260c4a3ff
      X-Runtime:
      - '0.008728'
    body:
      encoding: UTF-8
      string: ''
  recorded_at: Mon, 15 Apr 2024 07:02:02 GMT
- request:
    method: delete
    uri: http://127.0.0.1:3000/api/v1/trips/589?user_id=100
    body:
      encoding: US-ASCII
      string: ''
    headers:
      User-Agent:
      - Faraday v2.9.0
      Accept-Encoding:
      - gzip;q=1.0,deflate;q=0.6,identity;q=0.3
      Accept:
      - "*/*"
  response:
    status:
      code: 204
      message: No Content
    headers:
      X-Frame-Options:
      - SAMEORIGIN
      X-Xss-Protection:
      - '0'
      X-Content-Type-Options:
      - nosniff
      X-Permitted-Cross-Domain-Policies:
      - none
      Referrer-Policy:
      - strict-origin-when-cross-origin
      Cache-Control:
      - no-cache
      X-Request-Id:
      - 71b632e9-7fc1-4fba-8076-cf3ba40aefe6
      X-Runtime:
      - '0.015911'
    body:
      encoding: UTF-8
      string: ''
  recorded_at: Mon, 15 Apr 2024 07:02:02 GMT
- request:
    method: delete
    uri: http://127.0.0.1:3000/api/v1/trips/590?user_id=100
    body:
      encoding: US-ASCII
      string: ''
    headers:
      User-Agent:
      - Faraday v2.9.0
      Accept-Encoding:
      - gzip;q=1.0,deflate;q=0.6,identity;q=0.3
      Accept:
      - "*/*"
  response:
    status:
      code: 204
      message: No Content
    headers:
      X-Frame-Options:
      - SAMEORIGIN
      X-Xss-Protection:
      - '0'
      X-Content-Type-Options:
      - nosniff
      X-Permitted-Cross-Domain-Policies:
      - none
      Referrer-Policy:
      - strict-origin-when-cross-origin
      Cache-Control:
      - no-cache
      X-Request-Id:
      - 47556637-766b-4648-b745-e927185d42cf
      X-Runtime:
      - '0.008620'
    body:
      encoding: UTF-8
      string: ''
  recorded_at: Mon, 15 Apr 2024 07:02:02 GMT
- request:
    method: delete
    uri: http://127.0.0.1:3000/api/v1/trips/591?user_id=100
    body:
      encoding: US-ASCII
      string: ''
    headers:
      User-Agent:
      - Faraday v2.9.0
      Accept-Encoding:
      - gzip;q=1.0,deflate;q=0.6,identity;q=0.3
      Accept:
      - "*/*"
  response:
    status:
      code: 204
      message: No Content
    headers:
      X-Frame-Options:
      - SAMEORIGIN
      X-Xss-Protection:
      - '0'
      X-Content-Type-Options:
      - nosniff
      X-Permitted-Cross-Domain-Policies:
      - none
      Referrer-Policy:
      - strict-origin-when-cross-origin
      Cache-Control:
      - no-cache
      X-Request-Id:
      - 51c991aa-7078-4a01-aeb0-ce6b4dfe5db9
      X-Runtime:
      - '0.009842'
    body:
      encoding: UTF-8
      string: ''
  recorded_at: Mon, 15 Apr 2024 07:02:02 GMT
- request:
    method: delete
    uri: http://127.0.0.1:3000/api/v1/trips/605?user_id=100
    body:
      encoding: US-ASCII
      string: ''
    headers:
      User-Agent:
      - Faraday v2.9.0
      Accept-Encoding:
      - gzip;q=1.0,deflate;q=0.6,identity;q=0.3
      Accept:
      - "*/*"
  response:
    status:
      code: 204
      message: No Content
    headers:
      X-Frame-Options:
      - SAMEORIGIN
      X-Xss-Protection:
      - '0'
      X-Content-Type-Options:
      - nosniff
      X-Permitted-Cross-Domain-Policies:
      - none
      Referrer-Policy:
      - strict-origin-when-cross-origin
      Cache-Control:
      - no-cache
      X-Request-Id:
      - 813f93f1-ac3e-4ad2-b2ab-221760a47490
      X-Runtime:
      - '0.008986'
    body:
      encoding: UTF-8
      string: ''
  recorded_at: Mon, 15 Apr 2024 15:13:14 GMT
- request:
    method: delete
    uri: http://127.0.0.1:3000/api/v1/trips/606?user_id=100
    body:
      encoding: US-ASCII
      string: ''
    headers:
      User-Agent:
      - Faraday v2.9.0
      Accept-Encoding:
      - gzip;q=1.0,deflate;q=0.6,identity;q=0.3
      Accept:
      - "*/*"
  response:
    status:
      code: 204
      message: No Content
    headers:
      X-Frame-Options:
      - SAMEORIGIN
      X-Xss-Protection:
      - '0'
      X-Content-Type-Options:
      - nosniff
      X-Permitted-Cross-Domain-Policies:
      - none
      Referrer-Policy:
      - strict-origin-when-cross-origin
      Cache-Control:
      - no-cache
      X-Request-Id:
      - 0bb3233a-bb56-410c-8515-7d7b5fa119dc
      X-Runtime:
      - '0.010653'
    body:
      encoding: UTF-8
      string: ''
  recorded_at: Mon, 15 Apr 2024 15:13:14 GMT
- request:
    method: delete
    uri: http://127.0.0.1:3000/api/v1/trips/607?user_id=100
    body:
      encoding: US-ASCII
      string: ''
    headers:
      User-Agent:
      - Faraday v2.9.0
      Accept-Encoding:
      - gzip;q=1.0,deflate;q=0.6,identity;q=0.3
      Accept:
      - "*/*"
  response:
    status:
      code: 204
      message: No Content
    headers:
      X-Frame-Options:
      - SAMEORIGIN
      X-Xss-Protection:
      - '0'
      X-Content-Type-Options:
      - nosniff
      X-Permitted-Cross-Domain-Policies:
      - none
      Referrer-Policy:
      - strict-origin-when-cross-origin
      Cache-Control:
      - no-cache
      X-Request-Id:
      - 5d9375d2-cba3-4cbf-8593-158bda00f4aa
      X-Runtime:
      - '0.009871'
    body:
      encoding: UTF-8
      string: ''
  recorded_at: Mon, 15 Apr 2024 15:13:14 GMT
- request:
    method: delete
    uri: http://127.0.0.1:3000/api/v1/trips/608?user_id=100
    body:
      encoding: US-ASCII
      string: ''
    headers:
      User-Agent:
      - Faraday v2.9.0
      Accept-Encoding:
      - gzip;q=1.0,deflate;q=0.6,identity;q=0.3
      Accept:
      - "*/*"
  response:
    status:
      code: 204
      message: No Content
    headers:
      X-Frame-Options:
      - SAMEORIGIN
      X-Xss-Protection:
      - '0'
      X-Content-Type-Options:
      - nosniff
      X-Permitted-Cross-Domain-Policies:
      - none
      Referrer-Policy:
      - strict-origin-when-cross-origin
      Cache-Control:
      - no-cache
      X-Request-Id:
      - 7aed5d00-fef5-4c6b-9cc3-ff023eb45d28
      X-Runtime:
      - '0.009940'
    body:
      encoding: UTF-8
      string: ''
  recorded_at: Mon, 15 Apr 2024 15:13:14 GMT
- request:
    method: delete
    uri: http://127.0.0.1:3000/api/v1/trips/609?user_id=100
    body:
      encoding: US-ASCII
      string: ''
    headers:
      User-Agent:
      - Faraday v2.9.0
      Accept-Encoding:
      - gzip;q=1.0,deflate;q=0.6,identity;q=0.3
      Accept:
      - "*/*"
  response:
    status:
      code: 204
      message: No Content
    headers:
      X-Frame-Options:
      - SAMEORIGIN
      X-Xss-Protection:
      - '0'
      X-Content-Type-Options:
      - nosniff
      X-Permitted-Cross-Domain-Policies:
      - none
      Referrer-Policy:
      - strict-origin-when-cross-origin
      Cache-Control:
      - no-cache
      X-Request-Id:
      - 178cc03c-f7c9-43a1-b49c-ba44e8cb3bfc
      X-Runtime:
      - '0.008318'
    body:
      encoding: UTF-8
      string: ''
  recorded_at: Mon, 15 Apr 2024 15:13:14 GMT
- request:
    method: delete
    uri: http://127.0.0.1:3000/api/v1/trips/623?user_id=100
    body:
      encoding: US-ASCII
      string: ''
    headers:
      User-Agent:
      - Faraday v2.9.0
      Accept-Encoding:
      - gzip;q=1.0,deflate;q=0.6,identity;q=0.3
      Accept:
      - "*/*"
  response:
    status:
      code: 204
      message: No Content
    headers:
      X-Frame-Options:
      - SAMEORIGIN
      X-Xss-Protection:
      - '0'
      X-Content-Type-Options:
      - nosniff
      X-Permitted-Cross-Domain-Policies:
      - none
      Referrer-Policy:
      - strict-origin-when-cross-origin
      Cache-Control:
      - no-cache
      X-Request-Id:
      - fd98b7fa-b273-4117-9aa2-167d95abc211
      X-Runtime:
      - '0.011948'
    body:
      encoding: UTF-8
      string: ''
  recorded_at: Mon, 15 Apr 2024 15:33:12 GMT
- request:
    method: delete
    uri: http://127.0.0.1:3000/api/v1/trips/624?user_id=100
    body:
      encoding: US-ASCII
      string: ''
    headers:
      User-Agent:
      - Faraday v2.9.0
      Accept-Encoding:
      - gzip;q=1.0,deflate;q=0.6,identity;q=0.3
      Accept:
      - "*/*"
  response:
    status:
      code: 204
      message: No Content
    headers:
      X-Frame-Options:
      - SAMEORIGIN
      X-Xss-Protection:
      - '0'
      X-Content-Type-Options:
      - nosniff
      X-Permitted-Cross-Domain-Policies:
      - none
      Referrer-Policy:
      - strict-origin-when-cross-origin
      Cache-Control:
      - no-cache
      X-Request-Id:
      - e0bb03b5-5cd0-4397-acba-cc9dae13688c
      X-Runtime:
      - '0.010441'
    body:
      encoding: UTF-8
      string: ''
  recorded_at: Mon, 15 Apr 2024 15:33:12 GMT
- request:
    method: delete
    uri: http://127.0.0.1:3000/api/v1/trips/625?user_id=100
    body:
      encoding: US-ASCII
      string: ''
    headers:
      User-Agent:
      - Faraday v2.9.0
      Accept-Encoding:
      - gzip;q=1.0,deflate;q=0.6,identity;q=0.3
      Accept:
      - "*/*"
  response:
    status:
      code: 204
      message: No Content
    headers:
      X-Frame-Options:
      - SAMEORIGIN
      X-Xss-Protection:
      - '0'
      X-Content-Type-Options:
      - nosniff
      X-Permitted-Cross-Domain-Policies:
      - none
      Referrer-Policy:
      - strict-origin-when-cross-origin
      Cache-Control:
      - no-cache
      X-Request-Id:
      - fb9af97a-0648-4d05-8d17-8c34b27c02d8
      X-Runtime:
      - '0.009942'
    body:
      encoding: UTF-8
      string: ''
  recorded_at: Mon, 15 Apr 2024 15:33:12 GMT
- request:
    method: delete
    uri: http://127.0.0.1:3000/api/v1/trips/626?user_id=100
    body:
      encoding: US-ASCII
      string: ''
    headers:
      User-Agent:
      - Faraday v2.9.0
      Accept-Encoding:
      - gzip;q=1.0,deflate;q=0.6,identity;q=0.3
      Accept:
      - "*/*"
  response:
    status:
      code: 204
      message: No Content
    headers:
      X-Frame-Options:
      - SAMEORIGIN
      X-Xss-Protection:
      - '0'
      X-Content-Type-Options:
      - nosniff
      X-Permitted-Cross-Domain-Policies:
      - none
      Referrer-Policy:
      - strict-origin-when-cross-origin
      Cache-Control:
      - no-cache
      X-Request-Id:
      - 591dc46a-3fbf-4478-8a68-820f88b9c058
      X-Runtime:
      - '0.010139'
    body:
      encoding: UTF-8
      string: ''
  recorded_at: Mon, 15 Apr 2024 15:33:12 GMT
- request:
    method: delete
    uri: http://127.0.0.1:3000/api/v1/trips/627?user_id=100
    body:
      encoding: US-ASCII
      string: ''
    headers:
      User-Agent:
      - Faraday v2.9.0
      Accept-Encoding:
      - gzip;q=1.0,deflate;q=0.6,identity;q=0.3
      Accept:
      - "*/*"
  response:
    status:
      code: 204
      message: No Content
    headers:
      X-Frame-Options:
      - SAMEORIGIN
      X-Xss-Protection:
      - '0'
      X-Content-Type-Options:
      - nosniff
      X-Permitted-Cross-Domain-Policies:
      - none
      Referrer-Policy:
      - strict-origin-when-cross-origin
      Cache-Control:
      - no-cache
      X-Request-Id:
      - 3ae0968b-c64d-4c08-a5c6-523a6aa4ac6c
      X-Runtime:
      - '0.021115'
    body:
      encoding: UTF-8
      string: ''
  recorded_at: Mon, 15 Apr 2024 15:33:12 GMT
- request:
    method: delete
    uri: http://127.0.0.1:3000/api/v1/trips/291?user_id=100
    body:
      encoding: US-ASCII
      string: ''
    headers:
      User-Agent:
      - Faraday v2.9.0
      Accept-Encoding:
      - gzip;q=1.0,deflate;q=0.6,identity;q=0.3
      Accept:
      - "*/*"
  response:
    status:
      code: 204
      message: No Content
    headers:
      X-Frame-Options:
      - SAMEORIGIN
      X-Xss-Protection:
      - '0'
      X-Content-Type-Options:
      - nosniff
      X-Permitted-Cross-Domain-Policies:
      - none
      Referrer-Policy:
      - strict-origin-when-cross-origin
      Cache-Control:
      - no-cache
      X-Request-Id:
      - 1b256d84-2927-4219-b85e-3f12093cf95a
      X-Runtime:
      - '0.021678'
      Server-Timing:
      - start_processing.action_controller;dur=0.00, sql.active_record;dur=6.45, instantiation.active_record;dur=0.16,
        transaction.active_record;dur=16.89, process_action.action_controller;dur=18.09
    body:
      encoding: UTF-8
      string: ''
  recorded_at: Tue, 16 Apr 2024 04:51:14 GMT
- request:
    method: delete
    uri: http://127.0.0.1:3000/api/v1/trips/292?user_id=100
    body:
      encoding: US-ASCII
      string: ''
    headers:
      User-Agent:
      - Faraday v2.9.0
      Accept-Encoding:
      - gzip;q=1.0,deflate;q=0.6,identity;q=0.3
      Accept:
      - "*/*"
  response:
    status:
      code: 204
      message: No Content
    headers:
      X-Frame-Options:
      - SAMEORIGIN
      X-Xss-Protection:
      - '0'
      X-Content-Type-Options:
      - nosniff
      X-Permitted-Cross-Domain-Policies:
      - none
      Referrer-Policy:
      - strict-origin-when-cross-origin
      Cache-Control:
      - no-cache
      X-Request-Id:
      - cd3e3287-a94b-467e-b9bd-60c2ae2e8627
      X-Runtime:
      - '0.025879'
      Server-Timing:
      - start_processing.action_controller;dur=0.00, sql.active_record;dur=8.70, instantiation.active_record;dur=0.19,
        transaction.active_record;dur=20.66, process_action.action_controller;dur=22.14
    body:
      encoding: UTF-8
      string: ''
  recorded_at: Tue, 16 Apr 2024 04:51:14 GMT
- request:
    method: delete
    uri: http://127.0.0.1:3000/api/v1/trips/293?user_id=100
    body:
      encoding: US-ASCII
      string: ''
    headers:
      User-Agent:
      - Faraday v2.9.0
      Accept-Encoding:
      - gzip;q=1.0,deflate;q=0.6,identity;q=0.3
      Accept:
      - "*/*"
  response:
    status:
      code: 204
      message: No Content
    headers:
      X-Frame-Options:
      - SAMEORIGIN
      X-Xss-Protection:
      - '0'
      X-Content-Type-Options:
      - nosniff
      X-Permitted-Cross-Domain-Policies:
      - none
      Referrer-Policy:
      - strict-origin-when-cross-origin
      Cache-Control:
      - no-cache
      X-Request-Id:
      - 33f880d0-169f-4204-9aa1-a3899ba0e955
      X-Runtime:
      - '0.032360'
      Server-Timing:
      - start_processing.action_controller;dur=0.00, sql.active_record;dur=12.99,
        instantiation.active_record;dur=0.25, transaction.active_record;dur=23.24,
        process_action.action_controller;dur=28.16
    body:
      encoding: UTF-8
      string: ''
  recorded_at: Tue, 16 Apr 2024 04:51:14 GMT
- request:
    method: delete
    uri: http://127.0.0.1:3000/api/v1/trips/294?user_id=100
    body:
      encoding: US-ASCII
      string: ''
    headers:
      User-Agent:
      - Faraday v2.9.0
      Accept-Encoding:
      - gzip;q=1.0,deflate;q=0.6,identity;q=0.3
      Accept:
      - "*/*"
  response:
    status:
      code: 204
      message: No Content
    headers:
      X-Frame-Options:
      - SAMEORIGIN
      X-Xss-Protection:
      - '0'
      X-Content-Type-Options:
      - nosniff
      X-Permitted-Cross-Domain-Policies:
      - none
      Referrer-Policy:
      - strict-origin-when-cross-origin
      Cache-Control:
      - no-cache
      X-Request-Id:
      - 35fb57a4-c0f4-44e3-9031-94dd0f3237ac
      X-Runtime:
      - '0.021377'
      Server-Timing:
      - start_processing.action_controller;dur=0.00, sql.active_record;dur=3.88, instantiation.active_record;dur=0.18,
        transaction.active_record;dur=16.31, process_action.action_controller;dur=17.57
    body:
      encoding: UTF-8
      string: ''
  recorded_at: Tue, 16 Apr 2024 04:51:14 GMT
- request:
    method: delete
    uri: http://127.0.0.1:3000/api/v1/trips/295?user_id=100
    body:
      encoding: US-ASCII
      string: ''
    headers:
      User-Agent:
      - Faraday v2.9.0
      Accept-Encoding:
      - gzip;q=1.0,deflate;q=0.6,identity;q=0.3
      Accept:
      - "*/*"
  response:
    status:
      code: 204
      message: No Content
    headers:
      X-Frame-Options:
      - SAMEORIGIN
      X-Xss-Protection:
      - '0'
      X-Content-Type-Options:
      - nosniff
      X-Permitted-Cross-Domain-Policies:
      - none
      Referrer-Policy:
      - strict-origin-when-cross-origin
      Cache-Control:
      - no-cache
      X-Request-Id:
      - 602b13d5-99a0-4ed1-9157-06d21cc11c00
      X-Runtime:
      - '0.048392'
      Server-Timing:
      - start_processing.action_controller;dur=0.00, sql.active_record;dur=25.99,
        instantiation.active_record;dur=0.24, transaction.active_record;dur=41.45,
        process_action.action_controller;dur=43.41
    body:
      encoding: UTF-8
      string: ''
  recorded_at: Tue, 16 Apr 2024 04:51:14 GMT
- request:
    method: get
    uri: http://127.0.0.1:3000/api/v1/trips?user_id=100
    body:
      encoding: US-ASCII
      string: ''
    headers:
      User-Agent:
      - Faraday v2.9.0
      Accept-Encoding:
      - gzip;q=1.0,deflate;q=0.6,identity;q=0.3
      Accept:
      - "*/*"
  response:
    status:
      code: 200
      message: OK
    headers:
      X-Frame-Options:
      - SAMEORIGIN
      X-Xss-Protection:
      - '0'
      X-Content-Type-Options:
      - nosniff
      X-Permitted-Cross-Domain-Policies:
      - none
      Referrer-Policy:
      - strict-origin-when-cross-origin
      Content-Type:
      - application/json; charset=utf-8
      Vary:
      - Accept
      Etag:
      - W/"f26f508576fdbc4e076c0aa6e6f2a261"
      Cache-Control:
      - max-age=0, private, must-revalidate
      X-Request-Id:
      - a9e01b17-0715-45f1-9112-9cf99f433af6
      X-Runtime:
      - '0.023954'
      Server-Timing:
      - start_processing.action_controller;dur=0.00, sql.active_record;dur=3.13, instantiation.active_record;dur=1.00,
        process_action.action_controller;dur=18.93
      Content-Length:
      - '7673'
    body:
      encoding: UTF-8
      string: '{"data":[{"id":"309","type":"trip","attributes":{"name":"Trip To Japan","location":"Japan"},"relationships":{"daily_itineraries":{"data":[{"id":"3378","type":"daily_itinerary"},{"id":"3379","type":"daily_itinerary"},{"id":"3380","type":"daily_itinerary"},{"id":"3381","type":"daily_itinerary"},{"id":"3382","type":"daily_itinerary"},{"id":"3383","type":"daily_itinerary"},{"id":"3384","type":"daily_itinerary"},{"id":"3385","type":"daily_itinerary"},{"id":"3386","type":"daily_itinerary"},{"id":"3387","type":"daily_itinerary"},{"id":"3388","type":"daily_itinerary"}]}}},{"id":"310","type":"trip","attributes":{"name":"Trip
        To Japan","location":"Japan"},"relationships":{"daily_itineraries":{"data":[{"id":"3389","type":"daily_itinerary"},{"id":"3390","type":"daily_itinerary"},{"id":"3391","type":"daily_itinerary"},{"id":"3392","type":"daily_itinerary"},{"id":"3393","type":"daily_itinerary"},{"id":"3394","type":"daily_itinerary"},{"id":"3395","type":"daily_itinerary"},{"id":"3396","type":"daily_itinerary"},{"id":"3397","type":"daily_itinerary"},{"id":"3398","type":"daily_itinerary"},{"id":"3399","type":"daily_itinerary"}]}}},{"id":"311","type":"trip","attributes":{"name":"Trip
        To Japan","location":"Japan"},"relationships":{"daily_itineraries":{"data":[{"id":"3400","type":"daily_itinerary"},{"id":"3401","type":"daily_itinerary"},{"id":"3402","type":"daily_itinerary"},{"id":"3403","type":"daily_itinerary"},{"id":"3404","type":"daily_itinerary"},{"id":"3405","type":"daily_itinerary"},{"id":"3406","type":"daily_itinerary"},{"id":"3407","type":"daily_itinerary"},{"id":"3408","type":"daily_itinerary"},{"id":"3409","type":"daily_itinerary"},{"id":"3410","type":"daily_itinerary"}]}}},{"id":"312","type":"trip","attributes":{"name":"Trip
        To Japan","location":"Japan"},"relationships":{"daily_itineraries":{"data":[{"id":"3411","type":"daily_itinerary"},{"id":"3412","type":"daily_itinerary"},{"id":"3413","type":"daily_itinerary"},{"id":"3414","type":"daily_itinerary"},{"id":"3415","type":"daily_itinerary"},{"id":"3416","type":"daily_itinerary"},{"id":"3417","type":"daily_itinerary"},{"id":"3418","type":"daily_itinerary"},{"id":"3419","type":"daily_itinerary"},{"id":"3420","type":"daily_itinerary"},{"id":"3421","type":"daily_itinerary"}]}}},{"id":"313","type":"trip","attributes":{"name":"Trip
        To Japan","location":"Japan"},"relationships":{"daily_itineraries":{"data":[{"id":"3422","type":"daily_itinerary"},{"id":"3423","type":"daily_itinerary"},{"id":"3424","type":"daily_itinerary"},{"id":"3425","type":"daily_itinerary"},{"id":"3426","type":"daily_itinerary"},{"id":"3427","type":"daily_itinerary"},{"id":"3428","type":"daily_itinerary"},{"id":"3429","type":"daily_itinerary"},{"id":"3430","type":"daily_itinerary"},{"id":"3431","type":"daily_itinerary"},{"id":"3432","type":"daily_itinerary"}]}}}],"included":[{"id":"3378","type":"daily_itinerary","attributes":{"trip_id":309,"date":"2024-04-20"}},{"id":"3379","type":"daily_itinerary","attributes":{"trip_id":309,"date":"2024-04-21"}},{"id":"3380","type":"daily_itinerary","attributes":{"trip_id":309,"date":"2024-04-22"}},{"id":"3381","type":"daily_itinerary","attributes":{"trip_id":309,"date":"2024-04-23"}},{"id":"3382","type":"daily_itinerary","attributes":{"trip_id":309,"date":"2024-04-24"}},{"id":"3383","type":"daily_itinerary","attributes":{"trip_id":309,"date":"2024-04-25"}},{"id":"3384","type":"daily_itinerary","attributes":{"trip_id":309,"date":"2024-04-26"}},{"id":"3385","type":"daily_itinerary","attributes":{"trip_id":309,"date":"2024-04-27"}},{"id":"3386","type":"daily_itinerary","attributes":{"trip_id":309,"date":"2024-04-28"}},{"id":"3387","type":"daily_itinerary","attributes":{"trip_id":309,"date":"2024-04-29"}},{"id":"3388","type":"daily_itinerary","attributes":{"trip_id":309,"date":"2024-04-30"}},{"id":"3389","type":"daily_itinerary","attributes":{"trip_id":310,"date":"2024-04-20"}},{"id":"3390","type":"daily_itinerary","attributes":{"trip_id":310,"date":"2024-04-21"}},{"id":"3391","type":"daily_itinerary","attributes":{"trip_id":310,"date":"2024-04-22"}},{"id":"3392","type":"daily_itinerary","attributes":{"trip_id":310,"date":"2024-04-23"}},{"id":"3393","type":"daily_itinerary","attributes":{"trip_id":310,"date":"2024-04-24"}},{"id":"3394","type":"daily_itinerary","attributes":{"trip_id":310,"date":"2024-04-25"}},{"id":"3395","type":"daily_itinerary","attributes":{"trip_id":310,"date":"2024-04-26"}},{"id":"3396","type":"daily_itinerary","attributes":{"trip_id":310,"date":"2024-04-27"}},{"id":"3397","type":"daily_itinerary","attributes":{"trip_id":310,"date":"2024-04-28"}},{"id":"3398","type":"daily_itinerary","attributes":{"trip_id":310,"date":"2024-04-29"}},{"id":"3399","type":"daily_itinerary","attributes":{"trip_id":310,"date":"2024-04-30"}},{"id":"3400","type":"daily_itinerary","attributes":{"trip_id":311,"date":"2024-04-20"}},{"id":"3401","type":"daily_itinerary","attributes":{"trip_id":311,"date":"2024-04-21"}},{"id":"3402","type":"daily_itinerary","attributes":{"trip_id":311,"date":"2024-04-22"}},{"id":"3403","type":"daily_itinerary","attributes":{"trip_id":311,"date":"2024-04-23"}},{"id":"3404","type":"daily_itinerary","attributes":{"trip_id":311,"date":"2024-04-24"}},{"id":"3405","type":"daily_itinerary","attributes":{"trip_id":311,"date":"2024-04-25"}},{"id":"3406","type":"daily_itinerary","attributes":{"trip_id":311,"date":"2024-04-26"}},{"id":"3407","type":"daily_itinerary","attributes":{"trip_id":311,"date":"2024-04-27"}},{"id":"3408","type":"daily_itinerary","attributes":{"trip_id":311,"date":"2024-04-28"}},{"id":"3409","type":"daily_itinerary","attributes":{"trip_id":311,"date":"2024-04-29"}},{"id":"3410","type":"daily_itinerary","attributes":{"trip_id":311,"date":"2024-04-30"}},{"id":"3411","type":"daily_itinerary","attributes":{"trip_id":312,"date":"2024-04-20"}},{"id":"3412","type":"daily_itinerary","attributes":{"trip_id":312,"date":"2024-04-21"}},{"id":"3413","type":"daily_itinerary","attributes":{"trip_id":312,"date":"2024-04-22"}},{"id":"3414","type":"daily_itinerary","attributes":{"trip_id":312,"date":"2024-04-23"}},{"id":"3415","type":"daily_itinerary","attributes":{"trip_id":312,"date":"2024-04-24"}},{"id":"3416","type":"daily_itinerary","attributes":{"trip_id":312,"date":"2024-04-25"}},{"id":"3417","type":"daily_itinerary","attributes":{"trip_id":312,"date":"2024-04-26"}},{"id":"3418","type":"daily_itinerary","attributes":{"trip_id":312,"date":"2024-04-27"}},{"id":"3419","type":"daily_itinerary","attributes":{"trip_id":312,"date":"2024-04-28"}},{"id":"3420","type":"daily_itinerary","attributes":{"trip_id":312,"date":"2024-04-29"}},{"id":"3421","type":"daily_itinerary","attributes":{"trip_id":312,"date":"2024-04-30"}},{"id":"3422","type":"daily_itinerary","attributes":{"trip_id":313,"date":"2024-04-20"}},{"id":"3423","type":"daily_itinerary","attributes":{"trip_id":313,"date":"2024-04-21"}},{"id":"3424","type":"daily_itinerary","attributes":{"trip_id":313,"date":"2024-04-22"}},{"id":"3425","type":"daily_itinerary","attributes":{"trip_id":313,"date":"2024-04-23"}},{"id":"3426","type":"daily_itinerary","attributes":{"trip_id":313,"date":"2024-04-24"}},{"id":"3427","type":"daily_itinerary","attributes":{"trip_id":313,"date":"2024-04-25"}},{"id":"3428","type":"daily_itinerary","attributes":{"trip_id":313,"date":"2024-04-26"}},{"id":"3429","type":"daily_itinerary","attributes":{"trip_id":313,"date":"2024-04-27"}},{"id":"3430","type":"daily_itinerary","attributes":{"trip_id":313,"date":"2024-04-28"}},{"id":"3431","type":"daily_itinerary","attributes":{"trip_id":313,"date":"2024-04-29"}},{"id":"3432","type":"daily_itinerary","attributes":{"trip_id":313,"date":"2024-04-30"}}]}'
  recorded_at: Tue, 16 Apr 2024 06:48:05 GMT
- request:
    method: delete
    uri: http://127.0.0.1:3000/api/v1/trips/309?user_id=100
    body:
      encoding: US-ASCII
      string: ''
    headers:
      User-Agent:
      - Faraday v2.9.0
      Accept-Encoding:
      - gzip;q=1.0,deflate;q=0.6,identity;q=0.3
      Accept:
      - "*/*"
  response:
    status:
      code: 204
      message: No Content
    headers:
      X-Frame-Options:
      - SAMEORIGIN
      X-Xss-Protection:
      - '0'
      X-Content-Type-Options:
      - nosniff
      X-Permitted-Cross-Domain-Policies:
      - none
      Referrer-Policy:
      - strict-origin-when-cross-origin
      Cache-Control:
      - no-cache
      X-Request-Id:
      - 6a04c7c1-f58c-4bc1-96a6-2774135749a8
      X-Runtime:
      - '0.022349'
      Server-Timing:
      - start_processing.action_controller;dur=0.00, sql.active_record;dur=5.93, instantiation.active_record;dur=0.20,
        transaction.active_record;dur=16.85, process_action.action_controller;dur=18.32
    body:
      encoding: UTF-8
      string: ''
  recorded_at: Tue, 16 Apr 2024 06:48:05 GMT
- request:
    method: delete
    uri: http://127.0.0.1:3000/api/v1/trips/310?user_id=100
    body:
      encoding: US-ASCII
      string: ''
    headers:
      User-Agent:
      - Faraday v2.9.0
      Accept-Encoding:
      - gzip;q=1.0,deflate;q=0.6,identity;q=0.3
      Accept:
      - "*/*"
  response:
    status:
      code: 204
      message: No Content
    headers:
      X-Frame-Options:
      - SAMEORIGIN
      X-Xss-Protection:
      - '0'
      X-Content-Type-Options:
      - nosniff
      X-Permitted-Cross-Domain-Policies:
      - none
      Referrer-Policy:
      - strict-origin-when-cross-origin
      Cache-Control:
      - no-cache
      X-Request-Id:
      - 0b16a15e-f1f9-4d98-9fdb-8a8731442a9a
      X-Runtime:
      - '0.021542'
      Server-Timing:
      - start_processing.action_controller;dur=0.00, sql.active_record;dur=5.10, instantiation.active_record;dur=0.19,
        transaction.active_record;dur=16.69, process_action.action_controller;dur=17.85
    body:
      encoding: UTF-8
      string: ''
  recorded_at: Tue, 16 Apr 2024 06:48:05 GMT
- request:
    method: delete
    uri: http://127.0.0.1:3000/api/v1/trips/311?user_id=100
    body:
      encoding: US-ASCII
      string: ''
    headers:
      User-Agent:
      - Faraday v2.9.0
      Accept-Encoding:
      - gzip;q=1.0,deflate;q=0.6,identity;q=0.3
      Accept:
      - "*/*"
  response:
    status:
      code: 204
      message: No Content
    headers:
      X-Frame-Options:
      - SAMEORIGIN
      X-Xss-Protection:
      - '0'
      X-Content-Type-Options:
      - nosniff
      X-Permitted-Cross-Domain-Policies:
      - none
      Referrer-Policy:
      - strict-origin-when-cross-origin
      Cache-Control:
      - no-cache
      X-Request-Id:
      - c7417637-303e-434e-82bc-e294be07753b
      X-Runtime:
      - '0.035546'
      Server-Timing:
      - start_processing.action_controller;dur=0.00, sql.active_record;dur=18.17,
        instantiation.active_record;dur=0.19, transaction.active_record;dur=30.72,
        process_action.action_controller;dur=31.89
    body:
      encoding: UTF-8
      string: ''
  recorded_at: Tue, 16 Apr 2024 06:48:06 GMT
- request:
    method: delete
    uri: http://127.0.0.1:3000/api/v1/trips/312?user_id=100
    body:
      encoding: US-ASCII
      string: ''
    headers:
      User-Agent:
      - Faraday v2.9.0
      Accept-Encoding:
      - gzip;q=1.0,deflate;q=0.6,identity;q=0.3
      Accept:
      - "*/*"
  response:
    status:
      code: 204
      message: No Content
    headers:
      X-Frame-Options:
      - SAMEORIGIN
      X-Xss-Protection:
      - '0'
      X-Content-Type-Options:
      - nosniff
      X-Permitted-Cross-Domain-Policies:
      - none
      Referrer-Policy:
      - strict-origin-when-cross-origin
      Cache-Control:
      - no-cache
      X-Request-Id:
      - 8a15b9c3-da16-4fd1-baf2-f3e7b852bfd7
      X-Runtime:
      - '0.022119'
      Server-Timing:
      - start_processing.action_controller;dur=0.00, sql.active_record;dur=3.90, instantiation.active_record;dur=0.55,
        transaction.active_record;dur=15.50, process_action.action_controller;dur=17.14
    body:
      encoding: UTF-8
      string: ''
  recorded_at: Tue, 16 Apr 2024 06:48:06 GMT
- request:
    method: delete
    uri: http://127.0.0.1:3000/api/v1/trips/313?user_id=100
    body:
      encoding: US-ASCII
      string: ''
    headers:
      User-Agent:
      - Faraday v2.9.0
      Accept-Encoding:
      - gzip;q=1.0,deflate;q=0.6,identity;q=0.3
      Accept:
      - "*/*"
  response:
    status:
      code: 204
      message: No Content
    headers:
      X-Frame-Options:
      - SAMEORIGIN
      X-Xss-Protection:
      - '0'
      X-Content-Type-Options:
      - nosniff
      X-Permitted-Cross-Domain-Policies:
      - none
      Referrer-Policy:
      - strict-origin-when-cross-origin
      Cache-Control:
      - no-cache
      X-Request-Id:
      - a0ab9118-8552-49e1-9195-667dab182fed
      X-Runtime:
      - '0.023531'
      Server-Timing:
      - start_processing.action_controller;dur=0.00, sql.active_record;dur=5.59, instantiation.active_record;dur=0.20,
        transaction.active_record;dur=18.66, process_action.action_controller;dur=19.97
    body:
      encoding: UTF-8
      string: ''
  recorded_at: Tue, 16 Apr 2024 06:48:06 GMT
- request:
    method: post
    uri: http://127.0.0.1:3000/api/v1/trips
    body:
      encoding: UTF-8
      string: trip%5Bend_date%5D=2024-04-30&trip%5Blocation%5D=Japan&trip%5Bname%5D=Trip+To+Japan&trip%5Bstart_date%5D=2024-04-20&trip%5Bstatus%5D=in_progress&trip%5Btotal_budget%5D=1000&trip%5Buser_id%5D=100
    headers:
      User-Agent:
      - Faraday v2.9.0
      Content-Type:
      - application/x-www-form-urlencoded
      Accept-Encoding:
      - gzip;q=1.0,deflate;q=0.6,identity;q=0.3
      Accept:
      - "*/*"
  response:
    status:
      code: 201
      message: Created
    headers:
      X-Frame-Options:
      - SAMEORIGIN
      X-Xss-Protection:
      - '0'
      X-Content-Type-Options:
      - nosniff
      X-Permitted-Cross-Domain-Policies:
      - none
      Referrer-Policy:
      - strict-origin-when-cross-origin
      Content-Type:
      - application/json; charset=utf-8
      Vary:
      - Accept
      Etag:
      - W/"3103d98ea6e4f4fcf133f82b95eb49eb"
      Cache-Control:
      - max-age=0, private, must-revalidate
      X-Request-Id:
      - a6f3e912-663f-48de-b88a-7ca7af0fe1e5
      X-Runtime:
      - '0.031957'
      Server-Timing:
      - start_processing.action_controller;dur=0.00, sql.active_record;dur=14.31,
        transaction.active_record;dur=12.27, instantiation.active_record;dur=0.10,
        process_action.action_controller;dur=28.26
      Content-Length:
      - '1691'
    body:
      encoding: UTF-8
      string: '{"data":{"id":"327","type":"trip","attributes":{"name":"Trip To Japan","location":"Japan","start_date":"2024-04-20T00:00:00.000Z","end_date":"2024-04-30T00:00:00.000Z","status":"in_progress","total_budget":1000,"total_expenses":0},"relationships":{"daily_itineraries":{"data":[{"id":"3576","type":"daily_itinerary"},{"id":"3577","type":"daily_itinerary"},{"id":"3578","type":"daily_itinerary"},{"id":"3579","type":"daily_itinerary"},{"id":"3580","type":"daily_itinerary"},{"id":"3581","type":"daily_itinerary"},{"id":"3582","type":"daily_itinerary"},{"id":"3583","type":"daily_itinerary"},{"id":"3584","type":"daily_itinerary"},{"id":"3585","type":"daily_itinerary"},{"id":"3586","type":"daily_itinerary"}]}}},"included":[{"id":"3576","type":"daily_itinerary","attributes":{"trip_id":327,"date":"2024-04-20"}},{"id":"3577","type":"daily_itinerary","attributes":{"trip_id":327,"date":"2024-04-21"}},{"id":"3578","type":"daily_itinerary","attributes":{"trip_id":327,"date":"2024-04-22"}},{"id":"3579","type":"daily_itinerary","attributes":{"trip_id":327,"date":"2024-04-23"}},{"id":"3580","type":"daily_itinerary","attributes":{"trip_id":327,"date":"2024-04-24"}},{"id":"3581","type":"daily_itinerary","attributes":{"trip_id":327,"date":"2024-04-25"}},{"id":"3582","type":"daily_itinerary","attributes":{"trip_id":327,"date":"2024-04-26"}},{"id":"3583","type":"daily_itinerary","attributes":{"trip_id":327,"date":"2024-04-27"}},{"id":"3584","type":"daily_itinerary","attributes":{"trip_id":327,"date":"2024-04-28"}},{"id":"3585","type":"daily_itinerary","attributes":{"trip_id":327,"date":"2024-04-29"}},{"id":"3586","type":"daily_itinerary","attributes":{"trip_id":327,"date":"2024-04-30"}}]}'
  recorded_at: Tue, 16 Apr 2024 06:48:06 GMT
- request:
    method: post
    uri: http://127.0.0.1:3000/api/v1/trips
    body:
      encoding: UTF-8
      string: trip%5Bend_date%5D=2024-04-30&trip%5Blocation%5D=Japan&trip%5Bname%5D=Trip+To+Japan&trip%5Bstart_date%5D=2024-04-20&trip%5Bstatus%5D=in_progress&trip%5Btotal_budget%5D=1000&trip%5Buser_id%5D=100
    headers:
      User-Agent:
      - Faraday v2.9.0
      Content-Type:
      - application/x-www-form-urlencoded
      Accept-Encoding:
      - gzip;q=1.0,deflate;q=0.6,identity;q=0.3
      Accept:
      - "*/*"
  response:
    status:
      code: 201
      message: Created
    headers:
      X-Frame-Options:
      - SAMEORIGIN
      X-Xss-Protection:
      - '0'
      X-Content-Type-Options:
      - nosniff
      X-Permitted-Cross-Domain-Policies:
      - none
      Referrer-Policy:
      - strict-origin-when-cross-origin
      Content-Type:
      - application/json; charset=utf-8
      Vary:
      - Accept
      Etag:
      - W/"2d563a0f242be124a7f2c87dd7a44072"
      Cache-Control:
      - max-age=0, private, must-revalidate
      X-Request-Id:
      - ff280767-794a-46e1-b1f7-b3d2328af8b3
      X-Runtime:
      - '0.035140'
      Server-Timing:
      - start_processing.action_controller;dur=0.00, sql.active_record;dur=15.76,
        transaction.active_record;dur=14.84, instantiation.active_record;dur=0.09,
        process_action.action_controller;dur=31.64
      Content-Length:
      - '1691'
    body:
      encoding: UTF-8
      string: '{"data":{"id":"328","type":"trip","attributes":{"name":"Trip To Japan","location":"Japan","start_date":"2024-04-20T00:00:00.000Z","end_date":"2024-04-30T00:00:00.000Z","status":"in_progress","total_budget":1000,"total_expenses":0},"relationships":{"daily_itineraries":{"data":[{"id":"3587","type":"daily_itinerary"},{"id":"3588","type":"daily_itinerary"},{"id":"3589","type":"daily_itinerary"},{"id":"3590","type":"daily_itinerary"},{"id":"3591","type":"daily_itinerary"},{"id":"3592","type":"daily_itinerary"},{"id":"3593","type":"daily_itinerary"},{"id":"3594","type":"daily_itinerary"},{"id":"3595","type":"daily_itinerary"},{"id":"3596","type":"daily_itinerary"},{"id":"3597","type":"daily_itinerary"}]}}},"included":[{"id":"3587","type":"daily_itinerary","attributes":{"trip_id":328,"date":"2024-04-20"}},{"id":"3588","type":"daily_itinerary","attributes":{"trip_id":328,"date":"2024-04-21"}},{"id":"3589","type":"daily_itinerary","attributes":{"trip_id":328,"date":"2024-04-22"}},{"id":"3590","type":"daily_itinerary","attributes":{"trip_id":328,"date":"2024-04-23"}},{"id":"3591","type":"daily_itinerary","attributes":{"trip_id":328,"date":"2024-04-24"}},{"id":"3592","type":"daily_itinerary","attributes":{"trip_id":328,"date":"2024-04-25"}},{"id":"3593","type":"daily_itinerary","attributes":{"trip_id":328,"date":"2024-04-26"}},{"id":"3594","type":"daily_itinerary","attributes":{"trip_id":328,"date":"2024-04-27"}},{"id":"3595","type":"daily_itinerary","attributes":{"trip_id":328,"date":"2024-04-28"}},{"id":"3596","type":"daily_itinerary","attributes":{"trip_id":328,"date":"2024-04-29"}},{"id":"3597","type":"daily_itinerary","attributes":{"trip_id":328,"date":"2024-04-30"}}]}'
  recorded_at: Tue, 16 Apr 2024 06:48:06 GMT
- request:
    method: post
    uri: http://127.0.0.1:3000/api/v1/trips
    body:
      encoding: UTF-8
      string: trip%5Bend_date%5D=2024-04-30&trip%5Blocation%5D=Japan&trip%5Bname%5D=Trip+To+Japan&trip%5Bstart_date%5D=2024-04-20&trip%5Bstatus%5D=in_progress&trip%5Btotal_budget%5D=1000&trip%5Buser_id%5D=100
    headers:
      User-Agent:
      - Faraday v2.9.0
      Content-Type:
      - application/x-www-form-urlencoded
      Accept-Encoding:
      - gzip;q=1.0,deflate;q=0.6,identity;q=0.3
      Accept:
      - "*/*"
  response:
    status:
      code: 201
      message: Created
    headers:
      X-Frame-Options:
      - SAMEORIGIN
      X-Xss-Protection:
      - '0'
      X-Content-Type-Options:
      - nosniff
      X-Permitted-Cross-Domain-Policies:
      - none
      Referrer-Policy:
      - strict-origin-when-cross-origin
      Content-Type:
      - application/json; charset=utf-8
      Vary:
      - Accept
      Etag:
      - W/"2663e9eb71b6b14cc4fb7c6e2a3528d1"
      Cache-Control:
      - max-age=0, private, must-revalidate
      X-Request-Id:
      - 537bbac9-7888-4147-a10d-97b8b752d0cf
      X-Runtime:
      - '0.032848'
      Server-Timing:
      - start_processing.action_controller;dur=0.00, sql.active_record;dur=14.62,
        transaction.active_record;dur=11.83, instantiation.active_record;dur=0.11,
        process_action.action_controller;dur=29.20
      Content-Length:
      - '1691'
    body:
      encoding: UTF-8
      string: '{"data":{"id":"329","type":"trip","attributes":{"name":"Trip To Japan","location":"Japan","start_date":"2024-04-20T00:00:00.000Z","end_date":"2024-04-30T00:00:00.000Z","status":"in_progress","total_budget":1000,"total_expenses":0},"relationships":{"daily_itineraries":{"data":[{"id":"3598","type":"daily_itinerary"},{"id":"3599","type":"daily_itinerary"},{"id":"3600","type":"daily_itinerary"},{"id":"3601","type":"daily_itinerary"},{"id":"3602","type":"daily_itinerary"},{"id":"3603","type":"daily_itinerary"},{"id":"3604","type":"daily_itinerary"},{"id":"3605","type":"daily_itinerary"},{"id":"3606","type":"daily_itinerary"},{"id":"3607","type":"daily_itinerary"},{"id":"3608","type":"daily_itinerary"}]}}},"included":[{"id":"3598","type":"daily_itinerary","attributes":{"trip_id":329,"date":"2024-04-20"}},{"id":"3599","type":"daily_itinerary","attributes":{"trip_id":329,"date":"2024-04-21"}},{"id":"3600","type":"daily_itinerary","attributes":{"trip_id":329,"date":"2024-04-22"}},{"id":"3601","type":"daily_itinerary","attributes":{"trip_id":329,"date":"2024-04-23"}},{"id":"3602","type":"daily_itinerary","attributes":{"trip_id":329,"date":"2024-04-24"}},{"id":"3603","type":"daily_itinerary","attributes":{"trip_id":329,"date":"2024-04-25"}},{"id":"3604","type":"daily_itinerary","attributes":{"trip_id":329,"date":"2024-04-26"}},{"id":"3605","type":"daily_itinerary","attributes":{"trip_id":329,"date":"2024-04-27"}},{"id":"3606","type":"daily_itinerary","attributes":{"trip_id":329,"date":"2024-04-28"}},{"id":"3607","type":"daily_itinerary","attributes":{"trip_id":329,"date":"2024-04-29"}},{"id":"3608","type":"daily_itinerary","attributes":{"trip_id":329,"date":"2024-04-30"}}]}'
  recorded_at: Tue, 16 Apr 2024 06:48:06 GMT
- request:
    method: post
    uri: http://127.0.0.1:3000/api/v1/trips
    body:
      encoding: UTF-8
      string: trip%5Bend_date%5D=2024-04-30&trip%5Blocation%5D=Japan&trip%5Bname%5D=Trip+To+Japan&trip%5Bstart_date%5D=2024-04-20&trip%5Bstatus%5D=in_progress&trip%5Btotal_budget%5D=1000&trip%5Buser_id%5D=100
    headers:
      User-Agent:
      - Faraday v2.9.0
      Content-Type:
      - application/x-www-form-urlencoded
      Accept-Encoding:
      - gzip;q=1.0,deflate;q=0.6,identity;q=0.3
      Accept:
      - "*/*"
  response:
    status:
      code: 201
      message: Created
    headers:
      X-Frame-Options:
      - SAMEORIGIN
      X-Xss-Protection:
      - '0'
      X-Content-Type-Options:
      - nosniff
      X-Permitted-Cross-Domain-Policies:
      - none
      Referrer-Policy:
      - strict-origin-when-cross-origin
      Content-Type:
      - application/json; charset=utf-8
      Vary:
      - Accept
      Etag:
      - W/"6e2233572f2a068d7d2407d6cb07e37a"
      Cache-Control:
      - max-age=0, private, must-revalidate
      X-Request-Id:
      - b9333105-614e-44bf-839b-b1820769393f
      X-Runtime:
      - '0.034166'
      Server-Timing:
      - start_processing.action_controller;dur=0.00, sql.active_record;dur=17.10,
        transaction.active_record;dur=15.68, instantiation.active_record;dur=0.09,
        process_action.action_controller;dur=30.58
      Content-Length:
      - '1691'
    body:
      encoding: UTF-8
      string: '{"data":{"id":"330","type":"trip","attributes":{"name":"Trip To Japan","location":"Japan","start_date":"2024-04-20T00:00:00.000Z","end_date":"2024-04-30T00:00:00.000Z","status":"in_progress","total_budget":1000,"total_expenses":0},"relationships":{"daily_itineraries":{"data":[{"id":"3609","type":"daily_itinerary"},{"id":"3610","type":"daily_itinerary"},{"id":"3611","type":"daily_itinerary"},{"id":"3612","type":"daily_itinerary"},{"id":"3613","type":"daily_itinerary"},{"id":"3614","type":"daily_itinerary"},{"id":"3615","type":"daily_itinerary"},{"id":"3616","type":"daily_itinerary"},{"id":"3617","type":"daily_itinerary"},{"id":"3618","type":"daily_itinerary"},{"id":"3619","type":"daily_itinerary"}]}}},"included":[{"id":"3609","type":"daily_itinerary","attributes":{"trip_id":330,"date":"2024-04-20"}},{"id":"3610","type":"daily_itinerary","attributes":{"trip_id":330,"date":"2024-04-21"}},{"id":"3611","type":"daily_itinerary","attributes":{"trip_id":330,"date":"2024-04-22"}},{"id":"3612","type":"daily_itinerary","attributes":{"trip_id":330,"date":"2024-04-23"}},{"id":"3613","type":"daily_itinerary","attributes":{"trip_id":330,"date":"2024-04-24"}},{"id":"3614","type":"daily_itinerary","attributes":{"trip_id":330,"date":"2024-04-25"}},{"id":"3615","type":"daily_itinerary","attributes":{"trip_id":330,"date":"2024-04-26"}},{"id":"3616","type":"daily_itinerary","attributes":{"trip_id":330,"date":"2024-04-27"}},{"id":"3617","type":"daily_itinerary","attributes":{"trip_id":330,"date":"2024-04-28"}},{"id":"3618","type":"daily_itinerary","attributes":{"trip_id":330,"date":"2024-04-29"}},{"id":"3619","type":"daily_itinerary","attributes":{"trip_id":330,"date":"2024-04-30"}}]}'
  recorded_at: Tue, 16 Apr 2024 06:48:06 GMT
- request:
    method: post
    uri: http://127.0.0.1:3000/api/v1/trips
    body:
      encoding: UTF-8
      string: trip%5Bend_date%5D=2024-04-30&trip%5Blocation%5D=Japan&trip%5Bname%5D=Trip+To+Japan&trip%5Bstart_date%5D=2024-04-20&trip%5Bstatus%5D=in_progress&trip%5Btotal_budget%5D=1000&trip%5Buser_id%5D=100
    headers:
      User-Agent:
      - Faraday v2.9.0
      Content-Type:
      - application/x-www-form-urlencoded
      Accept-Encoding:
      - gzip;q=1.0,deflate;q=0.6,identity;q=0.3
      Accept:
      - "*/*"
  response:
    status:
      code: 201
      message: Created
    headers:
      X-Frame-Options:
      - SAMEORIGIN
      X-Xss-Protection:
      - '0'
      X-Content-Type-Options:
      - nosniff
      X-Permitted-Cross-Domain-Policies:
      - none
      Referrer-Policy:
      - strict-origin-when-cross-origin
      Content-Type:
      - application/json; charset=utf-8
      Vary:
      - Accept
      Etag:
      - W/"af52c7712b95cf799bd93080481cead9"
      Cache-Control:
      - max-age=0, private, must-revalidate
      X-Request-Id:
      - 89ae8615-f544-4ed1-9cc4-cddb39f9462a
      X-Runtime:
      - '0.052259'
      Server-Timing:
      - start_processing.action_controller;dur=0.00, sql.active_record;dur=28.07,
        transaction.active_record;dur=16.40, instantiation.active_record;dur=0.09,
        process_action.action_controller;dur=48.35
      Content-Length:
      - '1691'
    body:
      encoding: UTF-8
      string: '{"data":{"id":"331","type":"trip","attributes":{"name":"Trip To Japan","location":"Japan","start_date":"2024-04-20T00:00:00.000Z","end_date":"2024-04-30T00:00:00.000Z","status":"in_progress","total_budget":1000,"total_expenses":0},"relationships":{"daily_itineraries":{"data":[{"id":"3620","type":"daily_itinerary"},{"id":"3621","type":"daily_itinerary"},{"id":"3622","type":"daily_itinerary"},{"id":"3623","type":"daily_itinerary"},{"id":"3624","type":"daily_itinerary"},{"id":"3625","type":"daily_itinerary"},{"id":"3626","type":"daily_itinerary"},{"id":"3627","type":"daily_itinerary"},{"id":"3628","type":"daily_itinerary"},{"id":"3629","type":"daily_itinerary"},{"id":"3630","type":"daily_itinerary"}]}}},"included":[{"id":"3620","type":"daily_itinerary","attributes":{"trip_id":331,"date":"2024-04-20"}},{"id":"3621","type":"daily_itinerary","attributes":{"trip_id":331,"date":"2024-04-21"}},{"id":"3622","type":"daily_itinerary","attributes":{"trip_id":331,"date":"2024-04-22"}},{"id":"3623","type":"daily_itinerary","attributes":{"trip_id":331,"date":"2024-04-23"}},{"id":"3624","type":"daily_itinerary","attributes":{"trip_id":331,"date":"2024-04-24"}},{"id":"3625","type":"daily_itinerary","attributes":{"trip_id":331,"date":"2024-04-25"}},{"id":"3626","type":"daily_itinerary","attributes":{"trip_id":331,"date":"2024-04-26"}},{"id":"3627","type":"daily_itinerary","attributes":{"trip_id":331,"date":"2024-04-27"}},{"id":"3628","type":"daily_itinerary","attributes":{"trip_id":331,"date":"2024-04-28"}},{"id":"3629","type":"daily_itinerary","attributes":{"trip_id":331,"date":"2024-04-29"}},{"id":"3630","type":"daily_itinerary","attributes":{"trip_id":331,"date":"2024-04-30"}}]}'
  recorded_at: Tue, 16 Apr 2024 06:48:06 GMT
- request:
    method: get
    uri: http://127.0.0.1:3000/api/v1/trips?user_id=100
    body:
      encoding: US-ASCII
      string: ''
    headers:
      User-Agent:
      - Faraday v2.9.0
      Accept-Encoding:
      - gzip;q=1.0,deflate;q=0.6,identity;q=0.3
      Accept:
      - "*/*"
  response:
    status:
      code: 200
      message: OK
    headers:
      X-Frame-Options:
      - SAMEORIGIN
      X-Xss-Protection:
      - '0'
      X-Content-Type-Options:
      - nosniff
      X-Permitted-Cross-Domain-Policies:
      - none
      Referrer-Policy:
      - strict-origin-when-cross-origin
      Content-Type:
      - application/json; charset=utf-8
      Vary:
      - Accept
      Etag:
      - W/"970699c19cfef05f15f421565db531ab"
      Cache-Control:
      - max-age=0, private, must-revalidate
      X-Request-Id:
      - 8f220587-f839-4cd4-9856-b367a726031c
      X-Runtime:
      - '0.012344'
      Server-Timing:
      - start_processing.action_controller;dur=0.00, sql.active_record;dur=1.41, instantiation.active_record;dur=0.43,
        process_action.action_controller;dur=8.15
      Content-Length:
      - '7673'
    body:
      encoding: UTF-8
      string: '{"data":[{"id":"327","type":"trip","attributes":{"name":"Trip To Japan","location":"Japan"},"relationships":{"daily_itineraries":{"data":[{"id":"3576","type":"daily_itinerary"},{"id":"3577","type":"daily_itinerary"},{"id":"3578","type":"daily_itinerary"},{"id":"3579","type":"daily_itinerary"},{"id":"3580","type":"daily_itinerary"},{"id":"3581","type":"daily_itinerary"},{"id":"3582","type":"daily_itinerary"},{"id":"3583","type":"daily_itinerary"},{"id":"3584","type":"daily_itinerary"},{"id":"3585","type":"daily_itinerary"},{"id":"3586","type":"daily_itinerary"}]}}},{"id":"328","type":"trip","attributes":{"name":"Trip
        To Japan","location":"Japan"},"relationships":{"daily_itineraries":{"data":[{"id":"3587","type":"daily_itinerary"},{"id":"3588","type":"daily_itinerary"},{"id":"3589","type":"daily_itinerary"},{"id":"3590","type":"daily_itinerary"},{"id":"3591","type":"daily_itinerary"},{"id":"3592","type":"daily_itinerary"},{"id":"3593","type":"daily_itinerary"},{"id":"3594","type":"daily_itinerary"},{"id":"3595","type":"daily_itinerary"},{"id":"3596","type":"daily_itinerary"},{"id":"3597","type":"daily_itinerary"}]}}},{"id":"329","type":"trip","attributes":{"name":"Trip
        To Japan","location":"Japan"},"relationships":{"daily_itineraries":{"data":[{"id":"3598","type":"daily_itinerary"},{"id":"3599","type":"daily_itinerary"},{"id":"3600","type":"daily_itinerary"},{"id":"3601","type":"daily_itinerary"},{"id":"3602","type":"daily_itinerary"},{"id":"3603","type":"daily_itinerary"},{"id":"3604","type":"daily_itinerary"},{"id":"3605","type":"daily_itinerary"},{"id":"3606","type":"daily_itinerary"},{"id":"3607","type":"daily_itinerary"},{"id":"3608","type":"daily_itinerary"}]}}},{"id":"330","type":"trip","attributes":{"name":"Trip
        To Japan","location":"Japan"},"relationships":{"daily_itineraries":{"data":[{"id":"3609","type":"daily_itinerary"},{"id":"3610","type":"daily_itinerary"},{"id":"3611","type":"daily_itinerary"},{"id":"3612","type":"daily_itinerary"},{"id":"3613","type":"daily_itinerary"},{"id":"3614","type":"daily_itinerary"},{"id":"3615","type":"daily_itinerary"},{"id":"3616","type":"daily_itinerary"},{"id":"3617","type":"daily_itinerary"},{"id":"3618","type":"daily_itinerary"},{"id":"3619","type":"daily_itinerary"}]}}},{"id":"331","type":"trip","attributes":{"name":"Trip
        To Japan","location":"Japan"},"relationships":{"daily_itineraries":{"data":[{"id":"3620","type":"daily_itinerary"},{"id":"3621","type":"daily_itinerary"},{"id":"3622","type":"daily_itinerary"},{"id":"3623","type":"daily_itinerary"},{"id":"3624","type":"daily_itinerary"},{"id":"3625","type":"daily_itinerary"},{"id":"3626","type":"daily_itinerary"},{"id":"3627","type":"daily_itinerary"},{"id":"3628","type":"daily_itinerary"},{"id":"3629","type":"daily_itinerary"},{"id":"3630","type":"daily_itinerary"}]}}}],"included":[{"id":"3576","type":"daily_itinerary","attributes":{"trip_id":327,"date":"2024-04-20"}},{"id":"3577","type":"daily_itinerary","attributes":{"trip_id":327,"date":"2024-04-21"}},{"id":"3578","type":"daily_itinerary","attributes":{"trip_id":327,"date":"2024-04-22"}},{"id":"3579","type":"daily_itinerary","attributes":{"trip_id":327,"date":"2024-04-23"}},{"id":"3580","type":"daily_itinerary","attributes":{"trip_id":327,"date":"2024-04-24"}},{"id":"3581","type":"daily_itinerary","attributes":{"trip_id":327,"date":"2024-04-25"}},{"id":"3582","type":"daily_itinerary","attributes":{"trip_id":327,"date":"2024-04-26"}},{"id":"3583","type":"daily_itinerary","attributes":{"trip_id":327,"date":"2024-04-27"}},{"id":"3584","type":"daily_itinerary","attributes":{"trip_id":327,"date":"2024-04-28"}},{"id":"3585","type":"daily_itinerary","attributes":{"trip_id":327,"date":"2024-04-29"}},{"id":"3586","type":"daily_itinerary","attributes":{"trip_id":327,"date":"2024-04-30"}},{"id":"3587","type":"daily_itinerary","attributes":{"trip_id":328,"date":"2024-04-20"}},{"id":"3588","type":"daily_itinerary","attributes":{"trip_id":328,"date":"2024-04-21"}},{"id":"3589","type":"daily_itinerary","attributes":{"trip_id":328,"date":"2024-04-22"}},{"id":"3590","type":"daily_itinerary","attributes":{"trip_id":328,"date":"2024-04-23"}},{"id":"3591","type":"daily_itinerary","attributes":{"trip_id":328,"date":"2024-04-24"}},{"id":"3592","type":"daily_itinerary","attributes":{"trip_id":328,"date":"2024-04-25"}},{"id":"3593","type":"daily_itinerary","attributes":{"trip_id":328,"date":"2024-04-26"}},{"id":"3594","type":"daily_itinerary","attributes":{"trip_id":328,"date":"2024-04-27"}},{"id":"3595","type":"daily_itinerary","attributes":{"trip_id":328,"date":"2024-04-28"}},{"id":"3596","type":"daily_itinerary","attributes":{"trip_id":328,"date":"2024-04-29"}},{"id":"3597","type":"daily_itinerary","attributes":{"trip_id":328,"date":"2024-04-30"}},{"id":"3598","type":"daily_itinerary","attributes":{"trip_id":329,"date":"2024-04-20"}},{"id":"3599","type":"daily_itinerary","attributes":{"trip_id":329,"date":"2024-04-21"}},{"id":"3600","type":"daily_itinerary","attributes":{"trip_id":329,"date":"2024-04-22"}},{"id":"3601","type":"daily_itinerary","attributes":{"trip_id":329,"date":"2024-04-23"}},{"id":"3602","type":"daily_itinerary","attributes":{"trip_id":329,"date":"2024-04-24"}},{"id":"3603","type":"daily_itinerary","attributes":{"trip_id":329,"date":"2024-04-25"}},{"id":"3604","type":"daily_itinerary","attributes":{"trip_id":329,"date":"2024-04-26"}},{"id":"3605","type":"daily_itinerary","attributes":{"trip_id":329,"date":"2024-04-27"}},{"id":"3606","type":"daily_itinerary","attributes":{"trip_id":329,"date":"2024-04-28"}},{"id":"3607","type":"daily_itinerary","attributes":{"trip_id":329,"date":"2024-04-29"}},{"id":"3608","type":"daily_itinerary","attributes":{"trip_id":329,"date":"2024-04-30"}},{"id":"3609","type":"daily_itinerary","attributes":{"trip_id":330,"date":"2024-04-20"}},{"id":"3610","type":"daily_itinerary","attributes":{"trip_id":330,"date":"2024-04-21"}},{"id":"3611","type":"daily_itinerary","attributes":{"trip_id":330,"date":"2024-04-22"}},{"id":"3612","type":"daily_itinerary","attributes":{"trip_id":330,"date":"2024-04-23"}},{"id":"3613","type":"daily_itinerary","attributes":{"trip_id":330,"date":"2024-04-24"}},{"id":"3614","type":"daily_itinerary","attributes":{"trip_id":330,"date":"2024-04-25"}},{"id":"3615","type":"daily_itinerary","attributes":{"trip_id":330,"date":"2024-04-26"}},{"id":"3616","type":"daily_itinerary","attributes":{"trip_id":330,"date":"2024-04-27"}},{"id":"3617","type":"daily_itinerary","attributes":{"trip_id":330,"date":"2024-04-28"}},{"id":"3618","type":"daily_itinerary","attributes":{"trip_id":330,"date":"2024-04-29"}},{"id":"3619","type":"daily_itinerary","attributes":{"trip_id":330,"date":"2024-04-30"}},{"id":"3620","type":"daily_itinerary","attributes":{"trip_id":331,"date":"2024-04-20"}},{"id":"3621","type":"daily_itinerary","attributes":{"trip_id":331,"date":"2024-04-21"}},{"id":"3622","type":"daily_itinerary","attributes":{"trip_id":331,"date":"2024-04-22"}},{"id":"3623","type":"daily_itinerary","attributes":{"trip_id":331,"date":"2024-04-23"}},{"id":"3624","type":"daily_itinerary","attributes":{"trip_id":331,"date":"2024-04-24"}},{"id":"3625","type":"daily_itinerary","attributes":{"trip_id":331,"date":"2024-04-25"}},{"id":"3626","type":"daily_itinerary","attributes":{"trip_id":331,"date":"2024-04-26"}},{"id":"3627","type":"daily_itinerary","attributes":{"trip_id":331,"date":"2024-04-27"}},{"id":"3628","type":"daily_itinerary","attributes":{"trip_id":331,"date":"2024-04-28"}},{"id":"3629","type":"daily_itinerary","attributes":{"trip_id":331,"date":"2024-04-29"}},{"id":"3630","type":"daily_itinerary","attributes":{"trip_id":331,"date":"2024-04-30"}}]}'
  recorded_at: Tue, 16 Apr 2024 06:48:06 GMT
recorded_with: VCR 6.2.0
