---
http_interactions:
- request:
    method: delete
    uri: http://127.0.0.1:3000/api/v1/trips/525?user_id=100
    body:
      encoding: US-ASCII
      string: ''
    headers:
      User-Agent:
      - Faraday v2.9.0
      Accept-Encoding:
      - gzip;q=1.0,deflate;q=0.6,identity;q=0.3
      Accept:
      - "*/*"
  response:
    status:
      code: 204
      message: No Content
    headers:
      X-Frame-Options:
      - SAMEORIGIN
      X-Xss-Protection:
      - '0'
      X-Content-Type-Options:
      - nosniff
      X-Permitted-Cross-Domain-Policies:
      - none
      Referrer-Policy:
      - strict-origin-when-cross-origin
      Cache-Control:
      - no-cache
      X-Request-Id:
      - bcbe6ddc-a680-4007-803c-58ace876c5dd
      X-Runtime:
      - '0.012706'
    body:
      encoding: UTF-8
      string: ''
  recorded_at: Mon, 15 Apr 2024 07:01:16 GMT
- request:
    method: delete
    uri: http://127.0.0.1:3000/api/v1/trips/526?user_id=100
    body:
      encoding: US-ASCII
      string: ''
    headers:
      User-Agent:
      - Faraday v2.9.0
      Accept-Encoding:
      - gzip;q=1.0,deflate;q=0.6,identity;q=0.3
      Accept:
      - "*/*"
  response:
    status:
      code: 204
      message: No Content
    headers:
      X-Frame-Options:
      - SAMEORIGIN
      X-Xss-Protection:
      - '0'
      X-Content-Type-Options:
      - nosniff
      X-Permitted-Cross-Domain-Policies:
      - none
      Referrer-Policy:
      - strict-origin-when-cross-origin
      Cache-Control:
      - no-cache
      X-Request-Id:
      - 99eb7b69-d912-48a5-8aba-b7da062d0913
      X-Runtime:
      - '0.010685'
    body:
      encoding: UTF-8
      string: ''
  recorded_at: Mon, 15 Apr 2024 07:01:45 GMT
- request:
    method: delete
    uri: http://127.0.0.1:3000/api/v1/trips/527?user_id=100
    body:
      encoding: US-ASCII
      string: ''
    headers:
      User-Agent:
      - Faraday v2.9.0
      Accept-Encoding:
      - gzip;q=1.0,deflate;q=0.6,identity;q=0.3
      Accept:
      - "*/*"
  response:
    status:
      code: 204
      message: No Content
    headers:
      X-Frame-Options:
      - SAMEORIGIN
      X-Xss-Protection:
      - '0'
      X-Content-Type-Options:
      - nosniff
      X-Permitted-Cross-Domain-Policies:
      - none
      Referrer-Policy:
      - strict-origin-when-cross-origin
      Cache-Control:
      - no-cache
      X-Request-Id:
      - e810a67f-7d46-4910-8a1d-6ac1ea9b682d
      X-Runtime:
      - '0.009334'
    body:
      encoding: UTF-8
      string: ''
  recorded_at: Mon, 15 Apr 2024 07:01:45 GMT
- request:
    method: delete
    uri: http://127.0.0.1:3000/api/v1/trips/528?user_id=100
    body:
      encoding: US-ASCII
      string: ''
    headers:
      User-Agent:
      - Faraday v2.9.0
      Accept-Encoding:
      - gzip;q=1.0,deflate;q=0.6,identity;q=0.3
      Accept:
      - "*/*"
  response:
    status:
      code: 204
      message: No Content
    headers:
      X-Frame-Options:
      - SAMEORIGIN
      X-Xss-Protection:
      - '0'
      X-Content-Type-Options:
      - nosniff
      X-Permitted-Cross-Domain-Policies:
      - none
      Referrer-Policy:
      - strict-origin-when-cross-origin
      Cache-Control:
      - no-cache
      X-Request-Id:
      - f6cf6add-b807-471c-b697-0825348809d6
      X-Runtime:
      - '0.008917'
    body:
      encoding: UTF-8
      string: ''
  recorded_at: Mon, 15 Apr 2024 07:01:45 GMT
- request:
    method: delete
    uri: http://127.0.0.1:3000/api/v1/trips/529?user_id=100
    body:
      encoding: US-ASCII
      string: ''
    headers:
      User-Agent:
      - Faraday v2.9.0
      Accept-Encoding:
      - gzip;q=1.0,deflate;q=0.6,identity;q=0.3
      Accept:
      - "*/*"
  response:
    status:
      code: 204
      message: No Content
    headers:
      X-Frame-Options:
      - SAMEORIGIN
      X-Xss-Protection:
      - '0'
      X-Content-Type-Options:
      - nosniff
      X-Permitted-Cross-Domain-Policies:
      - none
      Referrer-Policy:
      - strict-origin-when-cross-origin
      Cache-Control:
      - no-cache
      X-Request-Id:
      - 22bf003d-bc8a-4c84-a7d0-62fb23fa1f7a
      X-Runtime:
      - '0.009841'
    body:
      encoding: UTF-8
      string: ''
  recorded_at: Mon, 15 Apr 2024 07:01:45 GMT
- request:
    method: delete
    uri: http://127.0.0.1:3000/api/v1/trips/587?user_id=100
    body:
      encoding: US-ASCII
      string: ''
    headers:
      User-Agent:
      - Faraday v2.9.0
      Accept-Encoding:
      - gzip;q=1.0,deflate;q=0.6,identity;q=0.3
      Accept:
      - "*/*"
  response:
    status:
      code: 204
      message: No Content
    headers:
      X-Frame-Options:
      - SAMEORIGIN
      X-Xss-Protection:
      - '0'
      X-Content-Type-Options:
      - nosniff
      X-Permitted-Cross-Domain-Policies:
      - none
      Referrer-Policy:
      - strict-origin-when-cross-origin
      Cache-Control:
      - no-cache
      X-Request-Id:
      - 173673ad-e059-4935-ba7b-3c20e324ac09
      X-Runtime:
      - '0.008588'
    body:
      encoding: UTF-8
      string: ''
  recorded_at: Mon, 15 Apr 2024 07:02:02 GMT
- request:
    method: delete
    uri: http://127.0.0.1:3000/api/v1/trips/588?user_id=100
    body:
      encoding: US-ASCII
      string: ''
    headers:
      User-Agent:
      - Faraday v2.9.0
      Accept-Encoding:
      - gzip;q=1.0,deflate;q=0.6,identity;q=0.3
      Accept:
      - "*/*"
  response:
    status:
      code: 204
      message: No Content
    headers:
      X-Frame-Options:
      - SAMEORIGIN
      X-Xss-Protection:
      - '0'
      X-Content-Type-Options:
      - nosniff
      X-Permitted-Cross-Domain-Policies:
      - none
      Referrer-Policy:
      - strict-origin-when-cross-origin
      Cache-Control:
      - no-cache
      X-Request-Id:
      - 620367d3-b2e3-440a-bf6e-7dd260c4a3ff
      X-Runtime:
      - '0.008728'
    body:
      encoding: UTF-8
      string: ''
  recorded_at: Mon, 15 Apr 2024 07:02:02 GMT
- request:
    method: delete
    uri: http://127.0.0.1:3000/api/v1/trips/589?user_id=100
    body:
      encoding: US-ASCII
      string: ''
    headers:
      User-Agent:
      - Faraday v2.9.0
      Accept-Encoding:
      - gzip;q=1.0,deflate;q=0.6,identity;q=0.3
      Accept:
      - "*/*"
  response:
    status:
      code: 204
      message: No Content
    headers:
      X-Frame-Options:
      - SAMEORIGIN
      X-Xss-Protection:
      - '0'
      X-Content-Type-Options:
      - nosniff
      X-Permitted-Cross-Domain-Policies:
      - none
      Referrer-Policy:
      - strict-origin-when-cross-origin
      Cache-Control:
      - no-cache
      X-Request-Id:
      - 71b632e9-7fc1-4fba-8076-cf3ba40aefe6
      X-Runtime:
      - '0.015911'
    body:
      encoding: UTF-8
      string: ''
  recorded_at: Mon, 15 Apr 2024 07:02:02 GMT
- request:
    method: delete
    uri: http://127.0.0.1:3000/api/v1/trips/590?user_id=100
    body:
      encoding: US-ASCII
      string: ''
    headers:
      User-Agent:
      - Faraday v2.9.0
      Accept-Encoding:
      - gzip;q=1.0,deflate;q=0.6,identity;q=0.3
      Accept:
      - "*/*"
  response:
    status:
      code: 204
      message: No Content
    headers:
      X-Frame-Options:
      - SAMEORIGIN
      X-Xss-Protection:
      - '0'
      X-Content-Type-Options:
      - nosniff
      X-Permitted-Cross-Domain-Policies:
      - none
      Referrer-Policy:
      - strict-origin-when-cross-origin
      Cache-Control:
      - no-cache
      X-Request-Id:
      - 47556637-766b-4648-b745-e927185d42cf
      X-Runtime:
      - '0.008620'
    body:
      encoding: UTF-8
      string: ''
  recorded_at: Mon, 15 Apr 2024 07:02:02 GMT
- request:
    method: delete
    uri: http://127.0.0.1:3000/api/v1/trips/591?user_id=100
    body:
      encoding: US-ASCII
      string: ''
    headers:
      User-Agent:
      - Faraday v2.9.0
      Accept-Encoding:
      - gzip;q=1.0,deflate;q=0.6,identity;q=0.3
      Accept:
      - "*/*"
  response:
    status:
      code: 204
      message: No Content
    headers:
      X-Frame-Options:
      - SAMEORIGIN
      X-Xss-Protection:
      - '0'
      X-Content-Type-Options:
      - nosniff
      X-Permitted-Cross-Domain-Policies:
      - none
      Referrer-Policy:
      - strict-origin-when-cross-origin
      Cache-Control:
      - no-cache
      X-Request-Id:
      - 51c991aa-7078-4a01-aeb0-ce6b4dfe5db9
      X-Runtime:
      - '0.009842'
    body:
      encoding: UTF-8
      string: ''
  recorded_at: Mon, 15 Apr 2024 07:02:02 GMT
- request:
    method: delete
    uri: http://127.0.0.1:3000/api/v1/trips/605?user_id=100
    body:
      encoding: US-ASCII
      string: ''
    headers:
      User-Agent:
      - Faraday v2.9.0
      Accept-Encoding:
      - gzip;q=1.0,deflate;q=0.6,identity;q=0.3
      Accept:
      - "*/*"
  response:
    status:
      code: 204
      message: No Content
    headers:
      X-Frame-Options:
      - SAMEORIGIN
      X-Xss-Protection:
      - '0'
      X-Content-Type-Options:
      - nosniff
      X-Permitted-Cross-Domain-Policies:
      - none
      Referrer-Policy:
      - strict-origin-when-cross-origin
      Cache-Control:
      - no-cache
      X-Request-Id:
      - 813f93f1-ac3e-4ad2-b2ab-221760a47490
      X-Runtime:
      - '0.008986'
    body:
      encoding: UTF-8
      string: ''
  recorded_at: Mon, 15 Apr 2024 15:13:14 GMT
- request:
    method: delete
    uri: http://127.0.0.1:3000/api/v1/trips/606?user_id=100
    body:
      encoding: US-ASCII
      string: ''
    headers:
      User-Agent:
      - Faraday v2.9.0
      Accept-Encoding:
      - gzip;q=1.0,deflate;q=0.6,identity;q=0.3
      Accept:
      - "*/*"
  response:
    status:
      code: 204
      message: No Content
    headers:
      X-Frame-Options:
      - SAMEORIGIN
      X-Xss-Protection:
      - '0'
      X-Content-Type-Options:
      - nosniff
      X-Permitted-Cross-Domain-Policies:
      - none
      Referrer-Policy:
      - strict-origin-when-cross-origin
      Cache-Control:
      - no-cache
      X-Request-Id:
      - 0bb3233a-bb56-410c-8515-7d7b5fa119dc
      X-Runtime:
      - '0.010653'
    body:
      encoding: UTF-8
      string: ''
  recorded_at: Mon, 15 Apr 2024 15:13:14 GMT
- request:
    method: delete
    uri: http://127.0.0.1:3000/api/v1/trips/607?user_id=100
    body:
      encoding: US-ASCII
      string: ''
    headers:
      User-Agent:
      - Faraday v2.9.0
      Accept-Encoding:
      - gzip;q=1.0,deflate;q=0.6,identity;q=0.3
      Accept:
      - "*/*"
  response:
    status:
      code: 204
      message: No Content
    headers:
      X-Frame-Options:
      - SAMEORIGIN
      X-Xss-Protection:
      - '0'
      X-Content-Type-Options:
      - nosniff
      X-Permitted-Cross-Domain-Policies:
      - none
      Referrer-Policy:
      - strict-origin-when-cross-origin
      Cache-Control:
      - no-cache
      X-Request-Id:
      - 5d9375d2-cba3-4cbf-8593-158bda00f4aa
      X-Runtime:
      - '0.009871'
    body:
      encoding: UTF-8
      string: ''
  recorded_at: Mon, 15 Apr 2024 15:13:14 GMT
- request:
    method: delete
    uri: http://127.0.0.1:3000/api/v1/trips/608?user_id=100
    body:
      encoding: US-ASCII
      string: ''
    headers:
      User-Agent:
      - Faraday v2.9.0
      Accept-Encoding:
      - gzip;q=1.0,deflate;q=0.6,identity;q=0.3
      Accept:
      - "*/*"
  response:
    status:
      code: 204
      message: No Content
    headers:
      X-Frame-Options:
      - SAMEORIGIN
      X-Xss-Protection:
      - '0'
      X-Content-Type-Options:
      - nosniff
      X-Permitted-Cross-Domain-Policies:
      - none
      Referrer-Policy:
      - strict-origin-when-cross-origin
      Cache-Control:
      - no-cache
      X-Request-Id:
      - 7aed5d00-fef5-4c6b-9cc3-ff023eb45d28
      X-Runtime:
      - '0.009940'
    body:
      encoding: UTF-8
      string: ''
  recorded_at: Mon, 15 Apr 2024 15:13:14 GMT
- request:
    method: delete
    uri: http://127.0.0.1:3000/api/v1/trips/609?user_id=100
    body:
      encoding: US-ASCII
      string: ''
    headers:
      User-Agent:
      - Faraday v2.9.0
      Accept-Encoding:
      - gzip;q=1.0,deflate;q=0.6,identity;q=0.3
      Accept:
      - "*/*"
  response:
    status:
      code: 204
      message: No Content
    headers:
      X-Frame-Options:
      - SAMEORIGIN
      X-Xss-Protection:
      - '0'
      X-Content-Type-Options:
      - nosniff
      X-Permitted-Cross-Domain-Policies:
      - none
      Referrer-Policy:
      - strict-origin-when-cross-origin
      Cache-Control:
      - no-cache
      X-Request-Id:
      - 178cc03c-f7c9-43a1-b49c-ba44e8cb3bfc
      X-Runtime:
      - '0.008318'
    body:
      encoding: UTF-8
      string: ''
  recorded_at: Mon, 15 Apr 2024 15:13:14 GMT
- request:
    method: delete
    uri: http://127.0.0.1:3000/api/v1/trips/623?user_id=100
    body:
      encoding: US-ASCII
      string: ''
    headers:
      User-Agent:
      - Faraday v2.9.0
      Accept-Encoding:
      - gzip;q=1.0,deflate;q=0.6,identity;q=0.3
      Accept:
      - "*/*"
  response:
    status:
      code: 204
      message: No Content
    headers:
      X-Frame-Options:
      - SAMEORIGIN
      X-Xss-Protection:
      - '0'
      X-Content-Type-Options:
      - nosniff
      X-Permitted-Cross-Domain-Policies:
      - none
      Referrer-Policy:
      - strict-origin-when-cross-origin
      Cache-Control:
      - no-cache
      X-Request-Id:
      - fd98b7fa-b273-4117-9aa2-167d95abc211
      X-Runtime:
      - '0.011948'
    body:
      encoding: UTF-8
      string: ''
  recorded_at: Mon, 15 Apr 2024 15:33:12 GMT
- request:
    method: delete
    uri: http://127.0.0.1:3000/api/v1/trips/624?user_id=100
    body:
      encoding: US-ASCII
      string: ''
    headers:
      User-Agent:
      - Faraday v2.9.0
      Accept-Encoding:
      - gzip;q=1.0,deflate;q=0.6,identity;q=0.3
      Accept:
      - "*/*"
  response:
    status:
      code: 204
      message: No Content
    headers:
      X-Frame-Options:
      - SAMEORIGIN
      X-Xss-Protection:
      - '0'
      X-Content-Type-Options:
      - nosniff
      X-Permitted-Cross-Domain-Policies:
      - none
      Referrer-Policy:
      - strict-origin-when-cross-origin
      Cache-Control:
      - no-cache
      X-Request-Id:
      - e0bb03b5-5cd0-4397-acba-cc9dae13688c
      X-Runtime:
      - '0.010441'
    body:
      encoding: UTF-8
      string: ''
  recorded_at: Mon, 15 Apr 2024 15:33:12 GMT
- request:
    method: delete
    uri: http://127.0.0.1:3000/api/v1/trips/625?user_id=100
    body:
      encoding: US-ASCII
      string: ''
    headers:
      User-Agent:
      - Faraday v2.9.0
      Accept-Encoding:
      - gzip;q=1.0,deflate;q=0.6,identity;q=0.3
      Accept:
      - "*/*"
  response:
    status:
      code: 204
      message: No Content
    headers:
      X-Frame-Options:
      - SAMEORIGIN
      X-Xss-Protection:
      - '0'
      X-Content-Type-Options:
      - nosniff
      X-Permitted-Cross-Domain-Policies:
      - none
      Referrer-Policy:
      - strict-origin-when-cross-origin
      Cache-Control:
      - no-cache
      X-Request-Id:
      - fb9af97a-0648-4d05-8d17-8c34b27c02d8
      X-Runtime:
      - '0.009942'
    body:
      encoding: UTF-8
      string: ''
  recorded_at: Mon, 15 Apr 2024 15:33:12 GMT
- request:
    method: delete
    uri: http://127.0.0.1:3000/api/v1/trips/626?user_id=100
    body:
      encoding: US-ASCII
      string: ''
    headers:
      User-Agent:
      - Faraday v2.9.0
      Accept-Encoding:
      - gzip;q=1.0,deflate;q=0.6,identity;q=0.3
      Accept:
      - "*/*"
  response:
    status:
      code: 204
      message: No Content
    headers:
      X-Frame-Options:
      - SAMEORIGIN
      X-Xss-Protection:
      - '0'
      X-Content-Type-Options:
      - nosniff
      X-Permitted-Cross-Domain-Policies:
      - none
      Referrer-Policy:
      - strict-origin-when-cross-origin
      Cache-Control:
      - no-cache
      X-Request-Id:
      - 591dc46a-3fbf-4478-8a68-820f88b9c058
      X-Runtime:
      - '0.010139'
    body:
      encoding: UTF-8
      string: ''
  recorded_at: Mon, 15 Apr 2024 15:33:12 GMT
- request:
    method: delete
    uri: http://127.0.0.1:3000/api/v1/trips/627?user_id=100
    body:
      encoding: US-ASCII
      string: ''
    headers:
      User-Agent:
      - Faraday v2.9.0
      Accept-Encoding:
      - gzip;q=1.0,deflate;q=0.6,identity;q=0.3
      Accept:
      - "*/*"
  response:
    status:
      code: 204
      message: No Content
    headers:
      X-Frame-Options:
      - SAMEORIGIN
      X-Xss-Protection:
      - '0'
      X-Content-Type-Options:
      - nosniff
      X-Permitted-Cross-Domain-Policies:
      - none
      Referrer-Policy:
      - strict-origin-when-cross-origin
      Cache-Control:
      - no-cache
      X-Request-Id:
      - 3ae0968b-c64d-4c08-a5c6-523a6aa4ac6c
      X-Runtime:
      - '0.021115'
    body:
      encoding: UTF-8
      string: ''
  recorded_at: Mon, 15 Apr 2024 15:33:12 GMT
- request:
    method: delete
    uri: http://127.0.0.1:3000/api/v1/trips/291?user_id=100
    body:
      encoding: US-ASCII
      string: ''
    headers:
      User-Agent:
      - Faraday v2.9.0
      Accept-Encoding:
      - gzip;q=1.0,deflate;q=0.6,identity;q=0.3
      Accept:
      - "*/*"
  response:
    status:
      code: 204
      message: No Content
    headers:
      X-Frame-Options:
      - SAMEORIGIN
      X-Xss-Protection:
      - '0'
      X-Content-Type-Options:
      - nosniff
      X-Permitted-Cross-Domain-Policies:
      - none
      Referrer-Policy:
      - strict-origin-when-cross-origin
      Cache-Control:
      - no-cache
      X-Request-Id:
      - 1b256d84-2927-4219-b85e-3f12093cf95a
      X-Runtime:
      - '0.021678'
      Server-Timing:
      - start_processing.action_controller;dur=0.00, sql.active_record;dur=6.45, instantiation.active_record;dur=0.16,
        transaction.active_record;dur=16.89, process_action.action_controller;dur=18.09
    body:
      encoding: UTF-8
      string: ''
  recorded_at: Tue, 16 Apr 2024 04:51:14 GMT
- request:
    method: delete
    uri: http://127.0.0.1:3000/api/v1/trips/292?user_id=100
    body:
      encoding: US-ASCII
      string: ''
    headers:
      User-Agent:
      - Faraday v2.9.0
      Accept-Encoding:
      - gzip;q=1.0,deflate;q=0.6,identity;q=0.3
      Accept:
      - "*/*"
  response:
    status:
      code: 204
      message: No Content
    headers:
      X-Frame-Options:
      - SAMEORIGIN
      X-Xss-Protection:
      - '0'
      X-Content-Type-Options:
      - nosniff
      X-Permitted-Cross-Domain-Policies:
      - none
      Referrer-Policy:
      - strict-origin-when-cross-origin
      Cache-Control:
      - no-cache
      X-Request-Id:
      - cd3e3287-a94b-467e-b9bd-60c2ae2e8627
      X-Runtime:
      - '0.025879'
      Server-Timing:
      - start_processing.action_controller;dur=0.00, sql.active_record;dur=8.70, instantiation.active_record;dur=0.19,
        transaction.active_record;dur=20.66, process_action.action_controller;dur=22.14
    body:
      encoding: UTF-8
      string: ''
  recorded_at: Tue, 16 Apr 2024 04:51:14 GMT
- request:
    method: delete
    uri: http://127.0.0.1:3000/api/v1/trips/293?user_id=100
    body:
      encoding: US-ASCII
      string: ''
    headers:
      User-Agent:
      - Faraday v2.9.0
      Accept-Encoding:
      - gzip;q=1.0,deflate;q=0.6,identity;q=0.3
      Accept:
      - "*/*"
  response:
    status:
      code: 204
      message: No Content
    headers:
      X-Frame-Options:
      - SAMEORIGIN
      X-Xss-Protection:
      - '0'
      X-Content-Type-Options:
      - nosniff
      X-Permitted-Cross-Domain-Policies:
      - none
      Referrer-Policy:
      - strict-origin-when-cross-origin
      Cache-Control:
      - no-cache
      X-Request-Id:
      - 33f880d0-169f-4204-9aa1-a3899ba0e955
      X-Runtime:
      - '0.032360'
      Server-Timing:
      - start_processing.action_controller;dur=0.00, sql.active_record;dur=12.99,
        instantiation.active_record;dur=0.25, transaction.active_record;dur=23.24,
        process_action.action_controller;dur=28.16
    body:
      encoding: UTF-8
      string: ''
  recorded_at: Tue, 16 Apr 2024 04:51:14 GMT
- request:
    method: delete
    uri: http://127.0.0.1:3000/api/v1/trips/294?user_id=100
    body:
      encoding: US-ASCII
      string: ''
    headers:
      User-Agent:
      - Faraday v2.9.0
      Accept-Encoding:
      - gzip;q=1.0,deflate;q=0.6,identity;q=0.3
      Accept:
      - "*/*"
  response:
    status:
      code: 204
      message: No Content
    headers:
      X-Frame-Options:
      - SAMEORIGIN
      X-Xss-Protection:
      - '0'
      X-Content-Type-Options:
      - nosniff
      X-Permitted-Cross-Domain-Policies:
      - none
      Referrer-Policy:
      - strict-origin-when-cross-origin
      Cache-Control:
      - no-cache
      X-Request-Id:
      - 35fb57a4-c0f4-44e3-9031-94dd0f3237ac
      X-Runtime:
      - '0.021377'
      Server-Timing:
      - start_processing.action_controller;dur=0.00, sql.active_record;dur=3.88, instantiation.active_record;dur=0.18,
        transaction.active_record;dur=16.31, process_action.action_controller;dur=17.57
    body:
      encoding: UTF-8
      string: ''
  recorded_at: Tue, 16 Apr 2024 04:51:14 GMT
- request:
    method: delete
    uri: http://127.0.0.1:3000/api/v1/trips/295?user_id=100
    body:
      encoding: US-ASCII
      string: ''
    headers:
      User-Agent:
      - Faraday v2.9.0
      Accept-Encoding:
      - gzip;q=1.0,deflate;q=0.6,identity;q=0.3
      Accept:
      - "*/*"
  response:
    status:
      code: 204
      message: No Content
    headers:
      X-Frame-Options:
      - SAMEORIGIN
      X-Xss-Protection:
      - '0'
      X-Content-Type-Options:
      - nosniff
      X-Permitted-Cross-Domain-Policies:
      - none
      Referrer-Policy:
      - strict-origin-when-cross-origin
      Cache-Control:
      - no-cache
      X-Request-Id:
      - 602b13d5-99a0-4ed1-9157-06d21cc11c00
      X-Runtime:
      - '0.048392'
      Server-Timing:
      - start_processing.action_controller;dur=0.00, sql.active_record;dur=25.99,
        instantiation.active_record;dur=0.24, transaction.active_record;dur=41.45,
        process_action.action_controller;dur=43.41
    body:
      encoding: UTF-8
      string: ''
  recorded_at: Tue, 16 Apr 2024 04:51:14 GMT
- request:
    method: delete
    uri: http://127.0.0.1:3000/api/v1/trips/309?user_id=100
    body:
      encoding: US-ASCII
      string: ''
    headers:
      User-Agent:
      - Faraday v2.9.0
      Accept-Encoding:
      - gzip;q=1.0,deflate;q=0.6,identity;q=0.3
      Accept:
      - "*/*"
  response:
    status:
      code: 204
      message: No Content
    headers:
      X-Frame-Options:
      - SAMEORIGIN
      X-Xss-Protection:
      - '0'
      X-Content-Type-Options:
      - nosniff
      X-Permitted-Cross-Domain-Policies:
      - none
      Referrer-Policy:
      - strict-origin-when-cross-origin
      Cache-Control:
      - no-cache
      X-Request-Id:
      - 6a04c7c1-f58c-4bc1-96a6-2774135749a8
      X-Runtime:
      - '0.022349'
      Server-Timing:
      - start_processing.action_controller;dur=0.00, sql.active_record;dur=5.93, instantiation.active_record;dur=0.20,
        transaction.active_record;dur=16.85, process_action.action_controller;dur=18.32
    body:
      encoding: UTF-8
      string: ''
  recorded_at: Tue, 16 Apr 2024 06:48:05 GMT
- request:
    method: delete
    uri: http://127.0.0.1:3000/api/v1/trips/310?user_id=100
    body:
      encoding: US-ASCII
      string: ''
    headers:
      User-Agent:
      - Faraday v2.9.0
      Accept-Encoding:
      - gzip;q=1.0,deflate;q=0.6,identity;q=0.3
      Accept:
      - "*/*"
  response:
    status:
      code: 204
      message: No Content
    headers:
      X-Frame-Options:
      - SAMEORIGIN
      X-Xss-Protection:
      - '0'
      X-Content-Type-Options:
      - nosniff
      X-Permitted-Cross-Domain-Policies:
      - none
      Referrer-Policy:
      - strict-origin-when-cross-origin
      Cache-Control:
      - no-cache
      X-Request-Id:
      - 0b16a15e-f1f9-4d98-9fdb-8a8731442a9a
      X-Runtime:
      - '0.021542'
      Server-Timing:
      - start_processing.action_controller;dur=0.00, sql.active_record;dur=5.10, instantiation.active_record;dur=0.19,
        transaction.active_record;dur=16.69, process_action.action_controller;dur=17.85
    body:
      encoding: UTF-8
      string: ''
  recorded_at: Tue, 16 Apr 2024 06:48:05 GMT
- request:
    method: delete
    uri: http://127.0.0.1:3000/api/v1/trips/311?user_id=100
    body:
      encoding: US-ASCII
      string: ''
    headers:
      User-Agent:
      - Faraday v2.9.0
      Accept-Encoding:
      - gzip;q=1.0,deflate;q=0.6,identity;q=0.3
      Accept:
      - "*/*"
  response:
    status:
      code: 204
      message: No Content
    headers:
      X-Frame-Options:
      - SAMEORIGIN
      X-Xss-Protection:
      - '0'
      X-Content-Type-Options:
      - nosniff
      X-Permitted-Cross-Domain-Policies:
      - none
      Referrer-Policy:
      - strict-origin-when-cross-origin
      Cache-Control:
      - no-cache
      X-Request-Id:
      - c7417637-303e-434e-82bc-e294be07753b
      X-Runtime:
      - '0.035546'
      Server-Timing:
      - start_processing.action_controller;dur=0.00, sql.active_record;dur=18.17,
        instantiation.active_record;dur=0.19, transaction.active_record;dur=30.72,
        process_action.action_controller;dur=31.89
    body:
      encoding: UTF-8
      string: ''
  recorded_at: Tue, 16 Apr 2024 06:48:06 GMT
- request:
    method: delete
    uri: http://127.0.0.1:3000/api/v1/trips/312?user_id=100
    body:
      encoding: US-ASCII
      string: ''
    headers:
      User-Agent:
      - Faraday v2.9.0
      Accept-Encoding:
      - gzip;q=1.0,deflate;q=0.6,identity;q=0.3
      Accept:
      - "*/*"
  response:
    status:
      code: 204
      message: No Content
    headers:
      X-Frame-Options:
      - SAMEORIGIN
      X-Xss-Protection:
      - '0'
      X-Content-Type-Options:
      - nosniff
      X-Permitted-Cross-Domain-Policies:
      - none
      Referrer-Policy:
      - strict-origin-when-cross-origin
      Cache-Control:
      - no-cache
      X-Request-Id:
      - 8a15b9c3-da16-4fd1-baf2-f3e7b852bfd7
      X-Runtime:
      - '0.022119'
      Server-Timing:
      - start_processing.action_controller;dur=0.00, sql.active_record;dur=3.90, instantiation.active_record;dur=0.55,
        transaction.active_record;dur=15.50, process_action.action_controller;dur=17.14
    body:
      encoding: UTF-8
      string: ''
  recorded_at: Tue, 16 Apr 2024 06:48:06 GMT
- request:
    method: delete
    uri: http://127.0.0.1:3000/api/v1/trips/313?user_id=100
    body:
      encoding: US-ASCII
      string: ''
    headers:
      User-Agent:
      - Faraday v2.9.0
      Accept-Encoding:
      - gzip;q=1.0,deflate;q=0.6,identity;q=0.3
      Accept:
      - "*/*"
  response:
    status:
      code: 204
      message: No Content
    headers:
      X-Frame-Options:
      - SAMEORIGIN
      X-Xss-Protection:
      - '0'
      X-Content-Type-Options:
      - nosniff
      X-Permitted-Cross-Domain-Policies:
      - none
      Referrer-Policy:
      - strict-origin-when-cross-origin
      Cache-Control:
      - no-cache
      X-Request-Id:
      - a0ab9118-8552-49e1-9195-667dab182fed
      X-Runtime:
      - '0.023531'
      Server-Timing:
      - start_processing.action_controller;dur=0.00, sql.active_record;dur=5.59, instantiation.active_record;dur=0.20,
        transaction.active_record;dur=18.66, process_action.action_controller;dur=19.97
    body:
      encoding: UTF-8
      string: ''
  recorded_at: Tue, 16 Apr 2024 06:48:06 GMT
- request:
    method: delete
    uri: http://127.0.0.1:3000/api/v1/trips/327?user_id=100
    body:
      encoding: US-ASCII
      string: ''
    headers:
      User-Agent:
      - Faraday v2.9.0
      Accept-Encoding:
      - gzip;q=1.0,deflate;q=0.6,identity;q=0.3
      Accept:
      - "*/*"
  response:
    status:
      code: 204
      message: No Content
    headers:
      X-Frame-Options:
      - SAMEORIGIN
      X-Xss-Protection:
      - '0'
      X-Content-Type-Options:
      - nosniff
      X-Permitted-Cross-Domain-Policies:
      - none
      Referrer-Policy:
      - strict-origin-when-cross-origin
      Cache-Control:
      - no-cache
      X-Request-Id:
      - ce8510a0-e071-4f32-88e1-74e52c26149b
      X-Runtime:
      - '0.022027'
      Server-Timing:
      - start_processing.action_controller;dur=0.00, sql.active_record;dur=5.74, instantiation.active_record;dur=0.18,
        transaction.active_record;dur=16.75, process_action.action_controller;dur=18.27
    body:
      encoding: UTF-8
      string: ''
  recorded_at: Tue, 16 Apr 2024 16:08:24 GMT
- request:
    method: delete
    uri: http://127.0.0.1:3000/api/v1/trips/328?user_id=100
    body:
      encoding: US-ASCII
      string: ''
    headers:
      User-Agent:
      - Faraday v2.9.0
      Accept-Encoding:
      - gzip;q=1.0,deflate;q=0.6,identity;q=0.3
      Accept:
      - "*/*"
  response:
    status:
      code: 204
      message: No Content
    headers:
      X-Frame-Options:
      - SAMEORIGIN
      X-Xss-Protection:
      - '0'
      X-Content-Type-Options:
      - nosniff
      X-Permitted-Cross-Domain-Policies:
      - none
      Referrer-Policy:
      - strict-origin-when-cross-origin
      Cache-Control:
      - no-cache
      X-Request-Id:
      - 86045ba6-902c-4ee1-92ed-c15ae2fba9be
      X-Runtime:
      - '0.024120'
      Server-Timing:
      - start_processing.action_controller;dur=0.00, sql.active_record;dur=4.92, instantiation.active_record;dur=0.18,
        transaction.active_record;dur=19.28, process_action.action_controller;dur=20.57
    body:
      encoding: UTF-8
      string: ''
  recorded_at: Tue, 16 Apr 2024 16:08:24 GMT
- request:
    method: delete
    uri: http://127.0.0.1:3000/api/v1/trips/329?user_id=100
    body:
      encoding: US-ASCII
      string: ''
    headers:
      User-Agent:
      - Faraday v2.9.0
      Accept-Encoding:
      - gzip;q=1.0,deflate;q=0.6,identity;q=0.3
      Accept:
      - "*/*"
  response:
    status:
      code: 204
      message: No Content
    headers:
      X-Frame-Options:
      - SAMEORIGIN
      X-Xss-Protection:
      - '0'
      X-Content-Type-Options:
      - nosniff
      X-Permitted-Cross-Domain-Policies:
      - none
      Referrer-Policy:
      - strict-origin-when-cross-origin
      Cache-Control:
      - no-cache
      X-Request-Id:
      - 973cbf0e-30d2-4a0e-bc89-ff5110a3c600
      X-Runtime:
      - '0.022737'
      Server-Timing:
      - start_processing.action_controller;dur=0.00, sql.active_record;dur=4.44, instantiation.active_record;dur=0.18,
        transaction.active_record;dur=17.17, process_action.action_controller;dur=18.64
    body:
      encoding: UTF-8
      string: ''
  recorded_at: Tue, 16 Apr 2024 16:08:24 GMT
- request:
    method: delete
    uri: http://127.0.0.1:3000/api/v1/trips/330?user_id=100
    body:
      encoding: US-ASCII
      string: ''
    headers:
      User-Agent:
      - Faraday v2.9.0
      Accept-Encoding:
      - gzip;q=1.0,deflate;q=0.6,identity;q=0.3
      Accept:
      - "*/*"
  response:
    status:
      code: 204
      message: No Content
    headers:
      X-Frame-Options:
      - SAMEORIGIN
      X-Xss-Protection:
      - '0'
      X-Content-Type-Options:
      - nosniff
      X-Permitted-Cross-Domain-Policies:
      - none
      Referrer-Policy:
      - strict-origin-when-cross-origin
      Cache-Control:
      - no-cache
      X-Request-Id:
      - f86c1a53-6a93-4cab-8794-9ec772616bc5
      X-Runtime:
      - '0.021460'
      Server-Timing:
      - start_processing.action_controller;dur=0.00, sql.active_record;dur=5.07, instantiation.active_record;dur=0.19,
        transaction.active_record;dur=16.10, process_action.action_controller;dur=17.22
    body:
      encoding: UTF-8
      string: ''
  recorded_at: Tue, 16 Apr 2024 16:08:24 GMT
- request:
    method: delete
    uri: http://127.0.0.1:3000/api/v1/trips/331?user_id=100
    body:
      encoding: US-ASCII
      string: ''
    headers:
      User-Agent:
      - Faraday v2.9.0
      Accept-Encoding:
      - gzip;q=1.0,deflate;q=0.6,identity;q=0.3
      Accept:
      - "*/*"
  response:
    status:
      code: 204
      message: No Content
    headers:
      X-Frame-Options:
      - SAMEORIGIN
      X-Xss-Protection:
      - '0'
      X-Content-Type-Options:
      - nosniff
      X-Permitted-Cross-Domain-Policies:
      - none
      Referrer-Policy:
      - strict-origin-when-cross-origin
      Cache-Control:
      - no-cache
      X-Request-Id:
      - 0f293c58-65cb-4eef-82e6-374a49cf6008
      X-Runtime:
      - '0.021874'
      Server-Timing:
      - start_processing.action_controller;dur=0.00, sql.active_record;dur=3.81, instantiation.active_record;dur=0.17,
        transaction.active_record;dur=14.75, process_action.action_controller;dur=16.47
    body:
      encoding: UTF-8
      string: ''
  recorded_at: Tue, 16 Apr 2024 16:08:24 GMT
- request:
    method: delete
    uri: http://127.0.0.1:3000/api/v1/trips/345?user_id=100
    body:
      encoding: US-ASCII
      string: ''
    headers:
      User-Agent:
      - Faraday v2.9.0
      Accept-Encoding:
      - gzip;q=1.0,deflate;q=0.6,identity;q=0.3
      Accept:
      - "*/*"
  response:
    status:
      code: 204
      message: No Content
    headers:
      X-Frame-Options:
      - SAMEORIGIN
      X-Xss-Protection:
      - '0'
      X-Content-Type-Options:
      - nosniff
      X-Permitted-Cross-Domain-Policies:
      - none
      Referrer-Policy:
      - strict-origin-when-cross-origin
      Cache-Control:
      - no-cache
      X-Request-Id:
      - 9d308d64-5554-4fe9-947e-ad3993c25887
      X-Runtime:
      - '0.040978'
      Server-Timing:
      - start_processing.action_controller;dur=0.00, sql.active_record;dur=20.09,
        instantiation.active_record;dur=0.23, transaction.active_record;dur=33.93,
        process_action.action_controller;dur=36.77
    body:
      encoding: UTF-8
      string: ''
  recorded_at: Tue, 16 Apr 2024 18:54:31 GMT
- request:
    method: delete
    uri: http://127.0.0.1:3000/api/v1/trips/346?user_id=100
    body:
      encoding: US-ASCII
      string: ''
    headers:
      User-Agent:
      - Faraday v2.9.0
      Accept-Encoding:
      - gzip;q=1.0,deflate;q=0.6,identity;q=0.3
      Accept:
      - "*/*"
  response:
    status:
      code: 204
      message: No Content
    headers:
      X-Frame-Options:
      - SAMEORIGIN
      X-Xss-Protection:
      - '0'
      X-Content-Type-Options:
      - nosniff
      X-Permitted-Cross-Domain-Policies:
      - none
      Referrer-Policy:
      - strict-origin-when-cross-origin
      Cache-Control:
      - no-cache
      X-Request-Id:
      - 8609b7b9-e899-4d76-adeb-11baa05310f2
      X-Runtime:
      - '0.020348'
      Server-Timing:
      - start_processing.action_controller;dur=0.00, sql.active_record;dur=3.63, instantiation.active_record;dur=0.18,
        transaction.active_record;dur=15.38, process_action.action_controller;dur=16.51
    body:
      encoding: UTF-8
      string: ''
  recorded_at: Tue, 16 Apr 2024 18:54:31 GMT
- request:
    method: delete
    uri: http://127.0.0.1:3000/api/v1/trips/347?user_id=100
    body:
      encoding: US-ASCII
      string: ''
    headers:
      User-Agent:
      - Faraday v2.9.0
      Accept-Encoding:
      - gzip;q=1.0,deflate;q=0.6,identity;q=0.3
      Accept:
      - "*/*"
  response:
    status:
      code: 204
      message: No Content
    headers:
      X-Frame-Options:
      - SAMEORIGIN
      X-Xss-Protection:
      - '0'
      X-Content-Type-Options:
      - nosniff
      X-Permitted-Cross-Domain-Policies:
      - none
      Referrer-Policy:
      - strict-origin-when-cross-origin
      Cache-Control:
      - no-cache
      X-Request-Id:
      - fd377146-3b1a-4933-b49f-47317ba12a4f
      X-Runtime:
      - '0.019856'
      Server-Timing:
      - start_processing.action_controller;dur=0.00, sql.active_record;dur=4.37, instantiation.active_record;dur=0.20,
        transaction.active_record;dur=14.71, process_action.action_controller;dur=15.89
    body:
      encoding: UTF-8
      string: ''
  recorded_at: Tue, 16 Apr 2024 18:54:31 GMT
- request:
    method: delete
    uri: http://127.0.0.1:3000/api/v1/trips/348?user_id=100
    body:
      encoding: US-ASCII
      string: ''
    headers:
      User-Agent:
      - Faraday v2.9.0
      Accept-Encoding:
      - gzip;q=1.0,deflate;q=0.6,identity;q=0.3
      Accept:
      - "*/*"
  response:
    status:
      code: 204
      message: No Content
    headers:
      X-Frame-Options:
      - SAMEORIGIN
      X-Xss-Protection:
      - '0'
      X-Content-Type-Options:
      - nosniff
      X-Permitted-Cross-Domain-Policies:
      - none
      Referrer-Policy:
      - strict-origin-when-cross-origin
      Cache-Control:
      - no-cache
      X-Request-Id:
      - 9529d378-567c-4289-b122-2751f2aa93f6
      X-Runtime:
      - '0.026690'
      Server-Timing:
      - start_processing.action_controller;dur=0.00, sql.active_record;dur=6.32, instantiation.active_record;dur=0.17,
        transaction.active_record;dur=21.41, process_action.action_controller;dur=22.73
    body:
      encoding: UTF-8
      string: ''
  recorded_at: Tue, 16 Apr 2024 18:54:31 GMT
- request:
    method: delete
    uri: http://127.0.0.1:3000/api/v1/trips/349?user_id=100
    body:
      encoding: US-ASCII
      string: ''
    headers:
      User-Agent:
      - Faraday v2.9.0
      Accept-Encoding:
      - gzip;q=1.0,deflate;q=0.6,identity;q=0.3
      Accept:
      - "*/*"
  response:
    status:
      code: 204
      message: No Content
    headers:
      X-Frame-Options:
      - SAMEORIGIN
      X-Xss-Protection:
      - '0'
      X-Content-Type-Options:
      - nosniff
      X-Permitted-Cross-Domain-Policies:
      - none
      Referrer-Policy:
      - strict-origin-when-cross-origin
      Cache-Control:
      - no-cache
      X-Request-Id:
      - a4f03526-5435-4ca7-86cb-15210b66a43f
      X-Runtime:
      - '0.035519'
      Server-Timing:
      - start_processing.action_controller;dur=0.00, sql.active_record;dur=17.35,
        instantiation.active_record;dur=0.61, transaction.active_record;dur=29.52,
        process_action.action_controller;dur=30.98
    body:
      encoding: UTF-8
      string: ''
  recorded_at: Tue, 16 Apr 2024 18:54:31 GMT
- request:
    method: delete
    uri: http://127.0.0.1:3000/api/v1/trips/363?user_id=100
    body:
      encoding: US-ASCII
      string: ''
    headers:
      User-Agent:
      - Faraday v2.9.0
      Accept-Encoding:
      - gzip;q=1.0,deflate;q=0.6,identity;q=0.3
      Accept:
      - "*/*"
  response:
    status:
      code: 204
      message: No Content
    headers:
      X-Frame-Options:
      - SAMEORIGIN
      X-Xss-Protection:
      - '0'
      X-Content-Type-Options:
      - nosniff
      X-Permitted-Cross-Domain-Policies:
      - none
      Referrer-Policy:
      - strict-origin-when-cross-origin
      Cache-Control:
      - no-cache
      X-Request-Id:
      - 0e0efc2e-03c0-4460-8636-e760fb143fff
      X-Runtime:
      - '0.020170'
      Server-Timing:
      - start_processing.action_controller;dur=0.00, sql.active_record;dur=5.29, instantiation.active_record;dur=0.16,
        transaction.active_record;dur=15.55, process_action.action_controller;dur=16.78
    body:
      encoding: UTF-8
      string: ''
  recorded_at: Tue, 16 Apr 2024 18:54:57 GMT
- request:
    method: delete
    uri: http://127.0.0.1:3000/api/v1/trips/364?user_id=100
    body:
      encoding: US-ASCII
      string: ''
    headers:
      User-Agent:
      - Faraday v2.9.0
      Accept-Encoding:
      - gzip;q=1.0,deflate;q=0.6,identity;q=0.3
      Accept:
      - "*/*"
  response:
    status:
      code: 204
      message: No Content
    headers:
      X-Frame-Options:
      - SAMEORIGIN
      X-Xss-Protection:
      - '0'
      X-Content-Type-Options:
      - nosniff
      X-Permitted-Cross-Domain-Policies:
      - none
      Referrer-Policy:
      - strict-origin-when-cross-origin
      Cache-Control:
      - no-cache
      X-Request-Id:
      - f2dc0481-6083-4143-b314-7d10b084b417
      X-Runtime:
      - '0.021334'
      Server-Timing:
      - start_processing.action_controller;dur=0.00, sql.active_record;dur=4.42, instantiation.active_record;dur=0.17,
        transaction.active_record;dur=16.65, process_action.action_controller;dur=17.85
    body:
      encoding: UTF-8
      string: ''
  recorded_at: Tue, 16 Apr 2024 18:54:57 GMT
- request:
    method: delete
    uri: http://127.0.0.1:3000/api/v1/trips/365?user_id=100
    body:
      encoding: US-ASCII
      string: ''
    headers:
      User-Agent:
      - Faraday v2.9.0
      Accept-Encoding:
      - gzip;q=1.0,deflate;q=0.6,identity;q=0.3
      Accept:
      - "*/*"
  response:
    status:
      code: 204
      message: No Content
    headers:
      X-Frame-Options:
      - SAMEORIGIN
      X-Xss-Protection:
      - '0'
      X-Content-Type-Options:
      - nosniff
      X-Permitted-Cross-Domain-Policies:
      - none
      Referrer-Policy:
      - strict-origin-when-cross-origin
      Cache-Control:
      - no-cache
      X-Request-Id:
      - dc5353f9-304b-4d16-92a5-9c74714ca727
      X-Runtime:
      - '0.025122'
      Server-Timing:
      - start_processing.action_controller;dur=0.00, sql.active_record;dur=7.89, instantiation.active_record;dur=0.20,
        transaction.active_record;dur=19.22, process_action.action_controller;dur=21.47
    body:
      encoding: UTF-8
      string: ''
  recorded_at: Tue, 16 Apr 2024 18:54:57 GMT
- request:
    method: delete
    uri: http://127.0.0.1:3000/api/v1/trips/366?user_id=100
    body:
      encoding: US-ASCII
      string: ''
    headers:
      User-Agent:
      - Faraday v2.9.0
      Accept-Encoding:
      - gzip;q=1.0,deflate;q=0.6,identity;q=0.3
      Accept:
      - "*/*"
  response:
    status:
      code: 204
      message: No Content
    headers:
      X-Frame-Options:
      - SAMEORIGIN
      X-Xss-Protection:
      - '0'
      X-Content-Type-Options:
      - nosniff
      X-Permitted-Cross-Domain-Policies:
      - none
      Referrer-Policy:
      - strict-origin-when-cross-origin
      Cache-Control:
      - no-cache
      X-Request-Id:
      - 481e66ea-8d07-4336-a734-55dc0e1312bf
      X-Runtime:
      - '0.027368'
      Server-Timing:
      - start_processing.action_controller;dur=0.00, sql.active_record;dur=6.14, instantiation.active_record;dur=0.21,
        transaction.active_record;dur=21.36, process_action.action_controller;dur=22.94
    body:
      encoding: UTF-8
      string: ''
  recorded_at: Tue, 16 Apr 2024 18:54:57 GMT
- request:
    method: delete
    uri: http://127.0.0.1:3000/api/v1/trips/367?user_id=100
    body:
      encoding: US-ASCII
      string: ''
    headers:
      User-Agent:
      - Faraday v2.9.0
      Accept-Encoding:
      - gzip;q=1.0,deflate;q=0.6,identity;q=0.3
      Accept:
      - "*/*"
  response:
    status:
      code: 204
      message: No Content
    headers:
      X-Frame-Options:
      - SAMEORIGIN
      X-Xss-Protection:
      - '0'
      X-Content-Type-Options:
      - nosniff
      X-Permitted-Cross-Domain-Policies:
      - none
      Referrer-Policy:
      - strict-origin-when-cross-origin
      Cache-Control:
      - no-cache
      X-Request-Id:
      - 1e89e159-0d04-4ee1-8404-651a95d9ee94
      X-Runtime:
      - '0.029033'
      Server-Timing:
      - start_processing.action_controller;dur=0.00, sql.active_record;dur=11.65,
        instantiation.active_record;dur=0.20, transaction.active_record;dur=22.68,
        process_action.action_controller;dur=24.23
    body:
      encoding: UTF-8
      string: ''
  recorded_at: Tue, 16 Apr 2024 18:54:57 GMT
- request:
    method: delete
    uri: http://127.0.0.1:3000/api/v1/trips/381?user_id=100
    body:
      encoding: US-ASCII
      string: ''
    headers:
      User-Agent:
      - Faraday v2.9.0
      Accept-Encoding:
      - gzip;q=1.0,deflate;q=0.6,identity;q=0.3
      Accept:
      - "*/*"
  response:
    status:
      code: 204
      message: No Content
    headers:
      X-Frame-Options:
      - SAMEORIGIN
      X-Xss-Protection:
      - '0'
      X-Content-Type-Options:
      - nosniff
      X-Permitted-Cross-Domain-Policies:
      - none
      Referrer-Policy:
      - strict-origin-when-cross-origin
      Cache-Control:
      - no-cache
      X-Request-Id:
      - e50ad4b9-f4f8-40e2-95bd-102ac09b4888
      X-Runtime:
      - '0.017997'
      Server-Timing:
      - start_processing.action_controller;dur=0.00, sql.active_record;dur=2.53, instantiation.active_record;dur=0.16,
        transaction.active_record;dur=13.11, process_action.action_controller;dur=14.25
    body:
      encoding: UTF-8
      string: ''
  recorded_at: Tue, 16 Apr 2024 18:55:11 GMT
- request:
    method: delete
    uri: http://127.0.0.1:3000/api/v1/trips/382?user_id=100
    body:
      encoding: US-ASCII
      string: ''
    headers:
      User-Agent:
      - Faraday v2.9.0
      Accept-Encoding:
      - gzip;q=1.0,deflate;q=0.6,identity;q=0.3
      Accept:
      - "*/*"
  response:
    status:
      code: 204
      message: No Content
    headers:
      X-Frame-Options:
      - SAMEORIGIN
      X-Xss-Protection:
      - '0'
      X-Content-Type-Options:
      - nosniff
      X-Permitted-Cross-Domain-Policies:
      - none
      Referrer-Policy:
      - strict-origin-when-cross-origin
      Cache-Control:
      - no-cache
      X-Request-Id:
      - 0ec0383e-c641-43d9-b586-384661d466fe
      X-Runtime:
      - '0.027273'
      Server-Timing:
      - start_processing.action_controller;dur=0.00, sql.active_record;dur=4.79, instantiation.active_record;dur=0.20,
        transaction.active_record;dur=20.43, process_action.action_controller;dur=21.65
    body:
      encoding: UTF-8
      string: ''
  recorded_at: Tue, 16 Apr 2024 18:55:11 GMT
- request:
    method: delete
    uri: http://127.0.0.1:3000/api/v1/trips/383?user_id=100
    body:
      encoding: US-ASCII
      string: ''
    headers:
      User-Agent:
      - Faraday v2.9.0
      Accept-Encoding:
      - gzip;q=1.0,deflate;q=0.6,identity;q=0.3
      Accept:
      - "*/*"
  response:
    status:
      code: 204
      message: No Content
    headers:
      X-Frame-Options:
      - SAMEORIGIN
      X-Xss-Protection:
      - '0'
      X-Content-Type-Options:
      - nosniff
      X-Permitted-Cross-Domain-Policies:
      - none
      Referrer-Policy:
      - strict-origin-when-cross-origin
      Cache-Control:
      - no-cache
      X-Request-Id:
      - d21ff2eb-5511-4fb3-b31c-c9475014e305
      X-Runtime:
      - '0.060847'
      Server-Timing:
      - start_processing.action_controller;dur=0.00, sql.active_record;dur=22.54,
        instantiation.active_record;dur=0.21, transaction.active_record;dur=47.43,
        process_action.action_controller;dur=51.22
    body:
      encoding: UTF-8
      string: ''
  recorded_at: Tue, 16 Apr 2024 18:55:11 GMT
- request:
    method: delete
    uri: http://127.0.0.1:3000/api/v1/trips/384?user_id=100
    body:
      encoding: US-ASCII
      string: ''
    headers:
      User-Agent:
      - Faraday v2.9.0
      Accept-Encoding:
      - gzip;q=1.0,deflate;q=0.6,identity;q=0.3
      Accept:
      - "*/*"
  response:
    status:
      code: 204
      message: No Content
    headers:
      X-Frame-Options:
      - SAMEORIGIN
      X-Xss-Protection:
      - '0'
      X-Content-Type-Options:
      - nosniff
      X-Permitted-Cross-Domain-Policies:
      - none
      Referrer-Policy:
      - strict-origin-when-cross-origin
      Cache-Control:
      - no-cache
      X-Request-Id:
      - bd349df7-33ce-45e4-bcc9-d4d9181ac2b4
      X-Runtime:
      - '0.019283'
      Server-Timing:
      - start_processing.action_controller;dur=0.00, sql.active_record;dur=4.14, instantiation.active_record;dur=0.18,
        transaction.active_record;dur=14.42, process_action.action_controller;dur=15.51
    body:
      encoding: UTF-8
      string: ''
  recorded_at: Tue, 16 Apr 2024 18:55:11 GMT
- request:
    method: delete
    uri: http://127.0.0.1:3000/api/v1/trips/385?user_id=100
    body:
      encoding: US-ASCII
      string: ''
    headers:
      User-Agent:
      - Faraday v2.9.0
      Accept-Encoding:
      - gzip;q=1.0,deflate;q=0.6,identity;q=0.3
      Accept:
      - "*/*"
  response:
    status:
      code: 204
      message: No Content
    headers:
      X-Frame-Options:
      - SAMEORIGIN
      X-Xss-Protection:
      - '0'
      X-Content-Type-Options:
      - nosniff
      X-Permitted-Cross-Domain-Policies:
      - none
      Referrer-Policy:
      - strict-origin-when-cross-origin
      Cache-Control:
      - no-cache
      X-Request-Id:
      - c68dd6f1-efe3-4ebc-b79f-63ba70e43fca
      X-Runtime:
      - '0.022462'
      Server-Timing:
      - start_processing.action_controller;dur=0.00, sql.active_record;dur=4.26, instantiation.active_record;dur=0.18,
        transaction.active_record;dur=17.25, process_action.action_controller;dur=18.75
    body:
      encoding: UTF-8
      string: ''
  recorded_at: Tue, 16 Apr 2024 18:55:11 GMT
- request:
    method: delete
    uri: http://127.0.0.1:3000/api/v1/trips/399?user_id=100
    body:
      encoding: US-ASCII
      string: ''
    headers:
      User-Agent:
      - Faraday v2.9.0
      Accept-Encoding:
      - gzip;q=1.0,deflate;q=0.6,identity;q=0.3
      Accept:
      - "*/*"
  response:
    status:
      code: 204
      message: No Content
    headers:
      X-Frame-Options:
      - SAMEORIGIN
      X-Xss-Protection:
      - '0'
      X-Content-Type-Options:
      - nosniff
      X-Permitted-Cross-Domain-Policies:
      - none
      Referrer-Policy:
      - strict-origin-when-cross-origin
      Cache-Control:
      - no-cache
      X-Request-Id:
      - e758c778-d072-4848-baaf-4e8734de5308
      X-Runtime:
      - '0.018262'
      Server-Timing:
      - start_processing.action_controller;dur=0.00, sql.active_record;dur=2.93, instantiation.active_record;dur=0.38,
        transaction.active_record;dur=13.63, process_action.action_controller;dur=14.76
    body:
      encoding: UTF-8
      string: ''
  recorded_at: Tue, 16 Apr 2024 18:55:35 GMT
- request:
    method: delete
    uri: http://127.0.0.1:3000/api/v1/trips/400?user_id=100
    body:
      encoding: US-ASCII
      string: ''
    headers:
      User-Agent:
      - Faraday v2.9.0
      Accept-Encoding:
      - gzip;q=1.0,deflate;q=0.6,identity;q=0.3
      Accept:
      - "*/*"
  response:
    status:
      code: 204
      message: No Content
    headers:
      X-Frame-Options:
      - SAMEORIGIN
      X-Xss-Protection:
      - '0'
      X-Content-Type-Options:
      - nosniff
      X-Permitted-Cross-Domain-Policies:
      - none
      Referrer-Policy:
      - strict-origin-when-cross-origin
      Cache-Control:
      - no-cache
      X-Request-Id:
      - eea46c64-7848-494e-b221-7dba9bcb0b45
      X-Runtime:
      - '0.018445'
      Server-Timing:
      - start_processing.action_controller;dur=0.00, sql.active_record;dur=2.67, instantiation.active_record;dur=0.44,
        transaction.active_record;dur=13.41, process_action.action_controller;dur=14.60
    body:
      encoding: UTF-8
      string: ''
  recorded_at: Tue, 16 Apr 2024 18:55:35 GMT
- request:
    method: delete
    uri: http://127.0.0.1:3000/api/v1/trips/401?user_id=100
    body:
      encoding: US-ASCII
      string: ''
    headers:
      User-Agent:
      - Faraday v2.9.0
      Accept-Encoding:
      - gzip;q=1.0,deflate;q=0.6,identity;q=0.3
      Accept:
      - "*/*"
  response:
    status:
      code: 204
      message: No Content
    headers:
      X-Frame-Options:
      - SAMEORIGIN
      X-Xss-Protection:
      - '0'
      X-Content-Type-Options:
      - nosniff
      X-Permitted-Cross-Domain-Policies:
      - none
      Referrer-Policy:
      - strict-origin-when-cross-origin
      Cache-Control:
      - no-cache
      X-Request-Id:
      - 508dcebb-6ae2-450c-abc5-782ad6fc16f1
      X-Runtime:
      - '0.021159'
      Server-Timing:
      - start_processing.action_controller;dur=0.00, sql.active_record;dur=3.43, instantiation.active_record;dur=0.18,
        transaction.active_record;dur=15.57, process_action.action_controller;dur=16.91
    body:
      encoding: UTF-8
      string: ''
  recorded_at: Tue, 16 Apr 2024 18:55:35 GMT
- request:
    method: delete
    uri: http://127.0.0.1:3000/api/v1/trips/402?user_id=100
    body:
      encoding: US-ASCII
      string: ''
    headers:
      User-Agent:
      - Faraday v2.9.0
      Accept-Encoding:
      - gzip;q=1.0,deflate;q=0.6,identity;q=0.3
      Accept:
      - "*/*"
  response:
    status:
      code: 204
      message: No Content
    headers:
      X-Frame-Options:
      - SAMEORIGIN
      X-Xss-Protection:
      - '0'
      X-Content-Type-Options:
      - nosniff
      X-Permitted-Cross-Domain-Policies:
      - none
      Referrer-Policy:
      - strict-origin-when-cross-origin
      Cache-Control:
      - no-cache
      X-Request-Id:
      - 466e55d3-b249-4352-8983-03c827cb9f96
      X-Runtime:
      - '0.020130'
      Server-Timing:
      - start_processing.action_controller;dur=0.00, sql.active_record;dur=3.75, instantiation.active_record;dur=0.18,
        transaction.active_record;dur=14.18, process_action.action_controller;dur=15.37
    body:
      encoding: UTF-8
      string: ''
  recorded_at: Tue, 16 Apr 2024 18:55:35 GMT
- request:
    method: delete
    uri: http://127.0.0.1:3000/api/v1/trips/403?user_id=100
    body:
      encoding: US-ASCII
      string: ''
    headers:
      User-Agent:
      - Faraday v2.9.0
      Accept-Encoding:
      - gzip;q=1.0,deflate;q=0.6,identity;q=0.3
      Accept:
      - "*/*"
  response:
    status:
      code: 204
      message: No Content
    headers:
      X-Frame-Options:
      - SAMEORIGIN
      X-Xss-Protection:
      - '0'
      X-Content-Type-Options:
      - nosniff
      X-Permitted-Cross-Domain-Policies:
      - none
      Referrer-Policy:
      - strict-origin-when-cross-origin
      Cache-Control:
      - no-cache
      X-Request-Id:
      - d46819a6-4844-4e30-b13c-be8ca05c7b7b
      X-Runtime:
      - '0.021567'
      Server-Timing:
      - start_processing.action_controller;dur=0.00, sql.active_record;dur=4.47, instantiation.active_record;dur=0.17,
        transaction.active_record;dur=16.73, process_action.action_controller;dur=17.78
    body:
      encoding: UTF-8
      string: ''
  recorded_at: Tue, 16 Apr 2024 18:55:35 GMT
- request:
    method: delete
    uri: http://127.0.0.1:3000/api/v1/trips/417?user_id=100
    body:
      encoding: US-ASCII
      string: ''
    headers:
      User-Agent:
      - Faraday v2.9.0
      Accept-Encoding:
      - gzip;q=1.0,deflate;q=0.6,identity;q=0.3
      Accept:
      - "*/*"
  response:
    status:
      code: 204
      message: No Content
    headers:
      X-Frame-Options:
      - SAMEORIGIN
      X-Xss-Protection:
      - '0'
      X-Content-Type-Options:
      - nosniff
      X-Permitted-Cross-Domain-Policies:
      - none
      Referrer-Policy:
      - strict-origin-when-cross-origin
      Cache-Control:
      - no-cache
      X-Request-Id:
      - d9613a9e-3df9-4d01-b04f-16c124300237
      X-Runtime:
      - '0.018823'
      Server-Timing:
      - start_processing.action_controller;dur=0.00, sql.active_record;dur=2.86, instantiation.active_record;dur=0.16,
        transaction.active_record;dur=13.67, process_action.action_controller;dur=15.02
    body:
      encoding: UTF-8
      string: ''
  recorded_at: Tue, 16 Apr 2024 18:55:42 GMT
- request:
    method: delete
    uri: http://127.0.0.1:3000/api/v1/trips/418?user_id=100
    body:
      encoding: US-ASCII
      string: ''
    headers:
      User-Agent:
      - Faraday v2.9.0
      Accept-Encoding:
      - gzip;q=1.0,deflate;q=0.6,identity;q=0.3
      Accept:
      - "*/*"
  response:
    status:
      code: 204
      message: No Content
    headers:
      X-Frame-Options:
      - SAMEORIGIN
      X-Xss-Protection:
      - '0'
      X-Content-Type-Options:
      - nosniff
      X-Permitted-Cross-Domain-Policies:
      - none
      Referrer-Policy:
      - strict-origin-when-cross-origin
      Cache-Control:
      - no-cache
      X-Request-Id:
      - f7b481cf-9864-44e7-a8e8-b3a1642296d3
      X-Runtime:
      - '0.036467'
      Server-Timing:
      - start_processing.action_controller;dur=0.00, sql.active_record;dur=12.98,
        instantiation.active_record;dur=0.20, transaction.active_record;dur=30.56,
        process_action.action_controller;dur=31.89
    body:
      encoding: UTF-8
      string: ''
  recorded_at: Tue, 16 Apr 2024 18:55:42 GMT
- request:
    method: delete
    uri: http://127.0.0.1:3000/api/v1/trips/419?user_id=100
    body:
      encoding: US-ASCII
      string: ''
    headers:
      User-Agent:
      - Faraday v2.9.0
      Accept-Encoding:
      - gzip;q=1.0,deflate;q=0.6,identity;q=0.3
      Accept:
      - "*/*"
  response:
    status:
      code: 204
      message: No Content
    headers:
      X-Frame-Options:
      - SAMEORIGIN
      X-Xss-Protection:
      - '0'
      X-Content-Type-Options:
      - nosniff
      X-Permitted-Cross-Domain-Policies:
      - none
      Referrer-Policy:
      - strict-origin-when-cross-origin
      Cache-Control:
      - no-cache
      X-Request-Id:
      - c18767b9-0269-4b13-892a-7d33d2bd57cb
      X-Runtime:
      - '0.022095'
      Server-Timing:
      - start_processing.action_controller;dur=0.00, sql.active_record;dur=2.50, instantiation.active_record;dur=0.23,
        transaction.active_record;dur=13.98, process_action.action_controller;dur=16.29
    body:
      encoding: UTF-8
      string: ''
  recorded_at: Tue, 16 Apr 2024 18:55:42 GMT
- request:
    method: delete
    uri: http://127.0.0.1:3000/api/v1/trips/420?user_id=100
    body:
      encoding: US-ASCII
      string: ''
    headers:
      User-Agent:
      - Faraday v2.9.0
      Accept-Encoding:
      - gzip;q=1.0,deflate;q=0.6,identity;q=0.3
      Accept:
      - "*/*"
  response:
    status:
      code: 204
      message: No Content
    headers:
      X-Frame-Options:
      - SAMEORIGIN
      X-Xss-Protection:
      - '0'
      X-Content-Type-Options:
      - nosniff
      X-Permitted-Cross-Domain-Policies:
      - none
      Referrer-Policy:
      - strict-origin-when-cross-origin
      Cache-Control:
      - no-cache
      X-Request-Id:
      - 2802549a-717f-44df-8ad2-c94c154a1cf2
      X-Runtime:
      - '0.020379'
      Server-Timing:
      - start_processing.action_controller;dur=0.00, sql.active_record;dur=2.71, instantiation.active_record;dur=0.16,
        transaction.active_record;dur=15.79, process_action.action_controller;dur=16.71
    body:
      encoding: UTF-8
      string: ''
  recorded_at: Tue, 16 Apr 2024 18:55:42 GMT
- request:
    method: delete
    uri: http://127.0.0.1:3000/api/v1/trips/421?user_id=100
    body:
      encoding: US-ASCII
      string: ''
    headers:
      User-Agent:
      - Faraday v2.9.0
      Accept-Encoding:
      - gzip;q=1.0,deflate;q=0.6,identity;q=0.3
      Accept:
      - "*/*"
  response:
    status:
      code: 204
      message: No Content
    headers:
      X-Frame-Options:
      - SAMEORIGIN
      X-Xss-Protection:
      - '0'
      X-Content-Type-Options:
      - nosniff
      X-Permitted-Cross-Domain-Policies:
      - none
      Referrer-Policy:
      - strict-origin-when-cross-origin
      Cache-Control:
      - no-cache
      X-Request-Id:
      - cd64b357-8813-4f8a-8402-0efb0e0129cb
      X-Runtime:
      - '0.026082'
      Server-Timing:
      - start_processing.action_controller;dur=0.00, sql.active_record;dur=4.68, instantiation.active_record;dur=0.66,
        transaction.active_record;dur=18.86, process_action.action_controller;dur=20.10
    body:
      encoding: UTF-8
      string: ''
  recorded_at: Tue, 16 Apr 2024 18:55:42 GMT
- request:
    method: delete
    uri: http://127.0.0.1:3000/api/v1/trips/435?user_id=100
    body:
      encoding: US-ASCII
      string: ''
    headers:
      User-Agent:
      - Faraday v2.9.0
      Accept-Encoding:
      - gzip;q=1.0,deflate;q=0.6,identity;q=0.3
      Accept:
      - "*/*"
  response:
    status:
      code: 204
      message: No Content
    headers:
      X-Frame-Options:
      - SAMEORIGIN
      X-Xss-Protection:
      - '0'
      X-Content-Type-Options:
      - nosniff
      X-Permitted-Cross-Domain-Policies:
      - none
      Referrer-Policy:
      - strict-origin-when-cross-origin
      Cache-Control:
      - no-cache
      X-Request-Id:
      - c8739668-eb5f-49df-b16a-038111ddc812
      X-Runtime:
      - '0.019744'
      Server-Timing:
      - start_processing.action_controller;dur=0.00, sql.active_record;dur=3.90, instantiation.active_record;dur=0.18,
        transaction.active_record;dur=14.54, process_action.action_controller;dur=15.74
    body:
      encoding: UTF-8
      string: ''
  recorded_at: Tue, 16 Apr 2024 18:56:25 GMT
- request:
    method: delete
    uri: http://127.0.0.1:3000/api/v1/trips/436?user_id=100
    body:
      encoding: US-ASCII
      string: ''
    headers:
      User-Agent:
      - Faraday v2.9.0
      Accept-Encoding:
      - gzip;q=1.0,deflate;q=0.6,identity;q=0.3
      Accept:
      - "*/*"
  response:
    status:
      code: 204
      message: No Content
    headers:
      X-Frame-Options:
      - SAMEORIGIN
      X-Xss-Protection:
      - '0'
      X-Content-Type-Options:
      - nosniff
      X-Permitted-Cross-Domain-Policies:
      - none
      Referrer-Policy:
      - strict-origin-when-cross-origin
      Cache-Control:
      - no-cache
      X-Request-Id:
      - 3cd299c4-4f1f-48e7-90bc-0d68d93e3705
      X-Runtime:
      - '0.018628'
      Server-Timing:
      - start_processing.action_controller;dur=0.00, sql.active_record;dur=3.14, instantiation.active_record;dur=0.17,
        transaction.active_record;dur=14.45, process_action.action_controller;dur=15.35
    body:
      encoding: UTF-8
      string: ''
  recorded_at: Tue, 16 Apr 2024 18:56:25 GMT
- request:
    method: delete
    uri: http://127.0.0.1:3000/api/v1/trips/437?user_id=100
    body:
      encoding: US-ASCII
      string: ''
    headers:
      User-Agent:
      - Faraday v2.9.0
      Accept-Encoding:
      - gzip;q=1.0,deflate;q=0.6,identity;q=0.3
      Accept:
      - "*/*"
  response:
    status:
      code: 204
      message: No Content
    headers:
      X-Frame-Options:
      - SAMEORIGIN
      X-Xss-Protection:
      - '0'
      X-Content-Type-Options:
      - nosniff
      X-Permitted-Cross-Domain-Policies:
      - none
      Referrer-Policy:
      - strict-origin-when-cross-origin
      Cache-Control:
      - no-cache
      X-Request-Id:
      - c5bbb405-7823-49ce-8cd6-221f532633a9
      X-Runtime:
      - '0.019866'
      Server-Timing:
      - start_processing.action_controller;dur=0.00, sql.active_record;dur=3.71, instantiation.active_record;dur=0.18,
        transaction.active_record;dur=14.42, process_action.action_controller;dur=15.62
    body:
      encoding: UTF-8
      string: ''
  recorded_at: Tue, 16 Apr 2024 18:56:25 GMT
- request:
    method: delete
    uri: http://127.0.0.1:3000/api/v1/trips/438?user_id=100
    body:
      encoding: US-ASCII
      string: ''
    headers:
      User-Agent:
      - Faraday v2.9.0
      Accept-Encoding:
      - gzip;q=1.0,deflate;q=0.6,identity;q=0.3
      Accept:
      - "*/*"
  response:
    status:
      code: 204
      message: No Content
    headers:
      X-Frame-Options:
      - SAMEORIGIN
      X-Xss-Protection:
      - '0'
      X-Content-Type-Options:
      - nosniff
      X-Permitted-Cross-Domain-Policies:
      - none
      Referrer-Policy:
      - strict-origin-when-cross-origin
      Cache-Control:
      - no-cache
      X-Request-Id:
      - 43d9addf-778e-4942-b8ec-26587f19cc42
      X-Runtime:
      - '0.021485'
      Server-Timing:
      - start_processing.action_controller;dur=0.00, sql.active_record;dur=5.89, instantiation.active_record;dur=0.17,
        transaction.active_record;dur=16.44, process_action.action_controller;dur=17.47
    body:
      encoding: UTF-8
      string: ''
  recorded_at: Tue, 16 Apr 2024 18:56:25 GMT
- request:
    method: delete
    uri: http://127.0.0.1:3000/api/v1/trips/439?user_id=100
    body:
      encoding: US-ASCII
      string: ''
    headers:
      User-Agent:
      - Faraday v2.9.0
      Accept-Encoding:
      - gzip;q=1.0,deflate;q=0.6,identity;q=0.3
      Accept:
      - "*/*"
  response:
    status:
      code: 204
      message: No Content
    headers:
      X-Frame-Options:
      - SAMEORIGIN
      X-Xss-Protection:
      - '0'
      X-Content-Type-Options:
      - nosniff
      X-Permitted-Cross-Domain-Policies:
      - none
      Referrer-Policy:
      - strict-origin-when-cross-origin
      Cache-Control:
      - no-cache
      X-Request-Id:
      - 57011e33-332b-437a-b48b-5986b10113ba
      X-Runtime:
      - '0.022453'
      Server-Timing:
      - start_processing.action_controller;dur=0.00, sql.active_record;dur=5.19, instantiation.active_record;dur=0.18,
        transaction.active_record;dur=17.82, process_action.action_controller;dur=18.89
    body:
      encoding: UTF-8
      string: ''
  recorded_at: Tue, 16 Apr 2024 18:56:25 GMT
- request:
    method: delete
    uri: http://127.0.0.1:3000/api/v1/trips/453?user_id=100
    body:
      encoding: US-ASCII
      string: ''
    headers:
      User-Agent:
      - Faraday v2.9.0
      Accept-Encoding:
      - gzip;q=1.0,deflate;q=0.6,identity;q=0.3
      Accept:
      - "*/*"
  response:
    status:
      code: 204
      message: No Content
    headers:
      X-Frame-Options:
      - SAMEORIGIN
      X-Xss-Protection:
      - '0'
      X-Content-Type-Options:
      - nosniff
      X-Permitted-Cross-Domain-Policies:
      - none
      Referrer-Policy:
      - strict-origin-when-cross-origin
      Cache-Control:
      - no-cache
      X-Request-Id:
      - 197552d1-8549-4ddb-b05d-b43c341cffc7
      X-Runtime:
      - '0.019140'
      Server-Timing:
      - start_processing.action_controller;dur=0.00, sql.active_record;dur=3.90, instantiation.active_record;dur=0.17,
        transaction.active_record;dur=14.33, process_action.action_controller;dur=15.66
    body:
      encoding: UTF-8
      string: ''
  recorded_at: Tue, 16 Apr 2024 18:57:52 GMT
- request:
    method: delete
    uri: http://127.0.0.1:3000/api/v1/trips/454?user_id=100
    body:
      encoding: US-ASCII
      string: ''
    headers:
      User-Agent:
      - Faraday v2.9.0
      Accept-Encoding:
      - gzip;q=1.0,deflate;q=0.6,identity;q=0.3
      Accept:
      - "*/*"
  response:
    status:
      code: 204
      message: No Content
    headers:
      X-Frame-Options:
      - SAMEORIGIN
      X-Xss-Protection:
      - '0'
      X-Content-Type-Options:
      - nosniff
      X-Permitted-Cross-Domain-Policies:
      - none
      Referrer-Policy:
      - strict-origin-when-cross-origin
      Cache-Control:
      - no-cache
      X-Request-Id:
      - 1cb82655-c232-488d-9643-22be721961c8
      X-Runtime:
      - '0.021539'
      Server-Timing:
      - start_processing.action_controller;dur=0.00, sql.active_record;dur=4.78, instantiation.active_record;dur=0.17,
        transaction.active_record;dur=16.64, process_action.action_controller;dur=17.80
    body:
      encoding: UTF-8
      string: ''
  recorded_at: Tue, 16 Apr 2024 18:57:52 GMT
- request:
    method: delete
    uri: http://127.0.0.1:3000/api/v1/trips/455?user_id=100
    body:
      encoding: US-ASCII
      string: ''
    headers:
      User-Agent:
      - Faraday v2.9.0
      Accept-Encoding:
      - gzip;q=1.0,deflate;q=0.6,identity;q=0.3
      Accept:
      - "*/*"
  response:
    status:
      code: 204
      message: No Content
    headers:
      X-Frame-Options:
      - SAMEORIGIN
      X-Xss-Protection:
      - '0'
      X-Content-Type-Options:
      - nosniff
      X-Permitted-Cross-Domain-Policies:
      - none
      Referrer-Policy:
      - strict-origin-when-cross-origin
      Cache-Control:
      - no-cache
      X-Request-Id:
      - 428e2f7a-9c9c-45a8-8c5b-b9e7a180a3d1
      X-Runtime:
      - '0.020575'
      Server-Timing:
      - start_processing.action_controller;dur=0.00, sql.active_record;dur=5.71, instantiation.active_record;dur=0.18,
        transaction.active_record;dur=15.65, process_action.action_controller;dur=16.88
    body:
      encoding: UTF-8
      string: ''
  recorded_at: Tue, 16 Apr 2024 18:57:52 GMT
- request:
    method: delete
    uri: http://127.0.0.1:3000/api/v1/trips/456?user_id=100
    body:
      encoding: US-ASCII
      string: ''
    headers:
      User-Agent:
      - Faraday v2.9.0
      Accept-Encoding:
      - gzip;q=1.0,deflate;q=0.6,identity;q=0.3
      Accept:
      - "*/*"
  response:
    status:
      code: 204
      message: No Content
    headers:
      X-Frame-Options:
      - SAMEORIGIN
      X-Xss-Protection:
      - '0'
      X-Content-Type-Options:
      - nosniff
      X-Permitted-Cross-Domain-Policies:
      - none
      Referrer-Policy:
      - strict-origin-when-cross-origin
      Cache-Control:
      - no-cache
      X-Request-Id:
      - a057bc12-b375-442a-91a1-f80046abb0a8
      X-Runtime:
      - '0.073957'
      Server-Timing:
      - start_processing.action_controller;dur=0.00, sql.active_record;dur=29.98,
        instantiation.active_record;dur=0.38, transaction.active_record;dur=61.83,
        process_action.action_controller;dur=66.17
    body:
      encoding: UTF-8
      string: ''
  recorded_at: Tue, 16 Apr 2024 18:57:52 GMT
- request:
    method: delete
    uri: http://127.0.0.1:3000/api/v1/trips/457?user_id=100
    body:
      encoding: US-ASCII
      string: ''
    headers:
      User-Agent:
      - Faraday v2.9.0
      Accept-Encoding:
      - gzip;q=1.0,deflate;q=0.6,identity;q=0.3
      Accept:
      - "*/*"
  response:
    status:
      code: 204
      message: No Content
    headers:
      X-Frame-Options:
      - SAMEORIGIN
      X-Xss-Protection:
      - '0'
      X-Content-Type-Options:
      - nosniff
      X-Permitted-Cross-Domain-Policies:
      - none
      Referrer-Policy:
      - strict-origin-when-cross-origin
      Cache-Control:
      - no-cache
      X-Request-Id:
      - 89e548b0-97b5-4efc-ad9f-fca47abd86d1
      X-Runtime:
      - '0.059460'
      Server-Timing:
      - start_processing.action_controller;dur=0.01, sql.active_record;dur=15.35,
        instantiation.active_record;dur=0.52, transaction.active_record;dur=33.08,
        process_action.action_controller;dur=50.58
    body:
      encoding: UTF-8
      string: ''
  recorded_at: Tue, 16 Apr 2024 18:57:52 GMT
- request:
    method: delete
    uri: http://127.0.0.1:3000/api/v1/trips/471?user_id=100
    body:
      encoding: US-ASCII
      string: ''
    headers:
      User-Agent:
      - Faraday v2.9.0
      Accept-Encoding:
      - gzip;q=1.0,deflate;q=0.6,identity;q=0.3
      Accept:
      - "*/*"
  response:
    status:
      code: 204
      message: No Content
    headers:
      X-Frame-Options:
      - SAMEORIGIN
      X-Xss-Protection:
      - '0'
      X-Content-Type-Options:
      - nosniff
      X-Permitted-Cross-Domain-Policies:
      - none
      Referrer-Policy:
      - strict-origin-when-cross-origin
      Cache-Control:
      - no-cache
      X-Request-Id:
      - be1e8bad-b47c-4a91-8e4b-f520502d97a1
      X-Runtime:
      - '0.020926'
      Server-Timing:
      - start_processing.action_controller;dur=0.00, sql.active_record;dur=4.54, instantiation.active_record;dur=0.19,
        transaction.active_record;dur=15.43, process_action.action_controller;dur=17.08
    body:
      encoding: UTF-8
      string: ''
  recorded_at: Tue, 16 Apr 2024 19:00:17 GMT
- request:
    method: delete
    uri: http://127.0.0.1:3000/api/v1/trips/472?user_id=100
    body:
      encoding: US-ASCII
      string: ''
    headers:
      User-Agent:
      - Faraday v2.9.0
      Accept-Encoding:
      - gzip;q=1.0,deflate;q=0.6,identity;q=0.3
      Accept:
      - "*/*"
  response:
    status:
      code: 204
      message: No Content
    headers:
      X-Frame-Options:
      - SAMEORIGIN
      X-Xss-Protection:
      - '0'
      X-Content-Type-Options:
      - nosniff
      X-Permitted-Cross-Domain-Policies:
      - none
      Referrer-Policy:
      - strict-origin-when-cross-origin
      Cache-Control:
      - no-cache
      X-Request-Id:
      - 4af4aaa1-6f24-462b-bc62-f9ead9ed7856
      X-Runtime:
      - '0.021158'
      Server-Timing:
      - start_processing.action_controller;dur=0.00, sql.active_record;dur=4.85, instantiation.active_record;dur=0.17,
        transaction.active_record;dur=16.33, process_action.action_controller;dur=17.59
    body:
      encoding: UTF-8
      string: ''
  recorded_at: Tue, 16 Apr 2024 19:00:17 GMT
- request:
    method: delete
    uri: http://127.0.0.1:3000/api/v1/trips/473?user_id=100
    body:
      encoding: US-ASCII
      string: ''
    headers:
      User-Agent:
      - Faraday v2.9.0
      Accept-Encoding:
      - gzip;q=1.0,deflate;q=0.6,identity;q=0.3
      Accept:
      - "*/*"
  response:
    status:
      code: 204
      message: No Content
    headers:
      X-Frame-Options:
      - SAMEORIGIN
      X-Xss-Protection:
      - '0'
      X-Content-Type-Options:
      - nosniff
      X-Permitted-Cross-Domain-Policies:
      - none
      Referrer-Policy:
      - strict-origin-when-cross-origin
      Cache-Control:
      - no-cache
      X-Request-Id:
      - edddd636-3732-44f3-8cd0-cf2eb0ed8f4e
      X-Runtime:
      - '0.022295'
      Server-Timing:
      - start_processing.action_controller;dur=0.00, sql.active_record;dur=5.76, instantiation.active_record;dur=0.18,
        transaction.active_record;dur=16.99, process_action.action_controller;dur=18.34
    body:
      encoding: UTF-8
      string: ''
  recorded_at: Tue, 16 Apr 2024 19:00:17 GMT
- request:
    method: delete
    uri: http://127.0.0.1:3000/api/v1/trips/474?user_id=100
    body:
      encoding: US-ASCII
      string: ''
    headers:
      User-Agent:
      - Faraday v2.9.0
      Accept-Encoding:
      - gzip;q=1.0,deflate;q=0.6,identity;q=0.3
      Accept:
      - "*/*"
  response:
    status:
      code: 204
      message: No Content
    headers:
      X-Frame-Options:
      - SAMEORIGIN
      X-Xss-Protection:
      - '0'
      X-Content-Type-Options:
      - nosniff
      X-Permitted-Cross-Domain-Policies:
      - none
      Referrer-Policy:
      - strict-origin-when-cross-origin
      Cache-Control:
      - no-cache
      X-Request-Id:
      - c307f376-1351-493d-9984-6cfd299b965c
      X-Runtime:
      - '0.018598'
      Server-Timing:
      - start_processing.action_controller;dur=0.00, sql.active_record;dur=2.97, instantiation.active_record;dur=0.18,
        transaction.active_record;dur=13.59, process_action.action_controller;dur=15.11
    body:
      encoding: UTF-8
      string: ''
  recorded_at: Tue, 16 Apr 2024 19:00:17 GMT
- request:
    method: delete
    uri: http://127.0.0.1:3000/api/v1/trips/475?user_id=100
    body:
      encoding: US-ASCII
      string: ''
    headers:
      User-Agent:
      - Faraday v2.9.0
      Accept-Encoding:
      - gzip;q=1.0,deflate;q=0.6,identity;q=0.3
      Accept:
      - "*/*"
  response:
    status:
      code: 204
      message: No Content
    headers:
      X-Frame-Options:
      - SAMEORIGIN
      X-Xss-Protection:
      - '0'
      X-Content-Type-Options:
      - nosniff
      X-Permitted-Cross-Domain-Policies:
      - none
      Referrer-Policy:
      - strict-origin-when-cross-origin
      Cache-Control:
      - no-cache
      X-Request-Id:
      - 70278197-7cf7-4bd7-8761-8b247d78d032
      X-Runtime:
      - '0.019760'
      Server-Timing:
      - start_processing.action_controller;dur=0.00, sql.active_record;dur=3.06, instantiation.active_record;dur=0.16,
        transaction.active_record;dur=15.31, process_action.action_controller;dur=16.34
    body:
      encoding: UTF-8
      string: ''
  recorded_at: Tue, 16 Apr 2024 19:00:17 GMT
- request:
    method: delete
    uri: http://127.0.0.1:3000/api/v1/trips/741?user_id=100
    body:
      encoding: US-ASCII
      string: ''
    headers:
      User-Agent:
      - Faraday v2.9.0
      Accept-Encoding:
      - gzip;q=1.0,deflate;q=0.6,identity;q=0.3
      Accept:
      - "*/*"
  response:
    status:
      code: 204
      message: No Content
    headers:
      X-Frame-Options:
      - SAMEORIGIN
      X-Xss-Protection:
      - '0'
      X-Content-Type-Options:
      - nosniff
      X-Permitted-Cross-Domain-Policies:
      - none
      Referrer-Policy:
      - strict-origin-when-cross-origin
      Cache-Control:
      - no-cache
      X-Request-Id:
      - a0d9c60d-3bad-474e-8d39-ccaa44306894
      X-Runtime:
      - '0.024036'
      Server-Timing:
      - start_processing.action_controller;dur=0.00, sql.active_record;dur=8.41, instantiation.active_record;dur=0.17,
        transaction.active_record;dur=19.25, process_action.action_controller;dur=20.37
    body:
      encoding: UTF-8
      string: ''
  recorded_at: Tue, 16 Apr 2024 22:14:43 GMT
- request:
    method: delete
    uri: http://127.0.0.1:3000/api/v1/trips/742?user_id=100
    body:
      encoding: US-ASCII
      string: ''
    headers:
      User-Agent:
      - Faraday v2.9.0
      Accept-Encoding:
      - gzip;q=1.0,deflate;q=0.6,identity;q=0.3
      Accept:
      - "*/*"
  response:
    status:
      code: 204
      message: No Content
    headers:
      X-Frame-Options:
      - SAMEORIGIN
      X-Xss-Protection:
      - '0'
      X-Content-Type-Options:
      - nosniff
      X-Permitted-Cross-Domain-Policies:
      - none
      Referrer-Policy:
      - strict-origin-when-cross-origin
      Cache-Control:
      - no-cache
      X-Request-Id:
      - 3c4096b2-11f5-4278-80f4-107418887436
      X-Runtime:
      - '0.021388'
      Server-Timing:
      - start_processing.action_controller;dur=0.00, sql.active_record;dur=4.01, instantiation.active_record;dur=0.18,
        transaction.active_record;dur=15.37, process_action.action_controller;dur=16.55
    body:
      encoding: UTF-8
      string: ''
  recorded_at: Tue, 16 Apr 2024 22:14:43 GMT
- request:
    method: delete
    uri: http://127.0.0.1:3000/api/v1/trips/743?user_id=100
    body:
      encoding: US-ASCII
      string: ''
    headers:
      User-Agent:
      - Faraday v2.9.0
      Accept-Encoding:
      - gzip;q=1.0,deflate;q=0.6,identity;q=0.3
      Accept:
      - "*/*"
  response:
    status:
      code: 204
      message: No Content
    headers:
      X-Frame-Options:
      - SAMEORIGIN
      X-Xss-Protection:
      - '0'
      X-Content-Type-Options:
      - nosniff
      X-Permitted-Cross-Domain-Policies:
      - none
      Referrer-Policy:
      - strict-origin-when-cross-origin
      Cache-Control:
      - no-cache
      X-Request-Id:
      - 110f4fa3-36f5-4e54-9ea6-d4d82cabac50
      X-Runtime:
      - '0.019001'
      Server-Timing:
      - start_processing.action_controller;dur=0.00, sql.active_record;dur=4.00, instantiation.active_record;dur=0.37,
        transaction.active_record;dur=14.19, process_action.action_controller;dur=15.48
    body:
      encoding: UTF-8
      string: ''
  recorded_at: Tue, 16 Apr 2024 22:14:43 GMT
- request:
    method: delete
    uri: http://127.0.0.1:3000/api/v1/trips/744?user_id=100
    body:
      encoding: US-ASCII
      string: ''
    headers:
      User-Agent:
      - Faraday v2.9.0
      Accept-Encoding:
      - gzip;q=1.0,deflate;q=0.6,identity;q=0.3
      Accept:
      - "*/*"
  response:
    status:
      code: 204
      message: No Content
    headers:
      X-Frame-Options:
      - SAMEORIGIN
      X-Xss-Protection:
      - '0'
      X-Content-Type-Options:
      - nosniff
      X-Permitted-Cross-Domain-Policies:
      - none
      Referrer-Policy:
      - strict-origin-when-cross-origin
      Cache-Control:
      - no-cache
      X-Request-Id:
      - 9d82d080-cff1-4b55-ae4b-8e74e4ca79be
      X-Runtime:
      - '0.025812'
      Server-Timing:
      - start_processing.action_controller;dur=0.00, sql.active_record;dur=7.07, instantiation.active_record;dur=0.19,
        transaction.active_record;dur=20.79, process_action.action_controller;dur=21.81
    body:
      encoding: UTF-8
      string: ''
  recorded_at: Tue, 16 Apr 2024 22:14:43 GMT
- request:
    method: delete
    uri: http://127.0.0.1:3000/api/v1/trips/745?user_id=100
    body:
      encoding: US-ASCII
      string: ''
    headers:
      User-Agent:
      - Faraday v2.9.0
      Accept-Encoding:
      - gzip;q=1.0,deflate;q=0.6,identity;q=0.3
      Accept:
      - "*/*"
  response:
    status:
      code: 204
      message: No Content
    headers:
      X-Frame-Options:
      - SAMEORIGIN
      X-Xss-Protection:
      - '0'
      X-Content-Type-Options:
      - nosniff
      X-Permitted-Cross-Domain-Policies:
      - none
      Referrer-Policy:
      - strict-origin-when-cross-origin
      Cache-Control:
      - no-cache
      X-Request-Id:
      - 7bf446ae-5148-44e0-8b51-5b85aade2aeb
      X-Runtime:
      - '0.022944'
      Server-Timing:
      - start_processing.action_controller;dur=0.00, sql.active_record;dur=6.47, instantiation.active_record;dur=0.39,
        transaction.active_record;dur=17.57, process_action.action_controller;dur=18.93
    body:
      encoding: UTF-8
      string: ''
  recorded_at: Tue, 16 Apr 2024 22:14:43 GMT
- request:
    method: delete
    uri: http://127.0.0.1:3000/api/v1/trips/759?user_id=100
    body:
      encoding: US-ASCII
      string: ''
    headers:
      User-Agent:
      - Faraday v2.9.0
      Accept-Encoding:
      - gzip;q=1.0,deflate;q=0.6,identity;q=0.3
      Accept:
      - "*/*"
  response:
    status:
      code: 204
      message: No Content
    headers:
      X-Frame-Options:
      - SAMEORIGIN
      X-Xss-Protection:
      - '0'
      X-Content-Type-Options:
      - nosniff
      X-Permitted-Cross-Domain-Policies:
      - none
      Referrer-Policy:
      - strict-origin-when-cross-origin
      Cache-Control:
      - no-cache
      X-Request-Id:
      - f9417f37-91b1-4e0d-8311-f88bd2eeb82c
      X-Runtime:
      - '0.031727'
      Server-Timing:
      - start_processing.action_controller;dur=0.00, sql.active_record;dur=15.66,
        instantiation.active_record;dur=0.17, transaction.active_record;dur=26.87,
        process_action.action_controller;dur=28.08
    body:
      encoding: UTF-8
      string: ''
  recorded_at: Wed, 17 Apr 2024 02:26:18 GMT
- request:
    method: delete
    uri: http://127.0.0.1:3000/api/v1/trips/760?user_id=100
    body:
      encoding: US-ASCII
      string: ''
    headers:
      User-Agent:
      - Faraday v2.9.0
      Accept-Encoding:
      - gzip;q=1.0,deflate;q=0.6,identity;q=0.3
      Accept:
      - "*/*"
  response:
    status:
      code: 204
      message: No Content
    headers:
      X-Frame-Options:
      - SAMEORIGIN
      X-Xss-Protection:
      - '0'
      X-Content-Type-Options:
      - nosniff
      X-Permitted-Cross-Domain-Policies:
      - none
      Referrer-Policy:
      - strict-origin-when-cross-origin
      Cache-Control:
      - no-cache
      X-Request-Id:
      - 26ffb15c-44a7-4fd3-8e95-6177233d7041
      X-Runtime:
      - '0.020127'
      Server-Timing:
      - start_processing.action_controller;dur=0.00, sql.active_record;dur=3.36, instantiation.active_record;dur=0.17,
        transaction.active_record;dur=15.01, process_action.action_controller;dur=16.18
    body:
      encoding: UTF-8
      string: ''
  recorded_at: Wed, 17 Apr 2024 02:26:18 GMT
- request:
    method: delete
    uri: http://127.0.0.1:3000/api/v1/trips/761?user_id=100
    body:
      encoding: US-ASCII
      string: ''
    headers:
      User-Agent:
      - Faraday v2.9.0
      Accept-Encoding:
      - gzip;q=1.0,deflate;q=0.6,identity;q=0.3
      Accept:
      - "*/*"
  response:
    status:
      code: 204
      message: No Content
    headers:
      X-Frame-Options:
      - SAMEORIGIN
      X-Xss-Protection:
      - '0'
      X-Content-Type-Options:
      - nosniff
      X-Permitted-Cross-Domain-Policies:
      - none
      Referrer-Policy:
      - strict-origin-when-cross-origin
      Cache-Control:
      - no-cache
      X-Request-Id:
      - ec21a5a4-e9b1-4042-949e-d4f170480d35
      X-Runtime:
      - '0.021148'
      Server-Timing:
      - start_processing.action_controller;dur=0.00, sql.active_record;dur=5.75, instantiation.active_record;dur=0.16,
        transaction.active_record;dur=16.08, process_action.action_controller;dur=17.46
    body:
      encoding: UTF-8
      string: ''
  recorded_at: Wed, 17 Apr 2024 02:26:18 GMT
- request:
    method: delete
    uri: http://127.0.0.1:3000/api/v1/trips/762?user_id=100
    body:
      encoding: US-ASCII
      string: ''
    headers:
      User-Agent:
      - Faraday v2.9.0
      Accept-Encoding:
      - gzip;q=1.0,deflate;q=0.6,identity;q=0.3
      Accept:
      - "*/*"
  response:
    status:
      code: 204
      message: No Content
    headers:
      X-Frame-Options:
      - SAMEORIGIN
      X-Xss-Protection:
      - '0'
      X-Content-Type-Options:
      - nosniff
      X-Permitted-Cross-Domain-Policies:
      - none
      Referrer-Policy:
      - strict-origin-when-cross-origin
      Cache-Control:
      - no-cache
      X-Request-Id:
      - f5a1be38-08c9-48ac-8908-43c42bcf0c54
      X-Runtime:
      - '0.022332'
      Server-Timing:
      - start_processing.action_controller;dur=0.00, sql.active_record;dur=6.21, instantiation.active_record;dur=0.17,
        transaction.active_record;dur=17.52, process_action.action_controller;dur=18.68
    body:
      encoding: UTF-8
      string: ''
  recorded_at: Wed, 17 Apr 2024 02:26:18 GMT
- request:
    method: delete
    uri: http://127.0.0.1:3000/api/v1/trips/763?user_id=100
    body:
      encoding: US-ASCII
      string: ''
    headers:
      User-Agent:
      - Faraday v2.9.0
      Accept-Encoding:
      - gzip;q=1.0,deflate;q=0.6,identity;q=0.3
      Accept:
      - "*/*"
  response:
    status:
      code: 204
      message: No Content
    headers:
      X-Frame-Options:
      - SAMEORIGIN
      X-Xss-Protection:
      - '0'
      X-Content-Type-Options:
      - nosniff
      X-Permitted-Cross-Domain-Policies:
      - none
      Referrer-Policy:
      - strict-origin-when-cross-origin
      Cache-Control:
      - no-cache
      X-Request-Id:
      - ff1bebfa-b0fe-4f54-b082-ac8a4c0f1b67
      X-Runtime:
      - '0.021547'
      Server-Timing:
      - start_processing.action_controller;dur=0.00, sql.active_record;dur=6.04, instantiation.active_record;dur=0.18,
        transaction.active_record;dur=16.57, process_action.action_controller;dur=17.76
    body:
      encoding: UTF-8
      string: ''
  recorded_at: Wed, 17 Apr 2024 02:26:18 GMT
- request:
    method: delete
    uri: http://127.0.0.1:3000/api/v1/trips/777?user_id=100
    body:
      encoding: US-ASCII
      string: ''
    headers:
      User-Agent:
      - Faraday v2.9.0
      Accept-Encoding:
      - gzip;q=1.0,deflate;q=0.6,identity;q=0.3
      Accept:
      - "*/*"
  response:
    status:
      code: 204
      message: No Content
    headers:
      X-Frame-Options:
      - SAMEORIGIN
      X-Xss-Protection:
      - '0'
      X-Content-Type-Options:
      - nosniff
      X-Permitted-Cross-Domain-Policies:
      - none
      Referrer-Policy:
      - strict-origin-when-cross-origin
      Cache-Control:
      - no-cache
      X-Request-Id:
      - 0fad2d47-a4e4-48ae-b6f9-b1c0f6635145
      X-Runtime:
      - '0.055690'
      Server-Timing:
      - start_processing.action_controller;dur=0.00, sql.active_record;dur=33.01,
        instantiation.active_record;dur=0.26, transaction.active_record;dur=50.46,
        process_action.action_controller;dur=51.72
    body:
      encoding: UTF-8
      string: ''
  recorded_at: Wed, 17 Apr 2024 02:50:44 GMT
- request:
    method: delete
    uri: http://127.0.0.1:3000/api/v1/trips/778?user_id=100
    body:
      encoding: US-ASCII
      string: ''
    headers:
      User-Agent:
      - Faraday v2.9.0
      Accept-Encoding:
      - gzip;q=1.0,deflate;q=0.6,identity;q=0.3
      Accept:
      - "*/*"
  response:
    status:
      code: 204
      message: No Content
    headers:
      X-Frame-Options:
      - SAMEORIGIN
      X-Xss-Protection:
      - '0'
      X-Content-Type-Options:
      - nosniff
      X-Permitted-Cross-Domain-Policies:
      - none
      Referrer-Policy:
      - strict-origin-when-cross-origin
      Cache-Control:
      - no-cache
      X-Request-Id:
      - b8efcebb-cd9b-4d3b-b828-1e57b6af5043
      X-Runtime:
      - '0.114884'
      Server-Timing:
      - start_processing.action_controller;dur=0.00, sql.active_record;dur=84.53,
        instantiation.active_record;dur=0.34, transaction.active_record;dur=106.62,
        process_action.action_controller;dur=109.49
    body:
      encoding: UTF-8
      string: ''
  recorded_at: Wed, 17 Apr 2024 02:50:44 GMT
- request:
    method: delete
    uri: http://127.0.0.1:3000/api/v1/trips/779?user_id=100
    body:
      encoding: US-ASCII
      string: ''
    headers:
      User-Agent:
      - Faraday v2.9.0
      Accept-Encoding:
      - gzip;q=1.0,deflate;q=0.6,identity;q=0.3
      Accept:
      - "*/*"
  response:
    status:
      code: 204
      message: No Content
    headers:
      X-Frame-Options:
      - SAMEORIGIN
      X-Xss-Protection:
      - '0'
      X-Content-Type-Options:
      - nosniff
      X-Permitted-Cross-Domain-Policies:
      - none
      Referrer-Policy:
      - strict-origin-when-cross-origin
      Cache-Control:
      - no-cache
      X-Request-Id:
      - 40c1afc2-a326-4fdd-bed2-3f1e87e93c15
      X-Runtime:
      - '0.043005'
      Server-Timing:
      - start_processing.action_controller;dur=0.00, sql.active_record;dur=17.70,
        instantiation.active_record;dur=3.44, transaction.active_record;dur=33.34,
        process_action.action_controller;dur=34.94
    body:
      encoding: UTF-8
      string: ''
  recorded_at: Wed, 17 Apr 2024 02:50:44 GMT
- request:
    method: delete
    uri: http://127.0.0.1:3000/api/v1/trips/780?user_id=100
    body:
      encoding: US-ASCII
      string: ''
    headers:
      User-Agent:
      - Faraday v2.9.0
      Accept-Encoding:
      - gzip;q=1.0,deflate;q=0.6,identity;q=0.3
      Accept:
      - "*/*"
  response:
    status:
      code: 204
      message: No Content
    headers:
      X-Frame-Options:
      - SAMEORIGIN
      X-Xss-Protection:
      - '0'
      X-Content-Type-Options:
      - nosniff
      X-Permitted-Cross-Domain-Policies:
      - none
      Referrer-Policy:
      - strict-origin-when-cross-origin
      Cache-Control:
      - no-cache
      X-Request-Id:
      - 18a2c114-1b60-405f-97cd-7e15b357f5ac
      X-Runtime:
      - '0.028381'
      Server-Timing:
      - start_processing.action_controller;dur=0.00, sql.active_record;dur=9.10, instantiation.active_record;dur=0.22,
        transaction.active_record;dur=21.82, process_action.action_controller;dur=23.28
    body:
      encoding: UTF-8
      string: ''
  recorded_at: Wed, 17 Apr 2024 02:50:44 GMT
- request:
    method: delete
    uri: http://127.0.0.1:3000/api/v1/trips/781?user_id=100
    body:
      encoding: US-ASCII
      string: ''
    headers:
      User-Agent:
      - Faraday v2.9.0
      Accept-Encoding:
      - gzip;q=1.0,deflate;q=0.6,identity;q=0.3
      Accept:
      - "*/*"
  response:
    status:
      code: 204
      message: No Content
    headers:
      X-Frame-Options:
      - SAMEORIGIN
      X-Xss-Protection:
      - '0'
      X-Content-Type-Options:
      - nosniff
      X-Permitted-Cross-Domain-Policies:
      - none
      Referrer-Policy:
      - strict-origin-when-cross-origin
      Cache-Control:
      - no-cache
      X-Request-Id:
      - b8e4c2dc-c428-46cf-b610-eee720dc1899
      X-Runtime:
      - '0.036551'
      Server-Timing:
      - start_processing.action_controller;dur=0.00, sql.active_record;dur=12.59,
        instantiation.active_record;dur=0.18, transaction.active_record;dur=31.61,
        process_action.action_controller;dur=32.76
    body:
      encoding: UTF-8
      string: ''
  recorded_at: Wed, 17 Apr 2024 02:50:44 GMT
- request:
    method: delete
    uri: http://127.0.0.1:3000/api/v1/trips/795?user_id=100
    body:
      encoding: US-ASCII
      string: ''
    headers:
      User-Agent:
      - Faraday v2.9.0
      Accept-Encoding:
      - gzip;q=1.0,deflate;q=0.6,identity;q=0.3
      Accept:
      - "*/*"
  response:
    status:
      code: 204
      message: No Content
    headers:
      X-Frame-Options:
      - SAMEORIGIN
      X-Xss-Protection:
      - '0'
      X-Content-Type-Options:
      - nosniff
      X-Permitted-Cross-Domain-Policies:
      - none
      Referrer-Policy:
      - strict-origin-when-cross-origin
      Cache-Control:
      - no-cache
      X-Request-Id:
      - bd1215ab-c25b-44e4-b9fe-22a2debe6878
      X-Runtime:
      - '0.023046'
      Server-Timing:
      - start_processing.action_controller;dur=0.00, sql.active_record;dur=4.97, instantiation.active_record;dur=0.22,
        transaction.active_record;dur=17.48, process_action.action_controller;dur=18.74
    body:
      encoding: UTF-8
      string: ''
  recorded_at: Wed, 17 Apr 2024 02:51:02 GMT
- request:
    method: delete
    uri: http://127.0.0.1:3000/api/v1/trips/796?user_id=100
    body:
      encoding: US-ASCII
      string: ''
    headers:
      User-Agent:
      - Faraday v2.9.0
      Accept-Encoding:
      - gzip;q=1.0,deflate;q=0.6,identity;q=0.3
      Accept:
      - "*/*"
  response:
    status:
      code: 204
      message: No Content
    headers:
      X-Frame-Options:
      - SAMEORIGIN
      X-Xss-Protection:
      - '0'
      X-Content-Type-Options:
      - nosniff
      X-Permitted-Cross-Domain-Policies:
      - none
      Referrer-Policy:
      - strict-origin-when-cross-origin
      Cache-Control:
      - no-cache
      X-Request-Id:
      - 02f01fdd-334d-45dd-a93c-04c178424017
      X-Runtime:
      - '0.019787'
      Server-Timing:
      - start_processing.action_controller;dur=0.00, sql.active_record;dur=3.26, instantiation.active_record;dur=0.19,
        transaction.active_record;dur=14.78, process_action.action_controller;dur=15.92
    body:
      encoding: UTF-8
      string: ''
  recorded_at: Wed, 17 Apr 2024 02:51:02 GMT
- request:
    method: delete
    uri: http://127.0.0.1:3000/api/v1/trips/797?user_id=100
    body:
      encoding: US-ASCII
      string: ''
    headers:
      User-Agent:
      - Faraday v2.9.0
      Accept-Encoding:
      - gzip;q=1.0,deflate;q=0.6,identity;q=0.3
      Accept:
      - "*/*"
  response:
    status:
      code: 204
      message: No Content
    headers:
      X-Frame-Options:
      - SAMEORIGIN
      X-Xss-Protection:
      - '0'
      X-Content-Type-Options:
      - nosniff
      X-Permitted-Cross-Domain-Policies:
      - none
      Referrer-Policy:
      - strict-origin-when-cross-origin
      Cache-Control:
      - no-cache
      X-Request-Id:
      - 347d3d3f-1789-48bb-a0b9-a2e9c2dad881
      X-Runtime:
      - '0.033840'
      Server-Timing:
      - start_processing.action_controller;dur=0.00, sql.active_record;dur=17.38,
        instantiation.active_record;dur=0.21, transaction.active_record;dur=28.67,
        process_action.action_controller;dur=30.05
    body:
      encoding: UTF-8
      string: ''
  recorded_at: Wed, 17 Apr 2024 02:51:02 GMT
- request:
    method: delete
    uri: http://127.0.0.1:3000/api/v1/trips/798?user_id=100
    body:
      encoding: US-ASCII
      string: ''
    headers:
      User-Agent:
      - Faraday v2.9.0
      Accept-Encoding:
      - gzip;q=1.0,deflate;q=0.6,identity;q=0.3
      Accept:
      - "*/*"
  response:
    status:
      code: 204
      message: No Content
    headers:
      X-Frame-Options:
      - SAMEORIGIN
      X-Xss-Protection:
      - '0'
      X-Content-Type-Options:
      - nosniff
      X-Permitted-Cross-Domain-Policies:
      - none
      Referrer-Policy:
      - strict-origin-when-cross-origin
      Cache-Control:
      - no-cache
      X-Request-Id:
      - 5edc6e91-09b8-4543-93c7-122b0d17d838
      X-Runtime:
      - '0.046128'
      Server-Timing:
      - start_processing.action_controller;dur=0.00, sql.active_record;dur=18.12,
        instantiation.active_record;dur=0.32, transaction.active_record;dur=39.72,
        process_action.action_controller;dur=41.39
    body:
      encoding: UTF-8
      string: ''
  recorded_at: Wed, 17 Apr 2024 02:51:02 GMT
- request:
    method: delete
    uri: http://127.0.0.1:3000/api/v1/trips/799?user_id=100
    body:
      encoding: US-ASCII
      string: ''
    headers:
      User-Agent:
      - Faraday v2.9.0
      Accept-Encoding:
      - gzip;q=1.0,deflate;q=0.6,identity;q=0.3
      Accept:
      - "*/*"
  response:
    status:
      code: 204
      message: No Content
    headers:
      X-Frame-Options:
      - SAMEORIGIN
      X-Xss-Protection:
      - '0'
      X-Content-Type-Options:
      - nosniff
      X-Permitted-Cross-Domain-Policies:
      - none
      Referrer-Policy:
      - strict-origin-when-cross-origin
      Cache-Control:
      - no-cache
      X-Request-Id:
      - 76d29b88-e712-455a-8332-7325ca148878
      X-Runtime:
      - '0.024081'
      Server-Timing:
      - start_processing.action_controller;dur=0.00, sql.active_record;dur=6.69, instantiation.active_record;dur=0.20,
        transaction.active_record;dur=18.29, process_action.action_controller;dur=19.71
    body:
      encoding: UTF-8
      string: ''
  recorded_at: Wed, 17 Apr 2024 02:51:02 GMT
- request:
    method: get
    uri: http://127.0.0.1:3000/api/v1/trips?user_id=100
    body:
      encoding: US-ASCII
      string: ''
    headers:
      User-Agent:
      - Faraday v2.9.0
      Accept-Encoding:
      - gzip;q=1.0,deflate;q=0.6,identity;q=0.3
      Accept:
      - "*/*"
  response:
    status:
      code: 200
      message: OK
    headers:
      X-Frame-Options:
      - SAMEORIGIN
      X-Xss-Protection:
      - '0'
      X-Content-Type-Options:
      - nosniff
      X-Permitted-Cross-Domain-Policies:
      - none
      Referrer-Policy:
      - strict-origin-when-cross-origin
      Content-Type:
      - application/json; charset=utf-8
      Vary:
      - Accept
      Etag:
      - W/"40e986ecd48bc27729a3ad55f9f7ed77"
      Cache-Control:
      - max-age=0, private, must-revalidate
      X-Request-Id:
      - 9e217188-174b-4ed4-aff8-95690a58b725
      X-Runtime:
      - '0.019483'
      Server-Timing:
      - start_processing.action_controller;dur=0.01, sql.active_record;dur=2.94, instantiation.active_record;dur=0.50,
        process_action.action_controller;dur=15.28
      Content-Length:
      - '7673'
    body:
      encoding: UTF-8
      string: '{"data":[{"id":"813","type":"trip","attributes":{"name":"Trip To Japan","location":"Japan"},"relationships":{"daily_itineraries":{"data":[{"id":"8922","type":"daily_itinerary"},{"id":"8923","type":"daily_itinerary"},{"id":"8924","type":"daily_itinerary"},{"id":"8925","type":"daily_itinerary"},{"id":"8926","type":"daily_itinerary"},{"id":"8927","type":"daily_itinerary"},{"id":"8928","type":"daily_itinerary"},{"id":"8929","type":"daily_itinerary"},{"id":"8930","type":"daily_itinerary"},{"id":"8931","type":"daily_itinerary"},{"id":"8932","type":"daily_itinerary"}]}}},{"id":"814","type":"trip","attributes":{"name":"Trip
        To Japan","location":"Japan"},"relationships":{"daily_itineraries":{"data":[{"id":"8933","type":"daily_itinerary"},{"id":"8934","type":"daily_itinerary"},{"id":"8935","type":"daily_itinerary"},{"id":"8936","type":"daily_itinerary"},{"id":"8937","type":"daily_itinerary"},{"id":"8938","type":"daily_itinerary"},{"id":"8939","type":"daily_itinerary"},{"id":"8940","type":"daily_itinerary"},{"id":"8941","type":"daily_itinerary"},{"id":"8942","type":"daily_itinerary"},{"id":"8943","type":"daily_itinerary"}]}}},{"id":"815","type":"trip","attributes":{"name":"Trip
        To Japan","location":"Japan"},"relationships":{"daily_itineraries":{"data":[{"id":"8944","type":"daily_itinerary"},{"id":"8945","type":"daily_itinerary"},{"id":"8946","type":"daily_itinerary"},{"id":"8947","type":"daily_itinerary"},{"id":"8948","type":"daily_itinerary"},{"id":"8949","type":"daily_itinerary"},{"id":"8950","type":"daily_itinerary"},{"id":"8951","type":"daily_itinerary"},{"id":"8952","type":"daily_itinerary"},{"id":"8953","type":"daily_itinerary"},{"id":"8954","type":"daily_itinerary"}]}}},{"id":"816","type":"trip","attributes":{"name":"Trip
        To Japan","location":"Japan"},"relationships":{"daily_itineraries":{"data":[{"id":"8955","type":"daily_itinerary"},{"id":"8956","type":"daily_itinerary"},{"id":"8957","type":"daily_itinerary"},{"id":"8958","type":"daily_itinerary"},{"id":"8959","type":"daily_itinerary"},{"id":"8960","type":"daily_itinerary"},{"id":"8961","type":"daily_itinerary"},{"id":"8962","type":"daily_itinerary"},{"id":"8963","type":"daily_itinerary"},{"id":"8964","type":"daily_itinerary"},{"id":"8965","type":"daily_itinerary"}]}}},{"id":"817","type":"trip","attributes":{"name":"Trip
        To Japan","location":"Japan"},"relationships":{"daily_itineraries":{"data":[{"id":"8966","type":"daily_itinerary"},{"id":"8967","type":"daily_itinerary"},{"id":"8968","type":"daily_itinerary"},{"id":"8969","type":"daily_itinerary"},{"id":"8970","type":"daily_itinerary"},{"id":"8971","type":"daily_itinerary"},{"id":"8972","type":"daily_itinerary"},{"id":"8973","type":"daily_itinerary"},{"id":"8974","type":"daily_itinerary"},{"id":"8975","type":"daily_itinerary"},{"id":"8976","type":"daily_itinerary"}]}}}],"included":[{"id":"8922","type":"daily_itinerary","attributes":{"trip_id":813,"date":"2024-04-20"}},{"id":"8923","type":"daily_itinerary","attributes":{"trip_id":813,"date":"2024-04-21"}},{"id":"8924","type":"daily_itinerary","attributes":{"trip_id":813,"date":"2024-04-22"}},{"id":"8925","type":"daily_itinerary","attributes":{"trip_id":813,"date":"2024-04-23"}},{"id":"8926","type":"daily_itinerary","attributes":{"trip_id":813,"date":"2024-04-24"}},{"id":"8927","type":"daily_itinerary","attributes":{"trip_id":813,"date":"2024-04-25"}},{"id":"8928","type":"daily_itinerary","attributes":{"trip_id":813,"date":"2024-04-26"}},{"id":"8929","type":"daily_itinerary","attributes":{"trip_id":813,"date":"2024-04-27"}},{"id":"8930","type":"daily_itinerary","attributes":{"trip_id":813,"date":"2024-04-28"}},{"id":"8931","type":"daily_itinerary","attributes":{"trip_id":813,"date":"2024-04-29"}},{"id":"8932","type":"daily_itinerary","attributes":{"trip_id":813,"date":"2024-04-30"}},{"id":"8933","type":"daily_itinerary","attributes":{"trip_id":814,"date":"2024-04-20"}},{"id":"8934","type":"daily_itinerary","attributes":{"trip_id":814,"date":"2024-04-21"}},{"id":"8935","type":"daily_itinerary","attributes":{"trip_id":814,"date":"2024-04-22"}},{"id":"8936","type":"daily_itinerary","attributes":{"trip_id":814,"date":"2024-04-23"}},{"id":"8937","type":"daily_itinerary","attributes":{"trip_id":814,"date":"2024-04-24"}},{"id":"8938","type":"daily_itinerary","attributes":{"trip_id":814,"date":"2024-04-25"}},{"id":"8939","type":"daily_itinerary","attributes":{"trip_id":814,"date":"2024-04-26"}},{"id":"8940","type":"daily_itinerary","attributes":{"trip_id":814,"date":"2024-04-27"}},{"id":"8941","type":"daily_itinerary","attributes":{"trip_id":814,"date":"2024-04-28"}},{"id":"8942","type":"daily_itinerary","attributes":{"trip_id":814,"date":"2024-04-29"}},{"id":"8943","type":"daily_itinerary","attributes":{"trip_id":814,"date":"2024-04-30"}},{"id":"8944","type":"daily_itinerary","attributes":{"trip_id":815,"date":"2024-04-20"}},{"id":"8945","type":"daily_itinerary","attributes":{"trip_id":815,"date":"2024-04-21"}},{"id":"8946","type":"daily_itinerary","attributes":{"trip_id":815,"date":"2024-04-22"}},{"id":"8947","type":"daily_itinerary","attributes":{"trip_id":815,"date":"2024-04-23"}},{"id":"8948","type":"daily_itinerary","attributes":{"trip_id":815,"date":"2024-04-24"}},{"id":"8949","type":"daily_itinerary","attributes":{"trip_id":815,"date":"2024-04-25"}},{"id":"8950","type":"daily_itinerary","attributes":{"trip_id":815,"date":"2024-04-26"}},{"id":"8951","type":"daily_itinerary","attributes":{"trip_id":815,"date":"2024-04-27"}},{"id":"8952","type":"daily_itinerary","attributes":{"trip_id":815,"date":"2024-04-28"}},{"id":"8953","type":"daily_itinerary","attributes":{"trip_id":815,"date":"2024-04-29"}},{"id":"8954","type":"daily_itinerary","attributes":{"trip_id":815,"date":"2024-04-30"}},{"id":"8955","type":"daily_itinerary","attributes":{"trip_id":816,"date":"2024-04-20"}},{"id":"8956","type":"daily_itinerary","attributes":{"trip_id":816,"date":"2024-04-21"}},{"id":"8957","type":"daily_itinerary","attributes":{"trip_id":816,"date":"2024-04-22"}},{"id":"8958","type":"daily_itinerary","attributes":{"trip_id":816,"date":"2024-04-23"}},{"id":"8959","type":"daily_itinerary","attributes":{"trip_id":816,"date":"2024-04-24"}},{"id":"8960","type":"daily_itinerary","attributes":{"trip_id":816,"date":"2024-04-25"}},{"id":"8961","type":"daily_itinerary","attributes":{"trip_id":816,"date":"2024-04-26"}},{"id":"8962","type":"daily_itinerary","attributes":{"trip_id":816,"date":"2024-04-27"}},{"id":"8963","type":"daily_itinerary","attributes":{"trip_id":816,"date":"2024-04-28"}},{"id":"8964","type":"daily_itinerary","attributes":{"trip_id":816,"date":"2024-04-29"}},{"id":"8965","type":"daily_itinerary","attributes":{"trip_id":816,"date":"2024-04-30"}},{"id":"8966","type":"daily_itinerary","attributes":{"trip_id":817,"date":"2024-04-20"}},{"id":"8967","type":"daily_itinerary","attributes":{"trip_id":817,"date":"2024-04-21"}},{"id":"8968","type":"daily_itinerary","attributes":{"trip_id":817,"date":"2024-04-22"}},{"id":"8969","type":"daily_itinerary","attributes":{"trip_id":817,"date":"2024-04-23"}},{"id":"8970","type":"daily_itinerary","attributes":{"trip_id":817,"date":"2024-04-24"}},{"id":"8971","type":"daily_itinerary","attributes":{"trip_id":817,"date":"2024-04-25"}},{"id":"8972","type":"daily_itinerary","attributes":{"trip_id":817,"date":"2024-04-26"}},{"id":"8973","type":"daily_itinerary","attributes":{"trip_id":817,"date":"2024-04-27"}},{"id":"8974","type":"daily_itinerary","attributes":{"trip_id":817,"date":"2024-04-28"}},{"id":"8975","type":"daily_itinerary","attributes":{"trip_id":817,"date":"2024-04-29"}},{"id":"8976","type":"daily_itinerary","attributes":{"trip_id":817,"date":"2024-04-30"}}]}'
  recorded_at: Wed, 17 Apr 2024 04:30:31 GMT
- request:
    method: delete
    uri: http://127.0.0.1:3000/api/v1/trips/813?user_id=100
    body:
      encoding: US-ASCII
      string: ''
    headers:
      User-Agent:
      - Faraday v2.9.0
      Accept-Encoding:
      - gzip;q=1.0,deflate;q=0.6,identity;q=0.3
      Accept:
      - "*/*"
  response:
    status:
      code: 204
      message: No Content
    headers:
      X-Frame-Options:
      - SAMEORIGIN
      X-Xss-Protection:
      - '0'
      X-Content-Type-Options:
      - nosniff
      X-Permitted-Cross-Domain-Policies:
      - none
      Referrer-Policy:
      - strict-origin-when-cross-origin
      Cache-Control:
      - no-cache
      X-Request-Id:
      - 42d58fe0-14dd-48e2-8523-5669c82d25c8
      X-Runtime:
      - '0.043822'
      Server-Timing:
      - start_processing.action_controller;dur=0.00, sql.active_record;dur=25.73,
        instantiation.active_record;dur=0.18, transaction.active_record;dur=36.81,
        process_action.action_controller;dur=38.33
    body:
      encoding: UTF-8
      string: ''
  recorded_at: Wed, 17 Apr 2024 04:30:31 GMT
- request:
    method: delete
    uri: http://127.0.0.1:3000/api/v1/trips/814?user_id=100
    body:
      encoding: US-ASCII
      string: ''
    headers:
      User-Agent:
      - Faraday v2.9.0
      Accept-Encoding:
      - gzip;q=1.0,deflate;q=0.6,identity;q=0.3
      Accept:
      - "*/*"
  response:
    status:
      code: 204
      message: No Content
    headers:
      X-Frame-Options:
      - SAMEORIGIN
      X-Xss-Protection:
      - '0'
      X-Content-Type-Options:
      - nosniff
      X-Permitted-Cross-Domain-Policies:
      - none
      Referrer-Policy:
      - strict-origin-when-cross-origin
      Cache-Control:
      - no-cache
      X-Request-Id:
      - 13d66881-8426-4ab8-a886-e3b54fa4d150
      X-Runtime:
      - '0.025664'
      Server-Timing:
      - start_processing.action_controller;dur=0.01, sql.active_record;dur=6.39, instantiation.active_record;dur=0.23,
        transaction.active_record;dur=18.68, process_action.action_controller;dur=20.52
    body:
      encoding: UTF-8
      string: ''
  recorded_at: Wed, 17 Apr 2024 04:30:31 GMT
- request:
    method: delete
    uri: http://127.0.0.1:3000/api/v1/trips/815?user_id=100
    body:
      encoding: US-ASCII
      string: ''
    headers:
      User-Agent:
      - Faraday v2.9.0
      Accept-Encoding:
      - gzip;q=1.0,deflate;q=0.6,identity;q=0.3
      Accept:
      - "*/*"
  response:
    status:
      code: 204
      message: No Content
    headers:
      X-Frame-Options:
      - SAMEORIGIN
      X-Xss-Protection:
      - '0'
      X-Content-Type-Options:
      - nosniff
      X-Permitted-Cross-Domain-Policies:
      - none
      Referrer-Policy:
      - strict-origin-when-cross-origin
      Cache-Control:
      - no-cache
      X-Request-Id:
      - f647fb52-e95a-40eb-94c1-ab5bd39bf3f7
      X-Runtime:
      - '0.025404'
      Server-Timing:
      - start_processing.action_controller;dur=0.00, sql.active_record;dur=6.74, instantiation.active_record;dur=0.25,
        transaction.active_record;dur=18.62, process_action.action_controller;dur=20.90
    body:
      encoding: UTF-8
      string: ''
  recorded_at: Wed, 17 Apr 2024 04:30:31 GMT
- request:
    method: delete
    uri: http://127.0.0.1:3000/api/v1/trips/816?user_id=100
    body:
      encoding: US-ASCII
      string: ''
    headers:
      User-Agent:
      - Faraday v2.9.0
      Accept-Encoding:
      - gzip;q=1.0,deflate;q=0.6,identity;q=0.3
      Accept:
      - "*/*"
  response:
    status:
      code: 204
      message: No Content
    headers:
      X-Frame-Options:
      - SAMEORIGIN
      X-Xss-Protection:
      - '0'
      X-Content-Type-Options:
      - nosniff
      X-Permitted-Cross-Domain-Policies:
      - none
      Referrer-Policy:
      - strict-origin-when-cross-origin
      Cache-Control:
      - no-cache
      X-Request-Id:
      - 4dfeb902-b683-4af2-9773-b3150728ff45
      X-Runtime:
      - '0.020703'
      Server-Timing:
      - start_processing.action_controller;dur=0.00, sql.active_record;dur=4.80, instantiation.active_record;dur=0.19,
        transaction.active_record;dur=15.00, process_action.action_controller;dur=16.69
    body:
      encoding: UTF-8
      string: ''
  recorded_at: Wed, 17 Apr 2024 04:30:31 GMT
- request:
    method: delete
    uri: http://127.0.0.1:3000/api/v1/trips/817?user_id=100
    body:
      encoding: US-ASCII
      string: ''
    headers:
      User-Agent:
      - Faraday v2.9.0
      Accept-Encoding:
      - gzip;q=1.0,deflate;q=0.6,identity;q=0.3
      Accept:
      - "*/*"
  response:
    status:
      code: 204
      message: No Content
    headers:
      X-Frame-Options:
      - SAMEORIGIN
      X-Xss-Protection:
      - '0'
      X-Content-Type-Options:
      - nosniff
      X-Permitted-Cross-Domain-Policies:
      - none
      Referrer-Policy:
      - strict-origin-when-cross-origin
      Cache-Control:
      - no-cache
      X-Request-Id:
      - aa17dd5c-b891-44bc-aa92-4a04f7d779f5
      X-Runtime:
      - '0.030474'
      Server-Timing:
      - start_processing.action_controller;dur=0.00, sql.active_record;dur=12.28,
        instantiation.active_record;dur=0.18, transaction.active_record;dur=25.15,
        process_action.action_controller;dur=26.54
    body:
      encoding: UTF-8
      string: ''
  recorded_at: Wed, 17 Apr 2024 04:30:31 GMT
- request:
    method: post
    uri: http://127.0.0.1:3000/api/v1/trips
    body:
      encoding: UTF-8
      string: trip%5Bend_date%5D=2024-04-30&trip%5Blocation%5D=Japan&trip%5Bname%5D=Trip+To+Japan&trip%5Bstart_date%5D=2024-04-20&trip%5Bstatus%5D=in_progress&trip%5Btotal_budget%5D=1000&trip%5Buser_id%5D=100
    headers:
      User-Agent:
      - Faraday v2.9.0
      Content-Type:
      - application/x-www-form-urlencoded
      Accept-Encoding:
      - gzip;q=1.0,deflate;q=0.6,identity;q=0.3
      Accept:
      - "*/*"
  response:
    status:
      code: 201
      message: Created
    headers:
      X-Frame-Options:
      - SAMEORIGIN
      X-Xss-Protection:
      - '0'
      X-Content-Type-Options:
      - nosniff
      X-Permitted-Cross-Domain-Policies:
      - none
      Referrer-Policy:
      - strict-origin-when-cross-origin
      Content-Type:
      - application/json; charset=utf-8
      Vary:
      - Accept
      Etag:
      - W/"3702084dd23148a7c1d43775aa393adb"
      Cache-Control:
      - max-age=0, private, must-revalidate
      X-Request-Id:
      - 6e8dcc8a-3a98-40da-8fd0-8dd5a8d6daaa
      X-Runtime:
      - '0.031246'
      Server-Timing:
      - start_processing.action_controller;dur=0.00, sql.active_record;dur=13.68,
        transaction.active_record;dur=12.58, instantiation.active_record;dur=0.10,
        process_action.action_controller;dur=27.53
      Content-Length:
      - '1691'
    body:
      encoding: UTF-8
      string: '{"data":{"id":"831","type":"trip","attributes":{"name":"Trip To Japan","location":"Japan","start_date":"2024-04-20T00:00:00.000Z","end_date":"2024-04-30T00:00:00.000Z","status":"in_progress","total_budget":1000,"total_expenses":0},"relationships":{"daily_itineraries":{"data":[{"id":"9120","type":"daily_itinerary"},{"id":"9121","type":"daily_itinerary"},{"id":"9122","type":"daily_itinerary"},{"id":"9123","type":"daily_itinerary"},{"id":"9124","type":"daily_itinerary"},{"id":"9125","type":"daily_itinerary"},{"id":"9126","type":"daily_itinerary"},{"id":"9127","type":"daily_itinerary"},{"id":"9128","type":"daily_itinerary"},{"id":"9129","type":"daily_itinerary"},{"id":"9130","type":"daily_itinerary"}]}}},"included":[{"id":"9120","type":"daily_itinerary","attributes":{"trip_id":831,"date":"2024-04-20"}},{"id":"9121","type":"daily_itinerary","attributes":{"trip_id":831,"date":"2024-04-21"}},{"id":"9122","type":"daily_itinerary","attributes":{"trip_id":831,"date":"2024-04-22"}},{"id":"9123","type":"daily_itinerary","attributes":{"trip_id":831,"date":"2024-04-23"}},{"id":"9124","type":"daily_itinerary","attributes":{"trip_id":831,"date":"2024-04-24"}},{"id":"9125","type":"daily_itinerary","attributes":{"trip_id":831,"date":"2024-04-25"}},{"id":"9126","type":"daily_itinerary","attributes":{"trip_id":831,"date":"2024-04-26"}},{"id":"9127","type":"daily_itinerary","attributes":{"trip_id":831,"date":"2024-04-27"}},{"id":"9128","type":"daily_itinerary","attributes":{"trip_id":831,"date":"2024-04-28"}},{"id":"9129","type":"daily_itinerary","attributes":{"trip_id":831,"date":"2024-04-29"}},{"id":"9130","type":"daily_itinerary","attributes":{"trip_id":831,"date":"2024-04-30"}}]}'
  recorded_at: Wed, 17 Apr 2024 04:30:31 GMT
- request:
    method: post
    uri: http://127.0.0.1:3000/api/v1/trips
    body:
      encoding: UTF-8
      string: trip%5Bend_date%5D=2024-04-30&trip%5Blocation%5D=Japan&trip%5Bname%5D=Trip+To+Japan&trip%5Bstart_date%5D=2024-04-20&trip%5Bstatus%5D=in_progress&trip%5Btotal_budget%5D=1000&trip%5Buser_id%5D=100
    headers:
      User-Agent:
      - Faraday v2.9.0
      Content-Type:
      - application/x-www-form-urlencoded
      Accept-Encoding:
      - gzip;q=1.0,deflate;q=0.6,identity;q=0.3
      Accept:
      - "*/*"
  response:
    status:
      code: 201
      message: Created
    headers:
      X-Frame-Options:
      - SAMEORIGIN
      X-Xss-Protection:
      - '0'
      X-Content-Type-Options:
      - nosniff
      X-Permitted-Cross-Domain-Policies:
      - none
      Referrer-Policy:
      - strict-origin-when-cross-origin
      Content-Type:
      - application/json; charset=utf-8
      Vary:
      - Accept
      Etag:
      - W/"0f8d1c587ced51c01e939ef1478009be"
      Cache-Control:
      - max-age=0, private, must-revalidate
      X-Request-Id:
      - 71b05008-e58b-487d-a690-0e15b8cb5887
      X-Runtime:
      - '0.033099'
      Server-Timing:
      - start_processing.action_controller;dur=0.00, sql.active_record;dur=12.57,
        transaction.active_record;dur=12.54, instantiation.active_record;dur=0.09,
        process_action.action_controller;dur=27.75
      Content-Length:
      - '1691'
    body:
      encoding: UTF-8
      string: '{"data":{"id":"832","type":"trip","attributes":{"name":"Trip To Japan","location":"Japan","start_date":"2024-04-20T00:00:00.000Z","end_date":"2024-04-30T00:00:00.000Z","status":"in_progress","total_budget":1000,"total_expenses":0},"relationships":{"daily_itineraries":{"data":[{"id":"9131","type":"daily_itinerary"},{"id":"9132","type":"daily_itinerary"},{"id":"9133","type":"daily_itinerary"},{"id":"9134","type":"daily_itinerary"},{"id":"9135","type":"daily_itinerary"},{"id":"9136","type":"daily_itinerary"},{"id":"9137","type":"daily_itinerary"},{"id":"9138","type":"daily_itinerary"},{"id":"9139","type":"daily_itinerary"},{"id":"9140","type":"daily_itinerary"},{"id":"9141","type":"daily_itinerary"}]}}},"included":[{"id":"9131","type":"daily_itinerary","attributes":{"trip_id":832,"date":"2024-04-20"}},{"id":"9132","type":"daily_itinerary","attributes":{"trip_id":832,"date":"2024-04-21"}},{"id":"9133","type":"daily_itinerary","attributes":{"trip_id":832,"date":"2024-04-22"}},{"id":"9134","type":"daily_itinerary","attributes":{"trip_id":832,"date":"2024-04-23"}},{"id":"9135","type":"daily_itinerary","attributes":{"trip_id":832,"date":"2024-04-24"}},{"id":"9136","type":"daily_itinerary","attributes":{"trip_id":832,"date":"2024-04-25"}},{"id":"9137","type":"daily_itinerary","attributes":{"trip_id":832,"date":"2024-04-26"}},{"id":"9138","type":"daily_itinerary","attributes":{"trip_id":832,"date":"2024-04-27"}},{"id":"9139","type":"daily_itinerary","attributes":{"trip_id":832,"date":"2024-04-28"}},{"id":"9140","type":"daily_itinerary","attributes":{"trip_id":832,"date":"2024-04-29"}},{"id":"9141","type":"daily_itinerary","attributes":{"trip_id":832,"date":"2024-04-30"}}]}'
  recorded_at: Wed, 17 Apr 2024 04:30:31 GMT
- request:
    method: post
    uri: http://127.0.0.1:3000/api/v1/trips
    body:
      encoding: UTF-8
      string: trip%5Bend_date%5D=2024-04-30&trip%5Blocation%5D=Japan&trip%5Bname%5D=Trip+To+Japan&trip%5Bstart_date%5D=2024-04-20&trip%5Bstatus%5D=in_progress&trip%5Btotal_budget%5D=1000&trip%5Buser_id%5D=100
    headers:
      User-Agent:
      - Faraday v2.9.0
      Content-Type:
      - application/x-www-form-urlencoded
      Accept-Encoding:
      - gzip;q=1.0,deflate;q=0.6,identity;q=0.3
      Accept:
      - "*/*"
  response:
    status:
      code: 201
      message: Created
    headers:
      X-Frame-Options:
      - SAMEORIGIN
      X-Xss-Protection:
      - '0'
      X-Content-Type-Options:
      - nosniff
      X-Permitted-Cross-Domain-Policies:
      - none
      Referrer-Policy:
      - strict-origin-when-cross-origin
      Content-Type:
      - application/json; charset=utf-8
      Vary:
      - Accept
      Etag:
      - W/"f8981df17206ac30136eb3aa46f1d1a1"
      Cache-Control:
      - max-age=0, private, must-revalidate
      X-Request-Id:
      - c3306e5a-94a6-4ba4-bf4e-155c2ba90a5d
      X-Runtime:
      - '0.034645'
      Server-Timing:
      - start_processing.action_controller;dur=0.00, sql.active_record;dur=14.05,
        transaction.active_record;dur=14.33, instantiation.active_record;dur=0.09,
        process_action.action_controller;dur=30.42
      Content-Length:
      - '1691'
    body:
      encoding: UTF-8
      string: '{"data":{"id":"833","type":"trip","attributes":{"name":"Trip To Japan","location":"Japan","start_date":"2024-04-20T00:00:00.000Z","end_date":"2024-04-30T00:00:00.000Z","status":"in_progress","total_budget":1000,"total_expenses":0},"relationships":{"daily_itineraries":{"data":[{"id":"9142","type":"daily_itinerary"},{"id":"9143","type":"daily_itinerary"},{"id":"9144","type":"daily_itinerary"},{"id":"9145","type":"daily_itinerary"},{"id":"9146","type":"daily_itinerary"},{"id":"9147","type":"daily_itinerary"},{"id":"9148","type":"daily_itinerary"},{"id":"9149","type":"daily_itinerary"},{"id":"9150","type":"daily_itinerary"},{"id":"9151","type":"daily_itinerary"},{"id":"9152","type":"daily_itinerary"}]}}},"included":[{"id":"9142","type":"daily_itinerary","attributes":{"trip_id":833,"date":"2024-04-20"}},{"id":"9143","type":"daily_itinerary","attributes":{"trip_id":833,"date":"2024-04-21"}},{"id":"9144","type":"daily_itinerary","attributes":{"trip_id":833,"date":"2024-04-22"}},{"id":"9145","type":"daily_itinerary","attributes":{"trip_id":833,"date":"2024-04-23"}},{"id":"9146","type":"daily_itinerary","attributes":{"trip_id":833,"date":"2024-04-24"}},{"id":"9147","type":"daily_itinerary","attributes":{"trip_id":833,"date":"2024-04-25"}},{"id":"9148","type":"daily_itinerary","attributes":{"trip_id":833,"date":"2024-04-26"}},{"id":"9149","type":"daily_itinerary","attributes":{"trip_id":833,"date":"2024-04-27"}},{"id":"9150","type":"daily_itinerary","attributes":{"trip_id":833,"date":"2024-04-28"}},{"id":"9151","type":"daily_itinerary","attributes":{"trip_id":833,"date":"2024-04-29"}},{"id":"9152","type":"daily_itinerary","attributes":{"trip_id":833,"date":"2024-04-30"}}]}'
  recorded_at: Wed, 17 Apr 2024 04:30:31 GMT
- request:
    method: post
    uri: http://127.0.0.1:3000/api/v1/trips
    body:
      encoding: UTF-8
      string: trip%5Bend_date%5D=2024-04-30&trip%5Blocation%5D=Japan&trip%5Bname%5D=Trip+To+Japan&trip%5Bstart_date%5D=2024-04-20&trip%5Bstatus%5D=in_progress&trip%5Btotal_budget%5D=1000&trip%5Buser_id%5D=100
    headers:
      User-Agent:
      - Faraday v2.9.0
      Content-Type:
      - application/x-www-form-urlencoded
      Accept-Encoding:
      - gzip;q=1.0,deflate;q=0.6,identity;q=0.3
      Accept:
      - "*/*"
  response:
    status:
      code: 201
      message: Created
    headers:
      X-Frame-Options:
      - SAMEORIGIN
      X-Xss-Protection:
      - '0'
      X-Content-Type-Options:
      - nosniff
      X-Permitted-Cross-Domain-Policies:
      - none
      Referrer-Policy:
      - strict-origin-when-cross-origin
      Content-Type:
      - application/json; charset=utf-8
      Vary:
      - Accept
      Etag:
      - W/"edbae6068b4d42eb8645c00e85ab2bad"
      Cache-Control:
      - max-age=0, private, must-revalidate
      X-Request-Id:
      - d5b1d30c-fee1-41b2-8ff9-84baa6c48949
      X-Runtime:
      - '0.033191'
      Server-Timing:
      - start_processing.action_controller;dur=0.00, sql.active_record;dur=15.12,
        transaction.active_record;dur=12.59, instantiation.active_record;dur=0.36,
        process_action.action_controller;dur=29.15
      Content-Length:
      - '1691'
    body:
      encoding: UTF-8
      string: '{"data":{"id":"834","type":"trip","attributes":{"name":"Trip To Japan","location":"Japan","start_date":"2024-04-20T00:00:00.000Z","end_date":"2024-04-30T00:00:00.000Z","status":"in_progress","total_budget":1000,"total_expenses":0},"relationships":{"daily_itineraries":{"data":[{"id":"9153","type":"daily_itinerary"},{"id":"9154","type":"daily_itinerary"},{"id":"9155","type":"daily_itinerary"},{"id":"9156","type":"daily_itinerary"},{"id":"9157","type":"daily_itinerary"},{"id":"9158","type":"daily_itinerary"},{"id":"9159","type":"daily_itinerary"},{"id":"9160","type":"daily_itinerary"},{"id":"9161","type":"daily_itinerary"},{"id":"9162","type":"daily_itinerary"},{"id":"9163","type":"daily_itinerary"}]}}},"included":[{"id":"9153","type":"daily_itinerary","attributes":{"trip_id":834,"date":"2024-04-20"}},{"id":"9154","type":"daily_itinerary","attributes":{"trip_id":834,"date":"2024-04-21"}},{"id":"9155","type":"daily_itinerary","attributes":{"trip_id":834,"date":"2024-04-22"}},{"id":"9156","type":"daily_itinerary","attributes":{"trip_id":834,"date":"2024-04-23"}},{"id":"9157","type":"daily_itinerary","attributes":{"trip_id":834,"date":"2024-04-24"}},{"id":"9158","type":"daily_itinerary","attributes":{"trip_id":834,"date":"2024-04-25"}},{"id":"9159","type":"daily_itinerary","attributes":{"trip_id":834,"date":"2024-04-26"}},{"id":"9160","type":"daily_itinerary","attributes":{"trip_id":834,"date":"2024-04-27"}},{"id":"9161","type":"daily_itinerary","attributes":{"trip_id":834,"date":"2024-04-28"}},{"id":"9162","type":"daily_itinerary","attributes":{"trip_id":834,"date":"2024-04-29"}},{"id":"9163","type":"daily_itinerary","attributes":{"trip_id":834,"date":"2024-04-30"}}]}'
  recorded_at: Wed, 17 Apr 2024 04:30:31 GMT
- request:
    method: post
    uri: http://127.0.0.1:3000/api/v1/trips
    body:
      encoding: UTF-8
      string: trip%5Bend_date%5D=2024-04-30&trip%5Blocation%5D=Japan&trip%5Bname%5D=Trip+To+Japan&trip%5Bstart_date%5D=2024-04-20&trip%5Bstatus%5D=in_progress&trip%5Btotal_budget%5D=1000&trip%5Buser_id%5D=100
    headers:
      User-Agent:
      - Faraday v2.9.0
      Content-Type:
      - application/x-www-form-urlencoded
      Accept-Encoding:
      - gzip;q=1.0,deflate;q=0.6,identity;q=0.3
      Accept:
      - "*/*"
  response:
    status:
      code: 201
      message: Created
    headers:
      X-Frame-Options:
      - SAMEORIGIN
      X-Xss-Protection:
      - '0'
      X-Content-Type-Options:
      - nosniff
      X-Permitted-Cross-Domain-Policies:
      - none
      Referrer-Policy:
      - strict-origin-when-cross-origin
      Content-Type:
      - application/json; charset=utf-8
      Vary:
      - Accept
      Etag:
      - W/"4a42848ba2e3c2ad51bba6ca95681b82"
      Cache-Control:
      - max-age=0, private, must-revalidate
      X-Request-Id:
      - 6544c8ff-a971-4146-9133-ab06dba6a752
      X-Runtime:
      - '0.048788'
      Server-Timing:
      - start_processing.action_controller;dur=0.00, sql.active_record;dur=27.68,
        transaction.active_record;dur=25.91, instantiation.active_record;dur=0.10,
        process_action.action_controller;dur=44.12
      Content-Length:
      - '1691'
    body:
      encoding: UTF-8
      string: '{"data":{"id":"835","type":"trip","attributes":{"name":"Trip To Japan","location":"Japan","start_date":"2024-04-20T00:00:00.000Z","end_date":"2024-04-30T00:00:00.000Z","status":"in_progress","total_budget":1000,"total_expenses":0},"relationships":{"daily_itineraries":{"data":[{"id":"9164","type":"daily_itinerary"},{"id":"9165","type":"daily_itinerary"},{"id":"9166","type":"daily_itinerary"},{"id":"9167","type":"daily_itinerary"},{"id":"9168","type":"daily_itinerary"},{"id":"9169","type":"daily_itinerary"},{"id":"9170","type":"daily_itinerary"},{"id":"9171","type":"daily_itinerary"},{"id":"9172","type":"daily_itinerary"},{"id":"9173","type":"daily_itinerary"},{"id":"9174","type":"daily_itinerary"}]}}},"included":[{"id":"9164","type":"daily_itinerary","attributes":{"trip_id":835,"date":"2024-04-20"}},{"id":"9165","type":"daily_itinerary","attributes":{"trip_id":835,"date":"2024-04-21"}},{"id":"9166","type":"daily_itinerary","attributes":{"trip_id":835,"date":"2024-04-22"}},{"id":"9167","type":"daily_itinerary","attributes":{"trip_id":835,"date":"2024-04-23"}},{"id":"9168","type":"daily_itinerary","attributes":{"trip_id":835,"date":"2024-04-24"}},{"id":"9169","type":"daily_itinerary","attributes":{"trip_id":835,"date":"2024-04-25"}},{"id":"9170","type":"daily_itinerary","attributes":{"trip_id":835,"date":"2024-04-26"}},{"id":"9171","type":"daily_itinerary","attributes":{"trip_id":835,"date":"2024-04-27"}},{"id":"9172","type":"daily_itinerary","attributes":{"trip_id":835,"date":"2024-04-28"}},{"id":"9173","type":"daily_itinerary","attributes":{"trip_id":835,"date":"2024-04-29"}},{"id":"9174","type":"daily_itinerary","attributes":{"trip_id":835,"date":"2024-04-30"}}]}'
  recorded_at: Wed, 17 Apr 2024 04:30:31 GMT
- request:
    method: get
    uri: http://127.0.0.1:3000/api/v1/trips?user_id=100
    body:
      encoding: US-ASCII
      string: ''
    headers:
      User-Agent:
      - Faraday v2.9.0
      Accept-Encoding:
      - gzip;q=1.0,deflate;q=0.6,identity;q=0.3
      Accept:
      - "*/*"
  response:
    status:
      code: 200
      message: OK
    headers:
      X-Frame-Options:
      - SAMEORIGIN
      X-Xss-Protection:
      - '0'
      X-Content-Type-Options:
      - nosniff
      X-Permitted-Cross-Domain-Policies:
      - none
      Referrer-Policy:
      - strict-origin-when-cross-origin
      Content-Type:
      - application/json; charset=utf-8
      Vary:
      - Accept
      Etag:
      - W/"344685e5d81004ee378b9e8314db9868"
      Cache-Control:
      - max-age=0, private, must-revalidate
      X-Request-Id:
      - 5ce8ea75-eb39-4453-8b9f-5e9249e4d0ee
      X-Runtime:
      - '0.014511'
      Server-Timing:
      - start_processing.action_controller;dur=0.00, sql.active_record;dur=1.79, instantiation.active_record;dur=0.45,
        process_action.action_controller;dur=10.46
      Content-Length:
      - '7673'
    body:
      encoding: UTF-8
      string: '{"data":[{"id":"831","type":"trip","attributes":{"name":"Trip To Japan","location":"Japan"},"relationships":{"daily_itineraries":{"data":[{"id":"9120","type":"daily_itinerary"},{"id":"9121","type":"daily_itinerary"},{"id":"9122","type":"daily_itinerary"},{"id":"9123","type":"daily_itinerary"},{"id":"9124","type":"daily_itinerary"},{"id":"9125","type":"daily_itinerary"},{"id":"9126","type":"daily_itinerary"},{"id":"9127","type":"daily_itinerary"},{"id":"9128","type":"daily_itinerary"},{"id":"9129","type":"daily_itinerary"},{"id":"9130","type":"daily_itinerary"}]}}},{"id":"832","type":"trip","attributes":{"name":"Trip
        To Japan","location":"Japan"},"relationships":{"daily_itineraries":{"data":[{"id":"9131","type":"daily_itinerary"},{"id":"9132","type":"daily_itinerary"},{"id":"9133","type":"daily_itinerary"},{"id":"9134","type":"daily_itinerary"},{"id":"9135","type":"daily_itinerary"},{"id":"9136","type":"daily_itinerary"},{"id":"9137","type":"daily_itinerary"},{"id":"9138","type":"daily_itinerary"},{"id":"9139","type":"daily_itinerary"},{"id":"9140","type":"daily_itinerary"},{"id":"9141","type":"daily_itinerary"}]}}},{"id":"833","type":"trip","attributes":{"name":"Trip
        To Japan","location":"Japan"},"relationships":{"daily_itineraries":{"data":[{"id":"9142","type":"daily_itinerary"},{"id":"9143","type":"daily_itinerary"},{"id":"9144","type":"daily_itinerary"},{"id":"9145","type":"daily_itinerary"},{"id":"9146","type":"daily_itinerary"},{"id":"9147","type":"daily_itinerary"},{"id":"9148","type":"daily_itinerary"},{"id":"9149","type":"daily_itinerary"},{"id":"9150","type":"daily_itinerary"},{"id":"9151","type":"daily_itinerary"},{"id":"9152","type":"daily_itinerary"}]}}},{"id":"834","type":"trip","attributes":{"name":"Trip
        To Japan","location":"Japan"},"relationships":{"daily_itineraries":{"data":[{"id":"9153","type":"daily_itinerary"},{"id":"9154","type":"daily_itinerary"},{"id":"9155","type":"daily_itinerary"},{"id":"9156","type":"daily_itinerary"},{"id":"9157","type":"daily_itinerary"},{"id":"9158","type":"daily_itinerary"},{"id":"9159","type":"daily_itinerary"},{"id":"9160","type":"daily_itinerary"},{"id":"9161","type":"daily_itinerary"},{"id":"9162","type":"daily_itinerary"},{"id":"9163","type":"daily_itinerary"}]}}},{"id":"835","type":"trip","attributes":{"name":"Trip
        To Japan","location":"Japan"},"relationships":{"daily_itineraries":{"data":[{"id":"9164","type":"daily_itinerary"},{"id":"9165","type":"daily_itinerary"},{"id":"9166","type":"daily_itinerary"},{"id":"9167","type":"daily_itinerary"},{"id":"9168","type":"daily_itinerary"},{"id":"9169","type":"daily_itinerary"},{"id":"9170","type":"daily_itinerary"},{"id":"9171","type":"daily_itinerary"},{"id":"9172","type":"daily_itinerary"},{"id":"9173","type":"daily_itinerary"},{"id":"9174","type":"daily_itinerary"}]}}}],"included":[{"id":"9120","type":"daily_itinerary","attributes":{"trip_id":831,"date":"2024-04-20"}},{"id":"9121","type":"daily_itinerary","attributes":{"trip_id":831,"date":"2024-04-21"}},{"id":"9122","type":"daily_itinerary","attributes":{"trip_id":831,"date":"2024-04-22"}},{"id":"9123","type":"daily_itinerary","attributes":{"trip_id":831,"date":"2024-04-23"}},{"id":"9124","type":"daily_itinerary","attributes":{"trip_id":831,"date":"2024-04-24"}},{"id":"9125","type":"daily_itinerary","attributes":{"trip_id":831,"date":"2024-04-25"}},{"id":"9126","type":"daily_itinerary","attributes":{"trip_id":831,"date":"2024-04-26"}},{"id":"9127","type":"daily_itinerary","attributes":{"trip_id":831,"date":"2024-04-27"}},{"id":"9128","type":"daily_itinerary","attributes":{"trip_id":831,"date":"2024-04-28"}},{"id":"9129","type":"daily_itinerary","attributes":{"trip_id":831,"date":"2024-04-29"}},{"id":"9130","type":"daily_itinerary","attributes":{"trip_id":831,"date":"2024-04-30"}},{"id":"9131","type":"daily_itinerary","attributes":{"trip_id":832,"date":"2024-04-20"}},{"id":"9132","type":"daily_itinerary","attributes":{"trip_id":832,"date":"2024-04-21"}},{"id":"9133","type":"daily_itinerary","attributes":{"trip_id":832,"date":"2024-04-22"}},{"id":"9134","type":"daily_itinerary","attributes":{"trip_id":832,"date":"2024-04-23"}},{"id":"9135","type":"daily_itinerary","attributes":{"trip_id":832,"date":"2024-04-24"}},{"id":"9136","type":"daily_itinerary","attributes":{"trip_id":832,"date":"2024-04-25"}},{"id":"9137","type":"daily_itinerary","attributes":{"trip_id":832,"date":"2024-04-26"}},{"id":"9138","type":"daily_itinerary","attributes":{"trip_id":832,"date":"2024-04-27"}},{"id":"9139","type":"daily_itinerary","attributes":{"trip_id":832,"date":"2024-04-28"}},{"id":"9140","type":"daily_itinerary","attributes":{"trip_id":832,"date":"2024-04-29"}},{"id":"9141","type":"daily_itinerary","attributes":{"trip_id":832,"date":"2024-04-30"}},{"id":"9142","type":"daily_itinerary","attributes":{"trip_id":833,"date":"2024-04-20"}},{"id":"9143","type":"daily_itinerary","attributes":{"trip_id":833,"date":"2024-04-21"}},{"id":"9144","type":"daily_itinerary","attributes":{"trip_id":833,"date":"2024-04-22"}},{"id":"9145","type":"daily_itinerary","attributes":{"trip_id":833,"date":"2024-04-23"}},{"id":"9146","type":"daily_itinerary","attributes":{"trip_id":833,"date":"2024-04-24"}},{"id":"9147","type":"daily_itinerary","attributes":{"trip_id":833,"date":"2024-04-25"}},{"id":"9148","type":"daily_itinerary","attributes":{"trip_id":833,"date":"2024-04-26"}},{"id":"9149","type":"daily_itinerary","attributes":{"trip_id":833,"date":"2024-04-27"}},{"id":"9150","type":"daily_itinerary","attributes":{"trip_id":833,"date":"2024-04-28"}},{"id":"9151","type":"daily_itinerary","attributes":{"trip_id":833,"date":"2024-04-29"}},{"id":"9152","type":"daily_itinerary","attributes":{"trip_id":833,"date":"2024-04-30"}},{"id":"9153","type":"daily_itinerary","attributes":{"trip_id":834,"date":"2024-04-20"}},{"id":"9154","type":"daily_itinerary","attributes":{"trip_id":834,"date":"2024-04-21"}},{"id":"9155","type":"daily_itinerary","attributes":{"trip_id":834,"date":"2024-04-22"}},{"id":"9156","type":"daily_itinerary","attributes":{"trip_id":834,"date":"2024-04-23"}},{"id":"9157","type":"daily_itinerary","attributes":{"trip_id":834,"date":"2024-04-24"}},{"id":"9158","type":"daily_itinerary","attributes":{"trip_id":834,"date":"2024-04-25"}},{"id":"9159","type":"daily_itinerary","attributes":{"trip_id":834,"date":"2024-04-26"}},{"id":"9160","type":"daily_itinerary","attributes":{"trip_id":834,"date":"2024-04-27"}},{"id":"9161","type":"daily_itinerary","attributes":{"trip_id":834,"date":"2024-04-28"}},{"id":"9162","type":"daily_itinerary","attributes":{"trip_id":834,"date":"2024-04-29"}},{"id":"9163","type":"daily_itinerary","attributes":{"trip_id":834,"date":"2024-04-30"}},{"id":"9164","type":"daily_itinerary","attributes":{"trip_id":835,"date":"2024-04-20"}},{"id":"9165","type":"daily_itinerary","attributes":{"trip_id":835,"date":"2024-04-21"}},{"id":"9166","type":"daily_itinerary","attributes":{"trip_id":835,"date":"2024-04-22"}},{"id":"9167","type":"daily_itinerary","attributes":{"trip_id":835,"date":"2024-04-23"}},{"id":"9168","type":"daily_itinerary","attributes":{"trip_id":835,"date":"2024-04-24"}},{"id":"9169","type":"daily_itinerary","attributes":{"trip_id":835,"date":"2024-04-25"}},{"id":"9170","type":"daily_itinerary","attributes":{"trip_id":835,"date":"2024-04-26"}},{"id":"9171","type":"daily_itinerary","attributes":{"trip_id":835,"date":"2024-04-27"}},{"id":"9172","type":"daily_itinerary","attributes":{"trip_id":835,"date":"2024-04-28"}},{"id":"9173","type":"daily_itinerary","attributes":{"trip_id":835,"date":"2024-04-29"}},{"id":"9174","type":"daily_itinerary","attributes":{"trip_id":835,"date":"2024-04-30"}}]}'
  recorded_at: Wed, 17 Apr 2024 04:30:31 GMT
recorded_with: VCR 6.2.0
