---
http_interactions:
- request:
    method: post
    uri: http://127.0.0.1:3000/api/v1/trips
    body:
      encoding: UTF-8
      string: '{"trip":{"name":"Trip To Japan","location":"Japan","start_date":"2024-04-20","end_date":"2024-04-30","status":"in_progress","total_budget":1000,"user_id":1}}'
    headers:
      User-Agent:
      - Faraday v2.9.0
      Content-Type:
      - application/json
      Accept-Encoding:
      - gzip;q=1.0,deflate;q=0.6,identity;q=0.3
      Accept:
      - "*/*"
  response:
    status:
      code: 201
      message: Created
    headers:
      X-Frame-Options:
      - SAMEORIGIN
      X-Xss-Protection:
      - '0'
      X-Content-Type-Options:
      - nosniff
      X-Permitted-Cross-Domain-Policies:
      - none
      Referrer-Policy:
      - strict-origin-when-cross-origin
      Content-Type:
      - application/json; charset=utf-8
      Vary:
      - Accept
      Etag:
      - W/"1b7437ca3e13b1d05003785419444712"
      Cache-Control:
      - max-age=0, private, must-revalidate
      X-Request-Id:
      - b3f877eb-d1ed-4af5-8e92-1af43f19f7f4
      X-Runtime:
      - '0.036389'
      Server-Timing:
      - start_processing.action_controller;dur=0.00, sql.active_record;dur=18.02,
        transaction.active_record;dur=13.90, instantiation.active_record;dur=0.09,
        process_action.action_controller;dur=32.36
      Content-Length:
      - '1713'
    body:
      encoding: UTF-8
      string: '{"data":{"id":"321","type":"trip","attributes":{"name":"Trip To Japan","location":"Japan","lat":null,"lon":null,"status":"in_progress","total_budget":1000,"start_date":"2024-04-20T00:00:00.000Z","end_date":"2024-04-30T00:00:00.000Z","total_expenses":0},"relationships":{"daily_itineraries":{"data":[{"id":"3834","type":"daily_itinerary"},{"id":"3835","type":"daily_itinerary"},{"id":"3836","type":"daily_itinerary"},{"id":"3837","type":"daily_itinerary"},{"id":"3838","type":"daily_itinerary"},{"id":"3839","type":"daily_itinerary"},{"id":"3840","type":"daily_itinerary"},{"id":"3841","type":"daily_itinerary"},{"id":"3842","type":"daily_itinerary"},{"id":"3843","type":"daily_itinerary"},{"id":"3844","type":"daily_itinerary"}]}}},"included":[{"id":"3834","type":"daily_itinerary","attributes":{"trip_id":321,"date":"2024-04-20"}},{"id":"3835","type":"daily_itinerary","attributes":{"trip_id":321,"date":"2024-04-21"}},{"id":"3836","type":"daily_itinerary","attributes":{"trip_id":321,"date":"2024-04-22"}},{"id":"3837","type":"daily_itinerary","attributes":{"trip_id":321,"date":"2024-04-23"}},{"id":"3838","type":"daily_itinerary","attributes":{"trip_id":321,"date":"2024-04-24"}},{"id":"3839","type":"daily_itinerary","attributes":{"trip_id":321,"date":"2024-04-25"}},{"id":"3840","type":"daily_itinerary","attributes":{"trip_id":321,"date":"2024-04-26"}},{"id":"3841","type":"daily_itinerary","attributes":{"trip_id":321,"date":"2024-04-27"}},{"id":"3842","type":"daily_itinerary","attributes":{"trip_id":321,"date":"2024-04-28"}},{"id":"3843","type":"daily_itinerary","attributes":{"trip_id":321,"date":"2024-04-29"}},{"id":"3844","type":"daily_itinerary","attributes":{"trip_id":321,"date":"2024-04-30"}}]}'
  recorded_at: Thu, 18 Apr 2024 19:21:52 GMT
- request:
    method: post
    uri: http://127.0.0.1:3000/api/v1/trips/321/accommodations
    body:
      encoding: UTF-8
      string: '{"user_id":1,"accommodation":{"name":"Conrad Tokyo","address":"Ginza,
        Tokyo","check_in":"2024-04-20","check_out":"2024-04-30"}}'
    headers:
      User-Agent:
      - Faraday v2.9.0
      Content-Type:
      - application/json
      Accept-Encoding:
      - gzip;q=1.0,deflate;q=0.6,identity;q=0.3
      Accept:
      - "*/*"
  response:
    status:
      code: 201
      message: Created
    headers:
      X-Frame-Options:
      - SAMEORIGIN
      X-Xss-Protection:
      - '0'
      X-Content-Type-Options:
      - nosniff
      X-Permitted-Cross-Domain-Policies:
      - none
      Referrer-Policy:
      - strict-origin-when-cross-origin
      Content-Type:
      - application/json; charset=utf-8
      Vary:
      - Accept
      Etag:
      - W/"7dbf7be717981cb88ee3f9590078eeb3"
      Cache-Control:
      - max-age=0, private, must-revalidate
      X-Request-Id:
      - 3d98d068-14b8-4da5-9ea2-dc6450c74820
      X-Runtime:
      - '0.007105'
      Server-Timing:
      - start_processing.action_controller;dur=0.00, sql.active_record;dur=1.46, instantiation.active_record;dur=0.02,
        transaction.active_record;dur=1.90, process_action.action_controller;dur=3.45
      Content-Length:
      - '296'
    body:
      encoding: UTF-8
      string: '{"data":{"id":"207","type":"accommodation","attributes":{"trip_id":321,"name":"Conrad
        Tokyo","check_in":"2024-04-20T00:00:00.000Z","check_out":"2024-04-30T00:00:00.000Z","expenses":null,"address":"Ginza,
        Tokyo","lat":null,"lon":null,"type_of_accommodation":null,"address_format":"Ginza,
        Tokyo"}}}'
  recorded_at: Thu, 18 Apr 2024 19:21:52 GMT
- request:
    method: put
    uri: http://127.0.0.1:3000/api/v1/trips/321/accommodations/207
    body:
      encoding: UTF-8
      string: '{"user_id":1,"accommodation":{"name":"Cerulean Hotel"}}'
    headers:
      User-Agent:
      - Faraday v2.9.0
      Content-Type:
      - application/json
      Accept-Encoding:
      - gzip;q=1.0,deflate;q=0.6,identity;q=0.3
      Accept:
      - "*/*"
  response:
    status:
      code: 200
      message: OK
    headers:
      X-Frame-Options:
      - SAMEORIGIN
      X-Xss-Protection:
      - '0'
      X-Content-Type-Options:
      - nosniff
      X-Permitted-Cross-Domain-Policies:
      - none
      Referrer-Policy:
      - strict-origin-when-cross-origin
      Content-Type:
      - application/json; charset=utf-8
      Vary:
      - Accept
      Etag:
      - W/"0a6c606ffc57d07096f8ad66b8303b39"
      Cache-Control:
      - max-age=0, private, must-revalidate
      X-Request-Id:
      - 196cfdd9-78d6-4655-bc43-04987262112f
      X-Runtime:
      - '0.006467'
      Server-Timing:
      - start_processing.action_controller;dur=0.00, sql.active_record;dur=1.40, instantiation.active_record;dur=0.05,
        transaction.active_record;dur=0.93, process_action.action_controller;dur=3.45
      Content-Length:
      - '298'
    body:
      encoding: UTF-8
      string: '{"data":{"id":"207","type":"accommodation","attributes":{"trip_id":321,"name":"Cerulean
        Hotel","check_in":"2024-04-20T00:00:00.000Z","check_out":"2024-04-30T00:00:00.000Z","expenses":null,"address":"Ginza,
        Tokyo","lat":null,"lon":null,"type_of_accommodation":null,"address_format":"Ginza,
        Tokyo"}}}'
  recorded_at: Thu, 18 Apr 2024 19:21:52 GMT
recorded_with: VCR 6.2.0
