---
http_interactions:
- request:
    method: post
    uri: http://127.0.0.1:3000/api/v1/trips/422/accommodations
    body:
      encoding: UTF-8
      string: '{"user_id":1,"accommodation":{"name":"Conrad Tokyo","address":"Ginza,
        Tokyo","check_in":"2024-04-20","check_out":"2024-04-30"}}'
    headers:
      User-Agent:
      - Faraday v2.9.0
      Content-Type:
      - application/json
      Accept-Encoding:
      - gzip;q=1.0,deflate;q=0.6,identity;q=0.3
      Accept:
      - "*/*"
  response:
    status:
      code: 201
      message: Created
    headers:
      X-Frame-Options:
      - SAMEORIGIN
      X-Xss-Protection:
      - '0'
      X-Content-Type-Options:
      - nosniff
      X-Permitted-Cross-Domain-Policies:
      - none
      Referrer-Policy:
      - strict-origin-when-cross-origin
      Content-Type:
      - application/json; charset=utf-8
      Vary:
      - Accept
      Etag:
      - W/"82b92b4cd8258b35473e792f8eadb686"
      Cache-Control:
      - max-age=0, private, must-revalidate
      X-Request-Id:
      - 137b6d47-5ed8-4def-826b-60a818de152e
      X-Runtime:
      - '0.006760'
      Server-Timing:
      - start_processing.action_controller;dur=0.00, sql.active_record;dur=1.08, instantiation.active_record;dur=0.02,
        transaction.active_record;dur=0.85, process_action.action_controller;dur=2.78
      Content-Length:
      - '296'
    body:
      encoding: UTF-8
      string: '{"data":{"id":"169","type":"accommodation","attributes":{"trip_id":422,"name":"Conrad
        Tokyo","check_in":"2024-04-20T00:00:00.000Z","check_out":"2024-04-30T00:00:00.000Z","expenses":null,"address":"Ginza,
        Tokyo","lat":null,"lon":null,"type_of_accommodation":null,"address_format":"Ginza,
        Tokyo"}}}'
  recorded_at: Wed, 17 Apr 2024 19:54:36 GMT
- request:
    method: post
    uri: http://127.0.0.1:3000/api/v1/trips
    body:
      encoding: UTF-8
      string: '{"trip":{"name":"Trip To Japan","location":"Japan","start_date":"2024-04-20","end_date":"2024-04-30","status":"in_progress","total_budget":1000,"user_id":1}}'
    headers:
      User-Agent:
      - Faraday v2.9.0
      Content-Type:
      - application/json
      Accept-Encoding:
      - gzip;q=1.0,deflate;q=0.6,identity;q=0.3
      Accept:
      - "*/*"
  response:
    status:
      code: 201
      message: Created
    headers:
      X-Frame-Options:
      - SAMEORIGIN
      X-Xss-Protection:
      - '0'
      X-Content-Type-Options:
      - nosniff
      X-Permitted-Cross-Domain-Policies:
      - none
      Referrer-Policy:
      - strict-origin-when-cross-origin
      Content-Type:
      - application/json; charset=utf-8
      Vary:
      - Accept
      Etag:
      - W/"4f8af02ba615bddd4a3dec2639f27ebc"
      Cache-Control:
      - max-age=0, private, must-revalidate
      X-Request-Id:
      - 34949218-c438-48ac-be20-4ce37f28a93e
      X-Runtime:
      - '0.048451'
      Server-Timing:
      - start_processing.action_controller;dur=0.00, sql.active_record;dur=24.01,
        transaction.active_record;dur=11.35, instantiation.active_record;dur=0.22,
        process_action.action_controller;dur=44.18
      Content-Length:
      - '1691'
    body:
      encoding: UTF-8
      string: '{"data":{"id":"440","type":"trip","attributes":{"name":"Trip To Japan","location":"Japan","status":"in_progress","total_budget":1000,"start_date":"2024-04-20T00:00:00.000Z","end_date":"2024-04-30T00:00:00.000Z","total_expenses":0},"relationships":{"daily_itineraries":{"data":[{"id":"4830","type":"daily_itinerary"},{"id":"4831","type":"daily_itinerary"},{"id":"4832","type":"daily_itinerary"},{"id":"4833","type":"daily_itinerary"},{"id":"4834","type":"daily_itinerary"},{"id":"4835","type":"daily_itinerary"},{"id":"4836","type":"daily_itinerary"},{"id":"4837","type":"daily_itinerary"},{"id":"4838","type":"daily_itinerary"},{"id":"4839","type":"daily_itinerary"},{"id":"4840","type":"daily_itinerary"}]}}},"included":[{"id":"4830","type":"daily_itinerary","attributes":{"trip_id":440,"date":"2024-04-20"}},{"id":"4831","type":"daily_itinerary","attributes":{"trip_id":440,"date":"2024-04-21"}},{"id":"4832","type":"daily_itinerary","attributes":{"trip_id":440,"date":"2024-04-22"}},{"id":"4833","type":"daily_itinerary","attributes":{"trip_id":440,"date":"2024-04-23"}},{"id":"4834","type":"daily_itinerary","attributes":{"trip_id":440,"date":"2024-04-24"}},{"id":"4835","type":"daily_itinerary","attributes":{"trip_id":440,"date":"2024-04-25"}},{"id":"4836","type":"daily_itinerary","attributes":{"trip_id":440,"date":"2024-04-26"}},{"id":"4837","type":"daily_itinerary","attributes":{"trip_id":440,"date":"2024-04-27"}},{"id":"4838","type":"daily_itinerary","attributes":{"trip_id":440,"date":"2024-04-28"}},{"id":"4839","type":"daily_itinerary","attributes":{"trip_id":440,"date":"2024-04-29"}},{"id":"4840","type":"daily_itinerary","attributes":{"trip_id":440,"date":"2024-04-30"}}]}'
  recorded_at: Wed, 17 Apr 2024 19:55:10 GMT
- request:
    method: post
    uri: http://127.0.0.1:3000/api/v1/trips/440/accommodations
    body:
      encoding: UTF-8
      string: '{"user_id":1,"accommodation":{"name":"Conrad Tokyo","address":"Ginza,
        Tokyo","check_in":"2024-04-20","check_out":"2024-04-30"}}'
    headers:
      User-Agent:
      - Faraday v2.9.0
      Content-Type:
      - application/json
      Accept-Encoding:
      - gzip;q=1.0,deflate;q=0.6,identity;q=0.3
      Accept:
      - "*/*"
  response:
    status:
      code: 201
      message: Created
    headers:
      X-Frame-Options:
      - SAMEORIGIN
      X-Xss-Protection:
      - '0'
      X-Content-Type-Options:
      - nosniff
      X-Permitted-Cross-Domain-Policies:
      - none
      Referrer-Policy:
      - strict-origin-when-cross-origin
      Content-Type:
      - application/json; charset=utf-8
      Vary:
      - Accept
      Etag:
      - W/"56244a20bf6012a7bf67040d402c4965"
      Cache-Control:
      - max-age=0, private, must-revalidate
      X-Request-Id:
      - 373224aa-6991-472c-a3ba-356adfa9b978
      X-Runtime:
      - '0.013853'
      Server-Timing:
      - start_processing.action_controller;dur=0.01, sql.active_record;dur=1.73, instantiation.active_record;dur=0.04,
        transaction.active_record;dur=1.65, process_action.action_controller;dur=5.39
      Content-Length:
      - '296'
    body:
      encoding: UTF-8
      string: '{"data":{"id":"178","type":"accommodation","attributes":{"trip_id":440,"name":"Conrad
        Tokyo","check_in":"2024-04-20T00:00:00.000Z","check_out":"2024-04-30T00:00:00.000Z","expenses":null,"address":"Ginza,
        Tokyo","lat":null,"lon":null,"type_of_accommodation":null,"address_format":"Ginza,
        Tokyo"}}}'
  recorded_at: Wed, 17 Apr 2024 19:55:10 GMT
recorded_with: VCR 6.2.0
