---
http_interactions:
- request:
    method: post
    uri: http://127.0.0.1:3000/api/v1/trips/92/accommodations
    body:
      encoding: UTF-8
      string: accommodation%5Baddress%5D=Ginza%2C+Tokyo&accommodation%5Bcheck_in_date%5D=2024-04-20&accommodation%5Bcheck_out_date%5D=2024-04-30&accommodation%5Bname%5D=Conrad+Tokyo&user_id=1
    headers:
      User-Agent:
      - Faraday v2.9.0
      Content-Type:
      - application/x-www-form-urlencoded
      Accept-Encoding:
      - gzip;q=1.0,deflate;q=0.6,identity;q=0.3
      Accept:
      - "*/*"
  response:
    status:
      code: 400
      message: Bad Request
    headers:
      X-Frame-Options:
      - SAMEORIGIN
      X-Xss-Protection:
      - '0'
      X-Content-Type-Options:
      - nosniff
      X-Permitted-Cross-Domain-Policies:
      - none
      Referrer-Policy:
      - strict-origin-when-cross-origin
      Content-Type:
      - application/json; charset=utf-8
      Vary:
      - Accept
      Cache-Control:
      - no-cache
      X-Request-Id:
      - b534414d-5743-456e-8752-ad3d927d4a09
      X-Runtime:
      - '0.190953'
      Content-Length:
      - '86'
    body:
      encoding: UTF-8
      string: '{"errors":[{"detail":"Validation failed: Trip must exist, Check out
        can''t be blank"}]}'
  recorded_at: Sun, 14 Apr 2024 03:48:53 GMT
- request:
    method: post
    uri: http://127.0.0.1:3000/api/v1/trips/106/accommodations
    body:
      encoding: UTF-8
      string: accommodation%5Baddress%5D=Ginza%2C+Tokyo&accommodation%5Bcheck_in_date%5D=2024-04-20&accommodation%5Bcheck_out_date%5D=2024-04-30&accommodation%5Bname%5D=Conrad+Tokyo&user_id=1
    headers:
      User-Agent:
      - Faraday v2.9.0
      Content-Type:
      - application/x-www-form-urlencoded
      Accept-Encoding:
      - gzip;q=1.0,deflate;q=0.6,identity;q=0.3
      Accept:
      - "*/*"
  response:
    status:
      code: 400
      message: Bad Request
    headers:
      X-Frame-Options:
      - SAMEORIGIN
      X-Xss-Protection:
      - '0'
      X-Content-Type-Options:
      - nosniff
      X-Permitted-Cross-Domain-Policies:
      - none
      Referrer-Policy:
      - strict-origin-when-cross-origin
      Content-Type:
      - application/json; charset=utf-8
      Vary:
      - Accept
      Cache-Control:
      - no-cache
      X-Request-Id:
      - 1afdf6ee-5ccb-49a0-a336-778eb474262e
      X-Runtime:
      - '0.141305'
      Content-Length:
      - '86'
    body:
      encoding: UTF-8
      string: '{"errors":[{"detail":"Validation failed: Trip must exist, Check out
        can''t be blank"}]}'
  recorded_at: Sun, 14 Apr 2024 04:01:02 GMT
- request:
    method: post
    uri: http://127.0.0.1:3000/api/v1/trips/120/accommodations
    body:
      encoding: UTF-8
      string: accommodation%5Baddress%5D=Ginza%2C+Tokyo&accommodation%5Bcheck_in_date%5D=2024-04-20&accommodation%5Bcheck_out_date%5D=2024-04-30&accommodation%5Bname%5D=Conrad+Tokyo&user_id=1
    headers:
      User-Agent:
      - Faraday v2.9.0
      Content-Type:
      - application/x-www-form-urlencoded
      Accept-Encoding:
      - gzip;q=1.0,deflate;q=0.6,identity;q=0.3
      Accept:
      - "*/*"
  response:
    status:
      code: 400
      message: Bad Request
    headers:
      X-Frame-Options:
      - SAMEORIGIN
      X-Xss-Protection:
      - '0'
      X-Content-Type-Options:
      - nosniff
      X-Permitted-Cross-Domain-Policies:
      - none
      Referrer-Policy:
      - strict-origin-when-cross-origin
      Content-Type:
      - application/json; charset=utf-8
      Vary:
      - Accept
      Cache-Control:
      - no-cache
      X-Request-Id:
      - 71edbe26-fdcd-4c7f-af86-68dd12f41153
      X-Runtime:
      - '0.146690'
      Content-Length:
      - '86'
    body:
      encoding: UTF-8
      string: '{"errors":[{"detail":"Validation failed: Trip must exist, Check out
        can''t be blank"}]}'
  recorded_at: Sun, 14 Apr 2024 04:01:55 GMT
- request:
    method: post
    uri: http://127.0.0.1:3000/api/v1/trips/134/accommodations
    body:
      encoding: UTF-8
      string: accommodation%5Baddress%5D=Ginza%2C+Tokyo&accommodation%5Bcheck_in_date%5D=2024-04-20&accommodation%5Bcheck_out_date%5D=2024-04-30&accommodation%5Bname%5D=Conrad+Tokyo&user_id=1
    headers:
      User-Agent:
      - Faraday v2.9.0
      Content-Type:
      - application/x-www-form-urlencoded
      Accept-Encoding:
      - gzip;q=1.0,deflate;q=0.6,identity;q=0.3
      Accept:
      - "*/*"
  response:
    status:
      code: 400
      message: Bad Request
    headers:
      X-Frame-Options:
      - SAMEORIGIN
      X-Xss-Protection:
      - '0'
      X-Content-Type-Options:
      - nosniff
      X-Permitted-Cross-Domain-Policies:
      - none
      Referrer-Policy:
      - strict-origin-when-cross-origin
      Content-Type:
      - application/json; charset=utf-8
      Vary:
      - Accept
      Cache-Control:
      - no-cache
      X-Request-Id:
      - 1dc9ead0-0bc9-413a-a1db-b51cd6a3e567
      X-Runtime:
      - '0.002463'
      Content-Length:
      - '86'
    body:
      encoding: UTF-8
      string: '{"errors":[{"detail":"Validation failed: Trip must exist, Check out
        can''t be blank"}]}'
  recorded_at: Sun, 14 Apr 2024 04:02:21 GMT
- request:
    method: post
    uri: http://127.0.0.1:3000/api/v1/trips/152/accommodations
    body:
      encoding: UTF-8
      string: accommodation%5Baddress%5D=Ginza%2C+Tokyo&accommodation%5Bcheck_in%5D=2024-04-20&accommodation%5Bcheck_out%5D=2024-04-30&accommodation%5Bname%5D=Conrad+Tokyo&user_id=1
    headers:
      User-Agent:
      - Faraday v2.9.0
      Content-Type:
      - application/x-www-form-urlencoded
      Accept-Encoding:
      - gzip;q=1.0,deflate;q=0.6,identity;q=0.3
      Accept:
      - "*/*"
  response:
    status:
      code: 201
      message: Created
    headers:
      X-Frame-Options:
      - SAMEORIGIN
      X-Xss-Protection:
      - '0'
      X-Content-Type-Options:
      - nosniff
      X-Permitted-Cross-Domain-Policies:
      - none
      Referrer-Policy:
      - strict-origin-when-cross-origin
      Content-Type:
      - application/json; charset=utf-8
      Vary:
      - Accept
      Etag:
      - W/"87de37c70fb701d9c630f1f2597339bb"
      Cache-Control:
      - max-age=0, private, must-revalidate
      X-Request-Id:
      - 2b060ec8-a700-4766-8c1f-26e923a622c1
      X-Runtime:
      - '0.002722'
      Content-Length:
      - '262'
    body:
      encoding: UTF-8
      string: '{"data":{"id":"2","type":"accommodation","attributes":{"trip_id":152,"name":"Conrad
        Tokyo","check_in":"2024-04-20T00:00:00.000Z","check_out":"2024-04-30T00:00:00.000Z","expenses":null,"address":"Ginza,
        Tokyo","lat":null,"lon":null,"type_of_accommodation":null}}}'
  recorded_at: Sun, 14 Apr 2024 04:10:42 GMT
- request:
    method: get
    uri: http://127.0.0.1:3000/api/v1/trips/152/accommodations/2?user_id=1
    body:
      encoding: US-ASCII
      string: ''
    headers:
      User-Agent:
      - Faraday v2.9.0
      Accept-Encoding:
      - gzip;q=1.0,deflate;q=0.6,identity;q=0.3
      Accept:
      - "*/*"
  response:
    status:
      code: 200
      message: OK
    headers:
      X-Frame-Options:
      - SAMEORIGIN
      X-Xss-Protection:
      - '0'
      X-Content-Type-Options:
      - nosniff
      X-Permitted-Cross-Domain-Policies:
      - none
      Referrer-Policy:
      - strict-origin-when-cross-origin
      Content-Type:
      - application/json; charset=utf-8
      Vary:
      - Accept
      Etag:
      - W/"87de37c70fb701d9c630f1f2597339bb"
      Cache-Control:
      - max-age=0, private, must-revalidate
      X-Request-Id:
      - 9d87cbb8-589d-47a9-8264-16fefb618596
      X-Runtime:
      - '0.001796'
      Content-Length:
      - '262'
    body:
      encoding: UTF-8
      string: '{"data":{"id":"2","type":"accommodation","attributes":{"trip_id":152,"name":"Conrad
        Tokyo","check_in":"2024-04-20T00:00:00.000Z","check_out":"2024-04-30T00:00:00.000Z","expenses":null,"address":"Ginza,
        Tokyo","lat":null,"lon":null,"type_of_accommodation":null}}}'
  recorded_at: Sun, 14 Apr 2024 04:10:42 GMT
- request:
    method: post
    uri: http://127.0.0.1:3000/api/v1/trips/157/accommodations
    body:
      encoding: UTF-8
      string: accommodation%5Baddress%5D=Ginza%2C+Tokyo&accommodation%5Bcheck_in%5D=2024-04-20&accommodation%5Bcheck_out%5D=2024-04-30&accommodation%5Bname%5D=Conrad+Tokyo&user_id=1
    headers:
      User-Agent:
      - Faraday v2.9.0
      Content-Type:
      - application/x-www-form-urlencoded
      Accept-Encoding:
      - gzip;q=1.0,deflate;q=0.6,identity;q=0.3
      Accept:
      - "*/*"
  response:
    status:
      code: 201
      message: Created
    headers:
      X-Frame-Options:
      - SAMEORIGIN
      X-Xss-Protection:
      - '0'
      X-Content-Type-Options:
      - nosniff
      X-Permitted-Cross-Domain-Policies:
      - none
      Referrer-Policy:
      - strict-origin-when-cross-origin
      Content-Type:
      - application/json; charset=utf-8
      Vary:
      - Accept
      Etag:
      - W/"5026150f9b657eaa4cf68fee29bcabac"
      Cache-Control:
      - max-age=0, private, must-revalidate
      X-Request-Id:
      - 408cd853-7a50-4b5f-ba28-6c94be112dff
      X-Runtime:
      - '0.002317'
      Content-Length:
      - '263'
    body:
      encoding: UTF-8
      string: '{"data":{"id":"11","type":"accommodation","attributes":{"trip_id":157,"name":"Conrad
        Tokyo","check_in":"2024-04-20T00:00:00.000Z","check_out":"2024-04-30T00:00:00.000Z","expenses":null,"address":"Ginza,
        Tokyo","lat":null,"lon":null,"type_of_accommodation":null}}}'
  recorded_at: Sun, 14 Apr 2024 04:13:55 GMT
- request:
    method: get
    uri: http://127.0.0.1:3000/api/v1/trips/157/accommodations/11?user_id=1
    body:
      encoding: US-ASCII
      string: ''
    headers:
      User-Agent:
      - Faraday v2.9.0
      Accept-Encoding:
      - gzip;q=1.0,deflate;q=0.6,identity;q=0.3
      Accept:
      - "*/*"
  response:
    status:
      code: 200
      message: OK
    headers:
      X-Frame-Options:
      - SAMEORIGIN
      X-Xss-Protection:
      - '0'
      X-Content-Type-Options:
      - nosniff
      X-Permitted-Cross-Domain-Policies:
      - none
      Referrer-Policy:
      - strict-origin-when-cross-origin
      Content-Type:
      - application/json; charset=utf-8
      Vary:
      - Accept
      Etag:
      - W/"5026150f9b657eaa4cf68fee29bcabac"
      Cache-Control:
      - max-age=0, private, must-revalidate
      X-Request-Id:
      - 7d3af16e-0c39-4272-b0f7-b86421c2759e
      X-Runtime:
      - '0.001647'
      Content-Length:
      - '263'
    body:
      encoding: UTF-8
      string: '{"data":{"id":"11","type":"accommodation","attributes":{"trip_id":157,"name":"Conrad
        Tokyo","check_in":"2024-04-20T00:00:00.000Z","check_out":"2024-04-30T00:00:00.000Z","expenses":null,"address":"Ginza,
        Tokyo","lat":null,"lon":null,"type_of_accommodation":null}}}'
  recorded_at: Sun, 14 Apr 2024 04:13:55 GMT
- request:
    method: post
    uri: http://127.0.0.1:3000/api/v1/trips/162/accommodations
    body:
      encoding: UTF-8
      string: accommodation%5Baddress%5D=Ginza%2C+Tokyo&accommodation%5Bcheck_in%5D=2024-04-20&accommodation%5Bcheck_out%5D=2024-04-30&accommodation%5Bname%5D=Conrad+Tokyo&user_id=1
    headers:
      User-Agent:
      - Faraday v2.9.0
      Content-Type:
      - application/x-www-form-urlencoded
      Accept-Encoding:
      - gzip;q=1.0,deflate;q=0.6,identity;q=0.3
      Accept:
      - "*/*"
  response:
    status:
      code: 201
      message: Created
    headers:
      X-Frame-Options:
      - SAMEORIGIN
      X-Xss-Protection:
      - '0'
      X-Content-Type-Options:
      - nosniff
      X-Permitted-Cross-Domain-Policies:
      - none
      Referrer-Policy:
      - strict-origin-when-cross-origin
      Content-Type:
      - application/json; charset=utf-8
      Vary:
      - Accept
      Etag:
      - W/"8ba4be363ff3f93f78603339e11cfb19"
      Cache-Control:
      - max-age=0, private, must-revalidate
      X-Request-Id:
      - d783ed0a-61c9-4385-b496-57642fe03690
      X-Runtime:
      - '0.002198'
      Content-Length:
      - '263'
    body:
      encoding: UTF-8
      string: '{"data":{"id":"20","type":"accommodation","attributes":{"trip_id":162,"name":"Conrad
        Tokyo","check_in":"2024-04-20T00:00:00.000Z","check_out":"2024-04-30T00:00:00.000Z","expenses":null,"address":"Ginza,
        Tokyo","lat":null,"lon":null,"type_of_accommodation":null}}}'
  recorded_at: Sun, 14 Apr 2024 04:15:04 GMT
- request:
    method: get
    uri: http://127.0.0.1:3000/api/v1/trips/162/accommodations/20?user_id=1
    body:
      encoding: US-ASCII
      string: ''
    headers:
      User-Agent:
      - Faraday v2.9.0
      Accept-Encoding:
      - gzip;q=1.0,deflate;q=0.6,identity;q=0.3
      Accept:
      - "*/*"
  response:
    status:
      code: 200
      message: OK
    headers:
      X-Frame-Options:
      - SAMEORIGIN
      X-Xss-Protection:
      - '0'
      X-Content-Type-Options:
      - nosniff
      X-Permitted-Cross-Domain-Policies:
      - none
      Referrer-Policy:
      - strict-origin-when-cross-origin
      Content-Type:
      - application/json; charset=utf-8
      Vary:
      - Accept
      Etag:
      - W/"8ba4be363ff3f93f78603339e11cfb19"
      Cache-Control:
      - max-age=0, private, must-revalidate
      X-Request-Id:
      - af3103d8-c758-4022-a767-96cd18f50dca
      X-Runtime:
      - '0.001395'
      Content-Length:
      - '263'
    body:
      encoding: UTF-8
      string: '{"data":{"id":"20","type":"accommodation","attributes":{"trip_id":162,"name":"Conrad
        Tokyo","check_in":"2024-04-20T00:00:00.000Z","check_out":"2024-04-30T00:00:00.000Z","expenses":null,"address":"Ginza,
        Tokyo","lat":null,"lon":null,"type_of_accommodation":null}}}'
  recorded_at: Sun, 14 Apr 2024 04:15:04 GMT
- request:
    method: post
    uri: http://127.0.0.1:3000/api/v1/trips/62/accommodations
    body:
      encoding: UTF-8
      string: accommodation%5Baddress%5D=Ginza%2C+Tokyo&accommodation%5Bcheck_in%5D=2024-04-20&accommodation%5Bcheck_out%5D=2024-04-30&accommodation%5Bname%5D=Conrad+Tokyo&user_id=1
    headers:
      User-Agent:
      - Faraday v2.9.0
      Content-Type:
      - application/x-www-form-urlencoded
      Accept-Encoding:
      - gzip;q=1.0,deflate;q=0.6,identity;q=0.3
      Accept:
      - "*/*"
  response:
    status:
      code: 400
      message: Bad Request
    headers:
      X-Frame-Options:
      - SAMEORIGIN
      X-Xss-Protection:
      - '0'
      X-Content-Type-Options:
      - nosniff
      X-Permitted-Cross-Domain-Policies:
      - none
      Referrer-Policy:
      - strict-origin-when-cross-origin
      Content-Type:
      - application/json; charset=utf-8
      Vary:
      - Accept
      Cache-Control:
      - no-cache
      X-Request-Id:
      - '09e208a7-3ec6-4868-bd36-abb3db0ce5c0'
      X-Runtime:
      - '0.004409'
      Server-Timing:
      - start_processing.action_controller;dur=0.00, sql.active_record;dur=0.18, instantiation.active_record;dur=0.03,
        process_action.action_controller;dur=1.26
      Content-Length:
      - '60'
    body:
      encoding: UTF-8
      string: '{"errors":[{"detail":"Validation failed: Trip must exist"}]}'
  recorded_at: Mon, 15 Apr 2024 17:49:04 GMT
- request:
    method: post
    uri: http://127.0.0.1:3000/api/v1/trips/76/accommodations
    body:
      encoding: UTF-8
      string: accommodation%5Baddress%5D=Ginza%2C+Tokyo&accommodation%5Bcheck_in%5D=2024-04-20&accommodation%5Bcheck_out%5D=2024-04-30&accommodation%5Bname%5D=Conrad+Tokyo&user_id=1
    headers:
      User-Agent:
      - Faraday v2.9.0
      Content-Type:
      - application/x-www-form-urlencoded
      Accept-Encoding:
      - gzip;q=1.0,deflate;q=0.6,identity;q=0.3
      Accept:
      - "*/*"
  response:
    status:
      code: 400
      message: Bad Request
    headers:
      X-Frame-Options:
      - SAMEORIGIN
      X-Xss-Protection:
      - '0'
      X-Content-Type-Options:
      - nosniff
      X-Permitted-Cross-Domain-Policies:
      - none
      Referrer-Policy:
      - strict-origin-when-cross-origin
      Content-Type:
      - application/json; charset=utf-8
      Vary:
      - Accept
      Cache-Control:
      - no-cache
      X-Request-Id:
      - ff073a2f-78a8-4b2a-ad4b-b891c8a4a6de
      X-Runtime:
      - '0.015163'
      Server-Timing:
      - start_processing.action_controller;dur=0.00, sql.active_record;dur=0.13, instantiation.active_record;dur=0.03,
        process_action.action_controller;dur=1.11
      Content-Length:
      - '60'
    body:
      encoding: UTF-8
      string: '{"errors":[{"detail":"Validation failed: Trip must exist"}]}'
  recorded_at: Mon, 15 Apr 2024 17:50:27 GMT
- request:
    method: post
    uri: http://127.0.0.1:3000/api/v1/trips/90/accommodations
    body:
      encoding: UTF-8
      string: accommodation%5Baddress%5D=Ginza%2C+Tokyo&accommodation%5Bcheck_in%5D=2024-04-20&accommodation%5Bcheck_out%5D=2024-04-30&accommodation%5Bname%5D=Conrad+Tokyo&user_id=1
    headers:
      User-Agent:
      - Faraday v2.9.0
      Content-Type:
      - application/x-www-form-urlencoded
      Accept-Encoding:
      - gzip;q=1.0,deflate;q=0.6,identity;q=0.3
      Accept:
      - "*/*"
  response:
    status:
      code: 400
      message: Bad Request
    headers:
      X-Frame-Options:
      - SAMEORIGIN
      X-Xss-Protection:
      - '0'
      X-Content-Type-Options:
      - nosniff
      X-Permitted-Cross-Domain-Policies:
      - none
      Referrer-Policy:
      - strict-origin-when-cross-origin
      Content-Type:
      - application/json; charset=utf-8
      Vary:
      - Accept
      Cache-Control:
      - no-cache
      X-Request-Id:
      - 6079f84e-8e10-4e61-bbd3-bbe0443398a1
      X-Runtime:
      - '0.005528'
      Server-Timing:
      - start_processing.action_controller;dur=0.00, sql.active_record;dur=1.23, instantiation.active_record;dur=0.03,
        process_action.action_controller;dur=2.24
      Content-Length:
      - '60'
    body:
      encoding: UTF-8
      string: '{"errors":[{"detail":"Validation failed: Trip must exist"}]}'
  recorded_at: Mon, 15 Apr 2024 17:51:30 GMT
- request:
    method: post
    uri: http://127.0.0.1:3000/api/v1/trips/104/accommodations
    body:
      encoding: UTF-8
      string: accommodation%5Baddress%5D=Ginza%2C+Tokyo&accommodation%5Bcheck_in%5D=2024-04-20&accommodation%5Bcheck_out%5D=2024-04-30&accommodation%5Bname%5D=Conrad+Tokyo&user_id=1
    headers:
      User-Agent:
      - Faraday v2.9.0
      Content-Type:
      - application/x-www-form-urlencoded
      Accept-Encoding:
      - gzip;q=1.0,deflate;q=0.6,identity;q=0.3
      Accept:
      - "*/*"
  response:
    status:
      code: 400
      message: Bad Request
    headers:
      X-Frame-Options:
      - SAMEORIGIN
      X-Xss-Protection:
      - '0'
      X-Content-Type-Options:
      - nosniff
      X-Permitted-Cross-Domain-Policies:
      - none
      Referrer-Policy:
      - strict-origin-when-cross-origin
      Content-Type:
      - application/json; charset=utf-8
      Vary:
      - Accept
      Cache-Control:
      - no-cache
      X-Request-Id:
      - 2d77807a-6aef-4b67-a054-8d65840fc3e6
      X-Runtime:
      - '0.005276'
      Server-Timing:
      - start_processing.action_controller;dur=0.00, sql.active_record;dur=0.23, instantiation.active_record;dur=0.05,
        process_action.action_controller;dur=1.57
      Content-Length:
      - '60'
    body:
      encoding: UTF-8
      string: '{"errors":[{"detail":"Validation failed: Trip must exist"}]}'
  recorded_at: Mon, 15 Apr 2024 17:52:04 GMT
- request:
    method: post
    uri: http://127.0.0.1:3000/api/v1/trips/118/accommodations
    body:
      encoding: UTF-8
      string: accommodation%5Baddress%5D=Ginza%2C+Tokyo&accommodation%5Bcheck_in%5D=2024-04-20&accommodation%5Bcheck_out%5D=2024-04-30&accommodation%5Bname%5D=Conrad+Tokyo&user_id=1
    headers:
      User-Agent:
      - Faraday v2.9.0
      Content-Type:
      - application/x-www-form-urlencoded
      Accept-Encoding:
      - gzip;q=1.0,deflate;q=0.6,identity;q=0.3
      Accept:
      - "*/*"
  response:
    status:
      code: 400
      message: Bad Request
    headers:
      X-Frame-Options:
      - SAMEORIGIN
      X-Xss-Protection:
      - '0'
      X-Content-Type-Options:
      - nosniff
      X-Permitted-Cross-Domain-Policies:
      - none
      Referrer-Policy:
      - strict-origin-when-cross-origin
      Content-Type:
      - application/json; charset=utf-8
      Vary:
      - Accept
      Cache-Control:
      - no-cache
      X-Request-Id:
      - a8c475b4-f059-412a-8015-6feaaf1c4582
      X-Runtime:
      - '0.005214'
      Server-Timing:
      - start_processing.action_controller;dur=0.00, sql.active_record;dur=0.20, instantiation.active_record;dur=0.03,
        process_action.action_controller;dur=1.34
      Content-Length:
      - '60'
    body:
      encoding: UTF-8
      string: '{"errors":[{"detail":"Validation failed: Trip must exist"}]}'
  recorded_at: Mon, 15 Apr 2024 17:52:53 GMT
- request:
    method: post
    uri: http://127.0.0.1:3000/api/v1/trips/132/accommodations
    body:
      encoding: UTF-8
      string: accommodation%5Baddress%5D=Ginza%2C+Tokyo&accommodation%5Bcheck_in%5D=2024-04-20&accommodation%5Bcheck_out%5D=2024-04-30&accommodation%5Bname%5D=Conrad+Tokyo&user_id=1
    headers:
      User-Agent:
      - Faraday v2.9.0
      Content-Type:
      - application/x-www-form-urlencoded
      Accept-Encoding:
      - gzip;q=1.0,deflate;q=0.6,identity;q=0.3
      Accept:
      - "*/*"
  response:
    status:
      code: 400
      message: Bad Request
    headers:
      X-Frame-Options:
      - SAMEORIGIN
      X-Xss-Protection:
      - '0'
      X-Content-Type-Options:
      - nosniff
      X-Permitted-Cross-Domain-Policies:
      - none
      Referrer-Policy:
      - strict-origin-when-cross-origin
      Content-Type:
      - application/json; charset=utf-8
      Vary:
      - Accept
      Cache-Control:
      - no-cache
      X-Request-Id:
      - 24b56b58-ba78-4fea-a1a0-c9ff668f16d8
      X-Runtime:
      - '0.005076'
      Server-Timing:
      - start_processing.action_controller;dur=0.00, sql.active_record;dur=0.18, instantiation.active_record;dur=0.03,
        process_action.action_controller;dur=1.63
      Content-Length:
      - '60'
    body:
      encoding: UTF-8
      string: '{"errors":[{"detail":"Validation failed: Trip must exist"}]}'
  recorded_at: Mon, 15 Apr 2024 17:53:18 GMT
- request:
    method: post
    uri: http://127.0.0.1:3000/api/v1/trips/146/accommodations
    body:
      encoding: UTF-8
      string: accommodation%5Baddress%5D=Ginza%2C+Tokyo&accommodation%5Bcheck_in%5D=2024-04-20&accommodation%5Bcheck_out%5D=2024-04-30&accommodation%5Bname%5D=Conrad+Tokyo&user_id=1
    headers:
      User-Agent:
      - Faraday v2.9.0
      Content-Type:
      - application/x-www-form-urlencoded
      Accept-Encoding:
      - gzip;q=1.0,deflate;q=0.6,identity;q=0.3
      Accept:
      - "*/*"
  response:
    status:
      code: 400
      message: Bad Request
    headers:
      X-Frame-Options:
      - SAMEORIGIN
      X-Xss-Protection:
      - '0'
      X-Content-Type-Options:
      - nosniff
      X-Permitted-Cross-Domain-Policies:
      - none
      Referrer-Policy:
      - strict-origin-when-cross-origin
      Content-Type:
      - application/json; charset=utf-8
      Vary:
      - Accept
      Cache-Control:
      - no-cache
      X-Request-Id:
      - b85ad6c0-7d70-47db-bf2f-597956c6a9e2
      X-Runtime:
      - '0.005004'
      Server-Timing:
      - start_processing.action_controller;dur=0.00, sql.active_record;dur=0.15, instantiation.active_record;dur=0.03,
        process_action.action_controller;dur=1.62
      Content-Length:
      - '60'
    body:
      encoding: UTF-8
      string: '{"errors":[{"detail":"Validation failed: Trip must exist"}]}'
  recorded_at: Mon, 15 Apr 2024 17:53:39 GMT
- request:
    method: post
    uri: http://127.0.0.1:3000/api/v1/trips/160/accommodations
    body:
      encoding: UTF-8
      string: accommodation%5Baddress%5D=Ginza%2C+Tokyo&accommodation%5Bcheck_in%5D=2024-04-20&accommodation%5Bcheck_out%5D=2024-04-30&accommodation%5Bname%5D=Conrad+Tokyo&user_id=1
    headers:
      User-Agent:
      - Faraday v2.9.0
      Content-Type:
      - application/x-www-form-urlencoded
      Accept-Encoding:
      - gzip;q=1.0,deflate;q=0.6,identity;q=0.3
      Accept:
      - "*/*"
  response:
    status:
      code: 400
      message: Bad Request
    headers:
      X-Frame-Options:
      - SAMEORIGIN
      X-Xss-Protection:
      - '0'
      X-Content-Type-Options:
      - nosniff
      X-Permitted-Cross-Domain-Policies:
      - none
      Referrer-Policy:
      - strict-origin-when-cross-origin
      Content-Type:
      - application/json; charset=utf-8
      Vary:
      - Accept
      Cache-Control:
      - no-cache
      X-Request-Id:
      - 9323b188-840d-4476-8d03-37f47f527446
      X-Runtime:
      - '0.004774'
      Server-Timing:
      - start_processing.action_controller;dur=0.00, sql.active_record;dur=0.11, instantiation.active_record;dur=0.03,
        process_action.action_controller;dur=1.09
      Content-Length:
      - '60'
    body:
      encoding: UTF-8
      string: '{"errors":[{"detail":"Validation failed: Trip must exist"}]}'
  recorded_at: Mon, 15 Apr 2024 17:57:03 GMT
- request:
    method: post
    uri: http://127.0.0.1:3000/api/v1/trips/174/accommodations
    body:
      encoding: UTF-8
      string: accommodation%5Baddress%5D=Ginza%2C+Tokyo&accommodation%5Bcheck_in%5D=2024-04-20&accommodation%5Bcheck_out%5D=2024-04-30&accommodation%5Bname%5D=Conrad+Tokyo&user_id=1
    headers:
      User-Agent:
      - Faraday v2.9.0
      Content-Type:
      - application/x-www-form-urlencoded
      Accept-Encoding:
      - gzip;q=1.0,deflate;q=0.6,identity;q=0.3
      Accept:
      - "*/*"
  response:
    status:
      code: 400
      message: Bad Request
    headers:
      X-Frame-Options:
      - SAMEORIGIN
      X-Xss-Protection:
      - '0'
      X-Content-Type-Options:
      - nosniff
      X-Permitted-Cross-Domain-Policies:
      - none
      Referrer-Policy:
      - strict-origin-when-cross-origin
      Content-Type:
      - application/json; charset=utf-8
      Vary:
      - Accept
      Cache-Control:
      - no-cache
      X-Request-Id:
      - 435d1f28-09dd-46e9-b16a-78bb93567b35
      X-Runtime:
      - '0.004672'
      Server-Timing:
      - start_processing.action_controller;dur=0.00, sql.active_record;dur=0.28, instantiation.active_record;dur=0.03,
        process_action.action_controller;dur=1.26
      Content-Length:
      - '60'
    body:
      encoding: UTF-8
      string: '{"errors":[{"detail":"Validation failed: Trip must exist"}]}'
  recorded_at: Mon, 15 Apr 2024 17:57:42 GMT
- request:
    method: post
    uri: http://127.0.0.1:3000/api/v1/trips/188/accommodations
    body:
      encoding: UTF-8
      string: accommodation%5Baddress%5D=Ginza%2C+Tokyo&accommodation%5Bcheck_in%5D=2024-04-20&accommodation%5Bcheck_out%5D=2024-04-30&accommodation%5Bname%5D=Conrad+Tokyo&user_id=1
    headers:
      User-Agent:
      - Faraday v2.9.0
      Content-Type:
      - application/x-www-form-urlencoded
      Accept-Encoding:
      - gzip;q=1.0,deflate;q=0.6,identity;q=0.3
      Accept:
      - "*/*"
  response:
    status:
      code: 201
      message: Created
    headers:
      X-Frame-Options:
      - SAMEORIGIN
      X-Xss-Protection:
      - '0'
      X-Content-Type-Options:
      - nosniff
      X-Permitted-Cross-Domain-Policies:
      - none
      Referrer-Policy:
      - strict-origin-when-cross-origin
      Content-Type:
      - application/json; charset=utf-8
      Vary:
      - Accept
      Etag:
      - W/"4460bd871e013396435ee605b83b7c02"
      Cache-Control:
      - max-age=0, private, must-revalidate
      X-Request-Id:
      - 4ef5f5f2-f390-4134-8b4e-fdbc0ae02cb4
      X-Runtime:
      - '0.006734'
      Server-Timing:
      - start_processing.action_controller;dur=0.01, sql.active_record;dur=1.48, instantiation.active_record;dur=0.03,
        transaction.active_record;dur=1.43, process_action.action_controller;dur=3.10
      Content-Length:
      - '263'
    body:
      encoding: UTF-8
      string: '{"data":{"id":"96","type":"accommodation","attributes":{"trip_id":188,"name":"Conrad
        Tokyo","check_in":"2024-04-20T00:00:00.000Z","check_out":"2024-04-30T00:00:00.000Z","expenses":null,"address":"Ginza,
        Tokyo","lat":null,"lon":null,"type_of_accommodation":null}}}'
  recorded_at: Mon, 15 Apr 2024 18:00:01 GMT
- request:
    method: get
    uri: http://127.0.0.1:3000/api/v1/trips/188/accommodations/96?user_id=1
    body:
      encoding: US-ASCII
      string: ''
    headers:
      User-Agent:
      - Faraday v2.9.0
      Accept-Encoding:
      - gzip;q=1.0,deflate;q=0.6,identity;q=0.3
      Accept:
      - "*/*"
  response:
    status:
      code: 200
      message: OK
    headers:
      X-Frame-Options:
      - SAMEORIGIN
      X-Xss-Protection:
      - '0'
      X-Content-Type-Options:
      - nosniff
      X-Permitted-Cross-Domain-Policies:
      - none
      Referrer-Policy:
      - strict-origin-when-cross-origin
      Content-Type:
      - application/json; charset=utf-8
      Vary:
      - Accept
      Etag:
      - W/"4460bd871e013396435ee605b83b7c02"
      Cache-Control:
      - max-age=0, private, must-revalidate
      X-Request-Id:
      - 6a9ada1b-051f-4862-9b22-be913118882b
      X-Runtime:
      - '0.004771'
      Server-Timing:
      - start_processing.action_controller;dur=0.00, sql.active_record;dur=0.33, instantiation.active_record;dur=0.06,
        process_action.action_controller;dur=1.61
      Content-Length:
      - '263'
    body:
      encoding: UTF-8
      string: '{"data":{"id":"96","type":"accommodation","attributes":{"trip_id":188,"name":"Conrad
        Tokyo","check_in":"2024-04-20T00:00:00.000Z","check_out":"2024-04-30T00:00:00.000Z","expenses":null,"address":"Ginza,
        Tokyo","lat":null,"lon":null,"type_of_accommodation":null}}}'
  recorded_at: Mon, 15 Apr 2024 18:00:01 GMT
- request:
    method: post
    uri: http://127.0.0.1:3000/api/v1/trips
    body:
      encoding: UTF-8
      string: trip%5Bend_date%5D=2024-04-30&trip%5Blocation%5D=Japan&trip%5Bname%5D=Trip+To+Japan&trip%5Bstart_date%5D=2024-04-20&trip%5Bstatus%5D=in_progress&trip%5Btotal_budget%5D=1000&trip%5Buser_id%5D=1
    headers:
      User-Agent:
      - Faraday v2.9.0
      Content-Type:
      - application/x-www-form-urlencoded
      Accept-Encoding:
      - gzip;q=1.0,deflate;q=0.6,identity;q=0.3
      Accept:
      - "*/*"
  response:
    status:
      code: 201
      message: Created
    headers:
      X-Frame-Options:
      - SAMEORIGIN
      X-Xss-Protection:
      - '0'
      X-Content-Type-Options:
      - nosniff
      X-Permitted-Cross-Domain-Policies:
      - none
      Referrer-Policy:
      - strict-origin-when-cross-origin
      Content-Type:
      - application/json; charset=utf-8
      Vary:
      - Accept
      Etag:
      - W/"712102b7627aaef03893d905a7596d79"
      Cache-Control:
      - max-age=0, private, must-revalidate
      X-Request-Id:
      - 3394951a-400f-48ee-9416-a1afbdd2e5b1
      X-Runtime:
      - '0.027011'
      Server-Timing:
      - start_processing.action_controller;dur=0.00, sql.active_record;dur=10.69,
        transaction.active_record;dur=9.99, instantiation.active_record;dur=0.10,
        process_action.action_controller;dur=23.66
      Content-Length:
      - '1669'
    body:
      encoding: UTF-8
      string: '{"data":{"id":"202","type":"trip","attributes":{"name":"Trip To Japan","location":"Japan","start_date":"2024-04-20T00:00:00.000Z","end_date":"2024-04-30T00:00:00.000Z","status":"in_progress","total_budget":1000,"total_expenses":0},"relationships":{"daily_itineraries":{"data":[{"id":"727","type":"daily_itinerary"},{"id":"728","type":"daily_itinerary"},{"id":"729","type":"daily_itinerary"},{"id":"730","type":"daily_itinerary"},{"id":"731","type":"daily_itinerary"},{"id":"732","type":"daily_itinerary"},{"id":"733","type":"daily_itinerary"},{"id":"734","type":"daily_itinerary"},{"id":"735","type":"daily_itinerary"},{"id":"736","type":"daily_itinerary"},{"id":"737","type":"daily_itinerary"}]}}},"included":[{"id":"727","type":"daily_itinerary","attributes":{"trip_id":202,"date":"2024-04-20"}},{"id":"728","type":"daily_itinerary","attributes":{"trip_id":202,"date":"2024-04-21"}},{"id":"729","type":"daily_itinerary","attributes":{"trip_id":202,"date":"2024-04-22"}},{"id":"730","type":"daily_itinerary","attributes":{"trip_id":202,"date":"2024-04-23"}},{"id":"731","type":"daily_itinerary","attributes":{"trip_id":202,"date":"2024-04-24"}},{"id":"732","type":"daily_itinerary","attributes":{"trip_id":202,"date":"2024-04-25"}},{"id":"733","type":"daily_itinerary","attributes":{"trip_id":202,"date":"2024-04-26"}},{"id":"734","type":"daily_itinerary","attributes":{"trip_id":202,"date":"2024-04-27"}},{"id":"735","type":"daily_itinerary","attributes":{"trip_id":202,"date":"2024-04-28"}},{"id":"736","type":"daily_itinerary","attributes":{"trip_id":202,"date":"2024-04-29"}},{"id":"737","type":"daily_itinerary","attributes":{"trip_id":202,"date":"2024-04-30"}}]}'
  recorded_at: Mon, 15 Apr 2024 18:01:34 GMT
- request:
    method: post
    uri: http://127.0.0.1:3000/api/v1/trips/202/accommodations
    body:
      encoding: UTF-8
      string: accommodation%5Baddress%5D=Ginza%2C+Tokyo&accommodation%5Bcheck_in%5D=2024-04-20&accommodation%5Bcheck_out%5D=2024-04-30&accommodation%5Bname%5D=Conrad+Tokyo&user_id=1
    headers:
      User-Agent:
      - Faraday v2.9.0
      Content-Type:
      - application/x-www-form-urlencoded
      Accept-Encoding:
      - gzip;q=1.0,deflate;q=0.6,identity;q=0.3
      Accept:
      - "*/*"
  response:
    status:
      code: 201
      message: Created
    headers:
      X-Frame-Options:
      - SAMEORIGIN
      X-Xss-Protection:
      - '0'
      X-Content-Type-Options:
      - nosniff
      X-Permitted-Cross-Domain-Policies:
      - none
      Referrer-Policy:
      - strict-origin-when-cross-origin
      Content-Type:
      - application/json; charset=utf-8
      Vary:
      - Accept
      Etag:
      - W/"8f8a02352ac3a3a8d9e4618b444c9bbf"
      Cache-Control:
      - max-age=0, private, must-revalidate
      X-Request-Id:
      - 36c4597d-2e9e-439e-95bd-43f97d770a14
      X-Runtime:
      - '0.007415'
      Server-Timing:
      - start_processing.action_controller;dur=0.00, sql.active_record;dur=1.34, instantiation.active_record;dur=0.03,
        transaction.active_record;dur=2.16, process_action.action_controller;dur=3.95
      Content-Length:
      - '264'
    body:
      encoding: UTF-8
      string: '{"data":{"id":"105","type":"accommodation","attributes":{"trip_id":202,"name":"Conrad
        Tokyo","check_in":"2024-04-20T00:00:00.000Z","check_out":"2024-04-30T00:00:00.000Z","expenses":null,"address":"Ginza,
        Tokyo","lat":null,"lon":null,"type_of_accommodation":null}}}'
  recorded_at: Mon, 15 Apr 2024 18:01:34 GMT
- request:
    method: get
    uri: http://127.0.0.1:3000/api/v1/trips/202/accommodations/105?user_id=1
    body:
      encoding: US-ASCII
      string: ''
    headers:
      User-Agent:
      - Faraday v2.9.0
      Accept-Encoding:
      - gzip;q=1.0,deflate;q=0.6,identity;q=0.3
      Accept:
      - "*/*"
  response:
    status:
      code: 200
      message: OK
    headers:
      X-Frame-Options:
      - SAMEORIGIN
      X-Xss-Protection:
      - '0'
      X-Content-Type-Options:
      - nosniff
      X-Permitted-Cross-Domain-Policies:
      - none
      Referrer-Policy:
      - strict-origin-when-cross-origin
      Content-Type:
      - application/json; charset=utf-8
      Vary:
      - Accept
      Etag:
      - W/"8f8a02352ac3a3a8d9e4618b444c9bbf"
      Cache-Control:
      - max-age=0, private, must-revalidate
      X-Request-Id:
      - 1bdc482b-1ade-40aa-9f39-5c834e2064bf
      X-Runtime:
      - '0.006058'
      Server-Timing:
      - start_processing.action_controller;dur=0.00, sql.active_record;dur=0.29, instantiation.active_record;dur=0.07,
        process_action.action_controller;dur=2.19
      Content-Length:
      - '264'
    body:
      encoding: UTF-8
      string: '{"data":{"id":"105","type":"accommodation","attributes":{"trip_id":202,"name":"Conrad
        Tokyo","check_in":"2024-04-20T00:00:00.000Z","check_out":"2024-04-30T00:00:00.000Z","expenses":null,"address":"Ginza,
        Tokyo","lat":null,"lon":null,"type_of_accommodation":null}}}'
  recorded_at: Mon, 15 Apr 2024 18:01:34 GMT
recorded_with: VCR 6.2.0
