---
http_interactions:
- request:
    method: put
    uri: http://127.0.0.1:3000/api/v1/trips/436
    body:
      encoding: UTF-8
      string: '{"user_id":1,"trip":{"name":"Japan Trip","user_id":1}}'
    headers:
      User-Agent:
      - Faraday v2.9.0
      Content-Type:
      - application/json
      Accept-Encoding:
      - gzip;q=1.0,deflate;q=0.6,identity;q=0.3
      Accept:
      - "*/*"
  response:
    status:
      code: 200
      message: OK
    headers:
      X-Frame-Options:
      - SAMEORIGIN
      X-Xss-Protection:
      - '0'
      X-Content-Type-Options:
      - nosniff
      X-Permitted-Cross-Domain-Policies:
      - none
      Referrer-Policy:
      - strict-origin-when-cross-origin
      Content-Type:
      - application/json; charset=utf-8
      Vary:
      - Accept
      Etag:
      - W/"5cd4020e3054b788f7297d578821dd17"
      Cache-Control:
      - max-age=0, private, must-revalidate
      X-Request-Id:
      - deeb20ea-a55b-4b6c-a00c-150428ef8673
      X-Runtime:
      - '0.008614'
      Server-Timing:
      - start_processing.action_controller;dur=0.00, sql.active_record;dur=1.51, instantiation.active_record;dur=0.11,
        transaction.active_record;dur=0.76, process_action.action_controller;dur=5.00
      Content-Length:
      - '1688'
    body:
      encoding: UTF-8
      string: '{"data":{"id":"436","type":"trip","attributes":{"name":"Japan Trip","location":"Japan","status":"in_progress","total_budget":1000,"start_date":"2024-04-20T00:00:00.000Z","end_date":"2024-04-30T00:00:00.000Z","total_expenses":0},"relationships":{"daily_itineraries":{"data":[{"id":"4786","type":"daily_itinerary"},{"id":"4787","type":"daily_itinerary"},{"id":"4788","type":"daily_itinerary"},{"id":"4789","type":"daily_itinerary"},{"id":"4790","type":"daily_itinerary"},{"id":"4791","type":"daily_itinerary"},{"id":"4792","type":"daily_itinerary"},{"id":"4793","type":"daily_itinerary"},{"id":"4794","type":"daily_itinerary"},{"id":"4795","type":"daily_itinerary"},{"id":"4796","type":"daily_itinerary"}]}}},"included":[{"id":"4786","type":"daily_itinerary","attributes":{"trip_id":436,"date":"2024-04-20"}},{"id":"4787","type":"daily_itinerary","attributes":{"trip_id":436,"date":"2024-04-21"}},{"id":"4788","type":"daily_itinerary","attributes":{"trip_id":436,"date":"2024-04-22"}},{"id":"4789","type":"daily_itinerary","attributes":{"trip_id":436,"date":"2024-04-23"}},{"id":"4790","type":"daily_itinerary","attributes":{"trip_id":436,"date":"2024-04-24"}},{"id":"4791","type":"daily_itinerary","attributes":{"trip_id":436,"date":"2024-04-25"}},{"id":"4792","type":"daily_itinerary","attributes":{"trip_id":436,"date":"2024-04-26"}},{"id":"4793","type":"daily_itinerary","attributes":{"trip_id":436,"date":"2024-04-27"}},{"id":"4794","type":"daily_itinerary","attributes":{"trip_id":436,"date":"2024-04-28"}},{"id":"4795","type":"daily_itinerary","attributes":{"trip_id":436,"date":"2024-04-29"}},{"id":"4796","type":"daily_itinerary","attributes":{"trip_id":436,"date":"2024-04-30"}}]}'
  recorded_at: Wed, 17 Apr 2024 19:54:38 GMT
- request:
    method: put
    uri: http://127.0.0.1:3000/api/v1/trips/454
    body:
      encoding: UTF-8
      string: '{"user_id":1,"trip":{"name":"Japan Trip","user_id":1}}'
    headers:
      User-Agent:
      - Faraday v2.9.0
      Content-Type:
      - application/json
      Accept-Encoding:
      - gzip;q=1.0,deflate;q=0.6,identity;q=0.3
      Accept:
      - "*/*"
  response:
    status:
      code: 200
      message: OK
    headers:
      X-Frame-Options:
      - SAMEORIGIN
      X-Xss-Protection:
      - '0'
      X-Content-Type-Options:
      - nosniff
      X-Permitted-Cross-Domain-Policies:
      - none
      Referrer-Policy:
      - strict-origin-when-cross-origin
      Content-Type:
      - application/json; charset=utf-8
      Vary:
      - Accept
      Etag:
      - W/"eceb66590358601e2d7471f93c580ace"
      Cache-Control:
      - max-age=0, private, must-revalidate
      X-Request-Id:
      - 99ad88b8-098d-4c41-9a2e-108dfa69c6d7
      X-Runtime:
      - '0.008958'
      Server-Timing:
      - start_processing.action_controller;dur=0.00, sql.active_record;dur=1.23, instantiation.active_record;dur=0.14,
        transaction.active_record;dur=0.72, process_action.action_controller;dur=4.91
      Content-Length:
      - '1688'
    body:
      encoding: UTF-8
      string: '{"data":{"id":"454","type":"trip","attributes":{"name":"Japan Trip","location":"Japan","status":"in_progress","total_budget":1000,"start_date":"2024-04-20T00:00:00.000Z","end_date":"2024-04-30T00:00:00.000Z","total_expenses":0},"relationships":{"daily_itineraries":{"data":[{"id":"4984","type":"daily_itinerary"},{"id":"4985","type":"daily_itinerary"},{"id":"4986","type":"daily_itinerary"},{"id":"4987","type":"daily_itinerary"},{"id":"4988","type":"daily_itinerary"},{"id":"4989","type":"daily_itinerary"},{"id":"4990","type":"daily_itinerary"},{"id":"4991","type":"daily_itinerary"},{"id":"4992","type":"daily_itinerary"},{"id":"4993","type":"daily_itinerary"},{"id":"4994","type":"daily_itinerary"}]}}},"included":[{"id":"4984","type":"daily_itinerary","attributes":{"trip_id":454,"date":"2024-04-20"}},{"id":"4985","type":"daily_itinerary","attributes":{"trip_id":454,"date":"2024-04-21"}},{"id":"4986","type":"daily_itinerary","attributes":{"trip_id":454,"date":"2024-04-22"}},{"id":"4987","type":"daily_itinerary","attributes":{"trip_id":454,"date":"2024-04-23"}},{"id":"4988","type":"daily_itinerary","attributes":{"trip_id":454,"date":"2024-04-24"}},{"id":"4989","type":"daily_itinerary","attributes":{"trip_id":454,"date":"2024-04-25"}},{"id":"4990","type":"daily_itinerary","attributes":{"trip_id":454,"date":"2024-04-26"}},{"id":"4991","type":"daily_itinerary","attributes":{"trip_id":454,"date":"2024-04-27"}},{"id":"4992","type":"daily_itinerary","attributes":{"trip_id":454,"date":"2024-04-28"}},{"id":"4993","type":"daily_itinerary","attributes":{"trip_id":454,"date":"2024-04-29"}},{"id":"4994","type":"daily_itinerary","attributes":{"trip_id":454,"date":"2024-04-30"}}]}'
  recorded_at: Wed, 17 Apr 2024 19:55:12 GMT
- request:
    method: put
    uri: http://127.0.0.1:3000/api/v1/trips/472
    body:
      encoding: UTF-8
      string: '{"user_id":1,"trip":{"name":"Japan Trip","user_id":1}}'
    headers:
      User-Agent:
      - Faraday v2.9.0
      Content-Type:
      - application/json
      Accept-Encoding:
      - gzip;q=1.0,deflate;q=0.6,identity;q=0.3
      Accept:
      - "*/*"
  response:
    status:
      code: 200
      message: OK
    headers:
      X-Frame-Options:
      - SAMEORIGIN
      X-Xss-Protection:
      - '0'
      X-Content-Type-Options:
      - nosniff
      X-Permitted-Cross-Domain-Policies:
      - none
      Referrer-Policy:
      - strict-origin-when-cross-origin
      Content-Type:
      - application/json; charset=utf-8
      Vary:
      - Accept
      Etag:
      - W/"93ee9dbd452190108b828dffae119622"
      Cache-Control:
      - max-age=0, private, must-revalidate
      X-Request-Id:
      - 76a5c5c1-a477-4d1a-8c1d-2bb4a6e250f7
      X-Runtime:
      - '0.008806'
      Server-Timing:
      - start_processing.action_controller;dur=0.00, sql.active_record;dur=1.80, instantiation.active_record;dur=0.11,
        transaction.active_record;dur=0.80, process_action.action_controller;dur=5.14
      Content-Length:
      - '1688'
    body:
      encoding: UTF-8
      string: '{"data":{"id":"472","type":"trip","attributes":{"name":"Japan Trip","location":"Japan","status":"in_progress","total_budget":1000,"start_date":"2024-04-20T00:00:00.000Z","end_date":"2024-04-30T00:00:00.000Z","total_expenses":0},"relationships":{"daily_itineraries":{"data":[{"id":"5182","type":"daily_itinerary"},{"id":"5183","type":"daily_itinerary"},{"id":"5184","type":"daily_itinerary"},{"id":"5185","type":"daily_itinerary"},{"id":"5186","type":"daily_itinerary"},{"id":"5187","type":"daily_itinerary"},{"id":"5188","type":"daily_itinerary"},{"id":"5189","type":"daily_itinerary"},{"id":"5190","type":"daily_itinerary"},{"id":"5191","type":"daily_itinerary"},{"id":"5192","type":"daily_itinerary"}]}}},"included":[{"id":"5182","type":"daily_itinerary","attributes":{"trip_id":472,"date":"2024-04-20"}},{"id":"5183","type":"daily_itinerary","attributes":{"trip_id":472,"date":"2024-04-21"}},{"id":"5184","type":"daily_itinerary","attributes":{"trip_id":472,"date":"2024-04-22"}},{"id":"5185","type":"daily_itinerary","attributes":{"trip_id":472,"date":"2024-04-23"}},{"id":"5186","type":"daily_itinerary","attributes":{"trip_id":472,"date":"2024-04-24"}},{"id":"5187","type":"daily_itinerary","attributes":{"trip_id":472,"date":"2024-04-25"}},{"id":"5188","type":"daily_itinerary","attributes":{"trip_id":472,"date":"2024-04-26"}},{"id":"5189","type":"daily_itinerary","attributes":{"trip_id":472,"date":"2024-04-27"}},{"id":"5190","type":"daily_itinerary","attributes":{"trip_id":472,"date":"2024-04-28"}},{"id":"5191","type":"daily_itinerary","attributes":{"trip_id":472,"date":"2024-04-29"}},{"id":"5192","type":"daily_itinerary","attributes":{"trip_id":472,"date":"2024-04-30"}}]}'
  recorded_at: Wed, 17 Apr 2024 19:56:51 GMT
- request:
    method: put
    uri: http://127.0.0.1:3000/api/v1/trips/490
    body:
      encoding: UTF-8
      string: '{"user_id":1,"trip":{"name":"Japan Trip","user_id":1}}'
    headers:
      User-Agent:
      - Faraday v2.9.0
      Content-Type:
      - application/json
      Accept-Encoding:
      - gzip;q=1.0,deflate;q=0.6,identity;q=0.3
      Accept:
      - "*/*"
  response:
    status:
      code: 200
      message: OK
    headers:
      X-Frame-Options:
      - SAMEORIGIN
      X-Xss-Protection:
      - '0'
      X-Content-Type-Options:
      - nosniff
      X-Permitted-Cross-Domain-Policies:
      - none
      Referrer-Policy:
      - strict-origin-when-cross-origin
      Content-Type:
      - application/json; charset=utf-8
      Vary:
      - Accept
      Etag:
      - W/"c20de43eb15eace634ef55fc8165a10e"
      Cache-Control:
      - max-age=0, private, must-revalidate
      X-Request-Id:
      - a3df984a-00fc-4243-aebc-d1d2d6dce837
      X-Runtime:
      - '0.008254'
      Server-Timing:
      - start_processing.action_controller;dur=0.00, sql.active_record;dur=1.41, instantiation.active_record;dur=0.11,
        transaction.active_record;dur=0.84, process_action.action_controller;dur=4.53
      Content-Length:
      - '1688'
    body:
      encoding: UTF-8
      string: '{"data":{"id":"490","type":"trip","attributes":{"name":"Japan Trip","location":"Japan","status":"in_progress","total_budget":1000,"start_date":"2024-04-20T00:00:00.000Z","end_date":"2024-04-30T00:00:00.000Z","total_expenses":0},"relationships":{"daily_itineraries":{"data":[{"id":"5380","type":"daily_itinerary"},{"id":"5381","type":"daily_itinerary"},{"id":"5382","type":"daily_itinerary"},{"id":"5383","type":"daily_itinerary"},{"id":"5384","type":"daily_itinerary"},{"id":"5385","type":"daily_itinerary"},{"id":"5386","type":"daily_itinerary"},{"id":"5387","type":"daily_itinerary"},{"id":"5388","type":"daily_itinerary"},{"id":"5389","type":"daily_itinerary"},{"id":"5390","type":"daily_itinerary"}]}}},"included":[{"id":"5380","type":"daily_itinerary","attributes":{"trip_id":490,"date":"2024-04-20"}},{"id":"5381","type":"daily_itinerary","attributes":{"trip_id":490,"date":"2024-04-21"}},{"id":"5382","type":"daily_itinerary","attributes":{"trip_id":490,"date":"2024-04-22"}},{"id":"5383","type":"daily_itinerary","attributes":{"trip_id":490,"date":"2024-04-23"}},{"id":"5384","type":"daily_itinerary","attributes":{"trip_id":490,"date":"2024-04-24"}},{"id":"5385","type":"daily_itinerary","attributes":{"trip_id":490,"date":"2024-04-25"}},{"id":"5386","type":"daily_itinerary","attributes":{"trip_id":490,"date":"2024-04-26"}},{"id":"5387","type":"daily_itinerary","attributes":{"trip_id":490,"date":"2024-04-27"}},{"id":"5388","type":"daily_itinerary","attributes":{"trip_id":490,"date":"2024-04-28"}},{"id":"5389","type":"daily_itinerary","attributes":{"trip_id":490,"date":"2024-04-29"}},{"id":"5390","type":"daily_itinerary","attributes":{"trip_id":490,"date":"2024-04-30"}}]}'
  recorded_at: Wed, 17 Apr 2024 20:45:27 GMT
- request:
    method: put
    uri: http://127.0.0.1:3000/api/v1/trips/544
    body:
      encoding: UTF-8
      string: '{"user_id":1,"trip":{"name":"Japan Trip","user_id":1}}'
    headers:
      User-Agent:
      - Faraday v2.9.0
      Content-Type:
      - application/json
      Accept-Encoding:
      - gzip;q=1.0,deflate;q=0.6,identity;q=0.3
      Accept:
      - "*/*"
  response:
    status:
      code: 200
      message: OK
    headers:
      X-Frame-Options:
      - SAMEORIGIN
      X-Xss-Protection:
      - '0'
      X-Content-Type-Options:
      - nosniff
      X-Permitted-Cross-Domain-Policies:
      - none
      Referrer-Policy:
      - strict-origin-when-cross-origin
      Content-Type:
      - application/json; charset=utf-8
      Vary:
      - Accept
      Etag:
      - W/"7db5f8485b6ad5f574cf08b07f9a0253"
      Cache-Control:
      - max-age=0, private, must-revalidate
      X-Request-Id:
      - b193cd9c-085f-4f6c-b511-aa0331ee17ab
      X-Runtime:
      - '0.013455'
      Server-Timing:
      - start_processing.action_controller;dur=0.00, sql.active_record;dur=1.75, instantiation.active_record;dur=0.22,
        transaction.active_record;dur=1.04, process_action.action_controller;dur=7.28
      Content-Length:
      - '1688'
    body:
      encoding: UTF-8
      string: '{"data":{"id":"544","type":"trip","attributes":{"name":"Japan Trip","location":"Japan","status":"in_progress","total_budget":1000,"start_date":"2024-04-20T00:00:00.000Z","end_date":"2024-04-30T00:00:00.000Z","total_expenses":0},"relationships":{"daily_itineraries":{"data":[{"id":"5974","type":"daily_itinerary"},{"id":"5975","type":"daily_itinerary"},{"id":"5976","type":"daily_itinerary"},{"id":"5977","type":"daily_itinerary"},{"id":"5978","type":"daily_itinerary"},{"id":"5979","type":"daily_itinerary"},{"id":"5980","type":"daily_itinerary"},{"id":"5981","type":"daily_itinerary"},{"id":"5982","type":"daily_itinerary"},{"id":"5983","type":"daily_itinerary"},{"id":"5984","type":"daily_itinerary"}]}}},"included":[{"id":"5974","type":"daily_itinerary","attributes":{"trip_id":544,"date":"2024-04-20"}},{"id":"5975","type":"daily_itinerary","attributes":{"trip_id":544,"date":"2024-04-21"}},{"id":"5976","type":"daily_itinerary","attributes":{"trip_id":544,"date":"2024-04-22"}},{"id":"5977","type":"daily_itinerary","attributes":{"trip_id":544,"date":"2024-04-23"}},{"id":"5978","type":"daily_itinerary","attributes":{"trip_id":544,"date":"2024-04-24"}},{"id":"5979","type":"daily_itinerary","attributes":{"trip_id":544,"date":"2024-04-25"}},{"id":"5980","type":"daily_itinerary","attributes":{"trip_id":544,"date":"2024-04-26"}},{"id":"5981","type":"daily_itinerary","attributes":{"trip_id":544,"date":"2024-04-27"}},{"id":"5982","type":"daily_itinerary","attributes":{"trip_id":544,"date":"2024-04-28"}},{"id":"5983","type":"daily_itinerary","attributes":{"trip_id":544,"date":"2024-04-29"}},{"id":"5984","type":"daily_itinerary","attributes":{"trip_id":544,"date":"2024-04-30"}}]}'
  recorded_at: Wed, 17 Apr 2024 21:09:28 GMT
- request:
    method: put
    uri: http://127.0.0.1:3000/api/v1/trips/562
    body:
      encoding: UTF-8
      string: '{"user_id":1,"trip":{"name":"Japan Trip","user_id":1}}'
    headers:
      User-Agent:
      - Faraday v2.9.0
      Content-Type:
      - application/json
      Accept-Encoding:
      - gzip;q=1.0,deflate;q=0.6,identity;q=0.3
      Accept:
      - "*/*"
  response:
    status:
      code: 200
      message: OK
    headers:
      X-Frame-Options:
      - SAMEORIGIN
      X-Xss-Protection:
      - '0'
      X-Content-Type-Options:
      - nosniff
      X-Permitted-Cross-Domain-Policies:
      - none
      Referrer-Policy:
      - strict-origin-when-cross-origin
      Content-Type:
      - application/json; charset=utf-8
      Vary:
      - Accept
      Etag:
      - W/"956a44d73426d984ced9cce24ea45467"
      Cache-Control:
      - max-age=0, private, must-revalidate
      X-Request-Id:
      - da208b09-74d7-4a18-b208-abf989b39cca
      X-Runtime:
      - '0.009327'
      Server-Timing:
      - start_processing.action_controller;dur=0.00, sql.active_record;dur=1.51, instantiation.active_record;dur=0.14,
        transaction.active_record;dur=0.94, process_action.action_controller;dur=5.28
      Content-Length:
      - '1688'
    body:
      encoding: UTF-8
      string: '{"data":{"id":"562","type":"trip","attributes":{"name":"Japan Trip","location":"Japan","status":"in_progress","total_budget":1000,"start_date":"2024-04-20T00:00:00.000Z","end_date":"2024-04-30T00:00:00.000Z","total_expenses":0},"relationships":{"daily_itineraries":{"data":[{"id":"6172","type":"daily_itinerary"},{"id":"6173","type":"daily_itinerary"},{"id":"6174","type":"daily_itinerary"},{"id":"6175","type":"daily_itinerary"},{"id":"6176","type":"daily_itinerary"},{"id":"6177","type":"daily_itinerary"},{"id":"6178","type":"daily_itinerary"},{"id":"6179","type":"daily_itinerary"},{"id":"6180","type":"daily_itinerary"},{"id":"6181","type":"daily_itinerary"},{"id":"6182","type":"daily_itinerary"}]}}},"included":[{"id":"6172","type":"daily_itinerary","attributes":{"trip_id":562,"date":"2024-04-20"}},{"id":"6173","type":"daily_itinerary","attributes":{"trip_id":562,"date":"2024-04-21"}},{"id":"6174","type":"daily_itinerary","attributes":{"trip_id":562,"date":"2024-04-22"}},{"id":"6175","type":"daily_itinerary","attributes":{"trip_id":562,"date":"2024-04-23"}},{"id":"6176","type":"daily_itinerary","attributes":{"trip_id":562,"date":"2024-04-24"}},{"id":"6177","type":"daily_itinerary","attributes":{"trip_id":562,"date":"2024-04-25"}},{"id":"6178","type":"daily_itinerary","attributes":{"trip_id":562,"date":"2024-04-26"}},{"id":"6179","type":"daily_itinerary","attributes":{"trip_id":562,"date":"2024-04-27"}},{"id":"6180","type":"daily_itinerary","attributes":{"trip_id":562,"date":"2024-04-28"}},{"id":"6181","type":"daily_itinerary","attributes":{"trip_id":562,"date":"2024-04-29"}},{"id":"6182","type":"daily_itinerary","attributes":{"trip_id":562,"date":"2024-04-30"}}]}'
  recorded_at: Wed, 17 Apr 2024 21:16:18 GMT
- request:
    method: put
    uri: http://127.0.0.1:3000/api/v1/trips/580
    body:
      encoding: UTF-8
      string: '{"user_id":1,"trip":{"name":"Japan Trip","user_id":1}}'
    headers:
      User-Agent:
      - Faraday v2.9.0
      Content-Type:
      - application/json
      Accept-Encoding:
      - gzip;q=1.0,deflate;q=0.6,identity;q=0.3
      Accept:
      - "*/*"
  response:
    status:
      code: 200
      message: OK
    headers:
      X-Frame-Options:
      - SAMEORIGIN
      X-Xss-Protection:
      - '0'
      X-Content-Type-Options:
      - nosniff
      X-Permitted-Cross-Domain-Policies:
      - none
      Referrer-Policy:
      - strict-origin-when-cross-origin
      Content-Type:
      - application/json; charset=utf-8
      Vary:
      - Accept
      Etag:
      - W/"8ffb2138fcc8acf6f46325464a038261"
      Cache-Control:
      - max-age=0, private, must-revalidate
      X-Request-Id:
      - 2088b9b1-b636-4800-b556-9551ba5e1c42
      X-Runtime:
      - '0.009944'
      Server-Timing:
      - start_processing.action_controller;dur=0.00, sql.active_record;dur=1.79, instantiation.active_record;dur=0.12,
        transaction.active_record;dur=1.04, process_action.action_controller;dur=5.66
      Content-Length:
      - '1688'
    body:
      encoding: UTF-8
      string: '{"data":{"id":"580","type":"trip","attributes":{"name":"Japan Trip","location":"Japan","status":"in_progress","total_budget":1000,"start_date":"2024-04-20T00:00:00.000Z","end_date":"2024-04-30T00:00:00.000Z","total_expenses":0},"relationships":{"daily_itineraries":{"data":[{"id":"6370","type":"daily_itinerary"},{"id":"6371","type":"daily_itinerary"},{"id":"6372","type":"daily_itinerary"},{"id":"6373","type":"daily_itinerary"},{"id":"6374","type":"daily_itinerary"},{"id":"6375","type":"daily_itinerary"},{"id":"6376","type":"daily_itinerary"},{"id":"6377","type":"daily_itinerary"},{"id":"6378","type":"daily_itinerary"},{"id":"6379","type":"daily_itinerary"},{"id":"6380","type":"daily_itinerary"}]}}},"included":[{"id":"6370","type":"daily_itinerary","attributes":{"trip_id":580,"date":"2024-04-20"}},{"id":"6371","type":"daily_itinerary","attributes":{"trip_id":580,"date":"2024-04-21"}},{"id":"6372","type":"daily_itinerary","attributes":{"trip_id":580,"date":"2024-04-22"}},{"id":"6373","type":"daily_itinerary","attributes":{"trip_id":580,"date":"2024-04-23"}},{"id":"6374","type":"daily_itinerary","attributes":{"trip_id":580,"date":"2024-04-24"}},{"id":"6375","type":"daily_itinerary","attributes":{"trip_id":580,"date":"2024-04-25"}},{"id":"6376","type":"daily_itinerary","attributes":{"trip_id":580,"date":"2024-04-26"}},{"id":"6377","type":"daily_itinerary","attributes":{"trip_id":580,"date":"2024-04-27"}},{"id":"6378","type":"daily_itinerary","attributes":{"trip_id":580,"date":"2024-04-28"}},{"id":"6379","type":"daily_itinerary","attributes":{"trip_id":580,"date":"2024-04-29"}},{"id":"6380","type":"daily_itinerary","attributes":{"trip_id":580,"date":"2024-04-30"}}]}'
  recorded_at: Wed, 17 Apr 2024 21:42:04 GMT
- request:
    method: put
    uri: http://127.0.0.1:3000/api/v1/trips/598
    body:
      encoding: UTF-8
      string: '{"user_id":1,"trip":{"name":"Japan Trip","user_id":1}}'
    headers:
      User-Agent:
      - Faraday v2.9.0
      Content-Type:
      - application/json
      Accept-Encoding:
      - gzip;q=1.0,deflate;q=0.6,identity;q=0.3
      Accept:
      - "*/*"
  response:
    status:
      code: 200
      message: OK
    headers:
      X-Frame-Options:
      - SAMEORIGIN
      X-Xss-Protection:
      - '0'
      X-Content-Type-Options:
      - nosniff
      X-Permitted-Cross-Domain-Policies:
      - none
      Referrer-Policy:
      - strict-origin-when-cross-origin
      Content-Type:
      - application/json; charset=utf-8
      Vary:
      - Accept
      Etag:
      - W/"45185591336f5cf06405fe46ed9bf54d"
      Cache-Control:
      - max-age=0, private, must-revalidate
      X-Request-Id:
      - cd4b1f53-0770-4351-a6d8-45457571e250
      X-Runtime:
      - '0.009440'
      Server-Timing:
      - start_processing.action_controller;dur=0.00, sql.active_record;dur=1.67, instantiation.active_record;dur=0.14,
        transaction.active_record;dur=0.95, process_action.action_controller;dur=5.58
      Content-Length:
      - '1688'
    body:
      encoding: UTF-8
      string: '{"data":{"id":"598","type":"trip","attributes":{"name":"Japan Trip","location":"Japan","status":"in_progress","total_budget":1000,"start_date":"2024-04-20T00:00:00.000Z","end_date":"2024-04-30T00:00:00.000Z","total_expenses":0},"relationships":{"daily_itineraries":{"data":[{"id":"6568","type":"daily_itinerary"},{"id":"6569","type":"daily_itinerary"},{"id":"6570","type":"daily_itinerary"},{"id":"6571","type":"daily_itinerary"},{"id":"6572","type":"daily_itinerary"},{"id":"6573","type":"daily_itinerary"},{"id":"6574","type":"daily_itinerary"},{"id":"6575","type":"daily_itinerary"},{"id":"6576","type":"daily_itinerary"},{"id":"6577","type":"daily_itinerary"},{"id":"6578","type":"daily_itinerary"}]}}},"included":[{"id":"6568","type":"daily_itinerary","attributes":{"trip_id":598,"date":"2024-04-20"}},{"id":"6569","type":"daily_itinerary","attributes":{"trip_id":598,"date":"2024-04-21"}},{"id":"6570","type":"daily_itinerary","attributes":{"trip_id":598,"date":"2024-04-22"}},{"id":"6571","type":"daily_itinerary","attributes":{"trip_id":598,"date":"2024-04-23"}},{"id":"6572","type":"daily_itinerary","attributes":{"trip_id":598,"date":"2024-04-24"}},{"id":"6573","type":"daily_itinerary","attributes":{"trip_id":598,"date":"2024-04-25"}},{"id":"6574","type":"daily_itinerary","attributes":{"trip_id":598,"date":"2024-04-26"}},{"id":"6575","type":"daily_itinerary","attributes":{"trip_id":598,"date":"2024-04-27"}},{"id":"6576","type":"daily_itinerary","attributes":{"trip_id":598,"date":"2024-04-28"}},{"id":"6577","type":"daily_itinerary","attributes":{"trip_id":598,"date":"2024-04-29"}},{"id":"6578","type":"daily_itinerary","attributes":{"trip_id":598,"date":"2024-04-30"}}]}'
  recorded_at: Wed, 17 Apr 2024 21:43:12 GMT
- request:
    method: put
    uri: http://127.0.0.1:3000/api/v1/trips/616
    body:
      encoding: UTF-8
      string: '{"user_id":1,"trip":{"name":"Japan Trip","user_id":1}}'
    headers:
      User-Agent:
      - Faraday v2.9.0
      Content-Type:
      - application/json
      Accept-Encoding:
      - gzip;q=1.0,deflate;q=0.6,identity;q=0.3
      Accept:
      - "*/*"
  response:
    status:
      code: 200
      message: OK
    headers:
      X-Frame-Options:
      - SAMEORIGIN
      X-Xss-Protection:
      - '0'
      X-Content-Type-Options:
      - nosniff
      X-Permitted-Cross-Domain-Policies:
      - none
      Referrer-Policy:
      - strict-origin-when-cross-origin
      Content-Type:
      - application/json; charset=utf-8
      Vary:
      - Accept
      Etag:
      - W/"4572bc9dcb1e4d55c6aec77024d7451b"
      Cache-Control:
      - max-age=0, private, must-revalidate
      X-Request-Id:
      - de284ebf-1060-49f4-b116-cdd53ddc3aee
      X-Runtime:
      - '0.008038'
      Server-Timing:
      - start_processing.action_controller;dur=0.00, sql.active_record;dur=1.34, instantiation.active_record;dur=0.11,
        transaction.active_record;dur=0.78, process_action.action_controller;dur=4.31
      Content-Length:
      - '1688'
    body:
      encoding: UTF-8
      string: '{"data":{"id":"616","type":"trip","attributes":{"name":"Japan Trip","location":"Japan","status":"in_progress","total_budget":1000,"start_date":"2024-04-20T00:00:00.000Z","end_date":"2024-04-30T00:00:00.000Z","total_expenses":0},"relationships":{"daily_itineraries":{"data":[{"id":"6766","type":"daily_itinerary"},{"id":"6767","type":"daily_itinerary"},{"id":"6768","type":"daily_itinerary"},{"id":"6769","type":"daily_itinerary"},{"id":"6770","type":"daily_itinerary"},{"id":"6771","type":"daily_itinerary"},{"id":"6772","type":"daily_itinerary"},{"id":"6773","type":"daily_itinerary"},{"id":"6774","type":"daily_itinerary"},{"id":"6775","type":"daily_itinerary"},{"id":"6776","type":"daily_itinerary"}]}}},"included":[{"id":"6766","type":"daily_itinerary","attributes":{"trip_id":616,"date":"2024-04-20"}},{"id":"6767","type":"daily_itinerary","attributes":{"trip_id":616,"date":"2024-04-21"}},{"id":"6768","type":"daily_itinerary","attributes":{"trip_id":616,"date":"2024-04-22"}},{"id":"6769","type":"daily_itinerary","attributes":{"trip_id":616,"date":"2024-04-23"}},{"id":"6770","type":"daily_itinerary","attributes":{"trip_id":616,"date":"2024-04-24"}},{"id":"6771","type":"daily_itinerary","attributes":{"trip_id":616,"date":"2024-04-25"}},{"id":"6772","type":"daily_itinerary","attributes":{"trip_id":616,"date":"2024-04-26"}},{"id":"6773","type":"daily_itinerary","attributes":{"trip_id":616,"date":"2024-04-27"}},{"id":"6774","type":"daily_itinerary","attributes":{"trip_id":616,"date":"2024-04-28"}},{"id":"6775","type":"daily_itinerary","attributes":{"trip_id":616,"date":"2024-04-29"}},{"id":"6776","type":"daily_itinerary","attributes":{"trip_id":616,"date":"2024-04-30"}}]}'
  recorded_at: Wed, 17 Apr 2024 21:55:49 GMT
- request:
    method: put
    uri: http://127.0.0.1:3000/api/v1/trips/634
    body:
      encoding: UTF-8
      string: '{"user_id":1,"trip":{"name":"Japan Trip","user_id":1}}'
    headers:
      User-Agent:
      - Faraday v2.9.0
      Content-Type:
      - application/json
      Accept-Encoding:
      - gzip;q=1.0,deflate;q=0.6,identity;q=0.3
      Accept:
      - "*/*"
  response:
    status:
      code: 200
      message: OK
    headers:
      X-Frame-Options:
      - SAMEORIGIN
      X-Xss-Protection:
      - '0'
      X-Content-Type-Options:
      - nosniff
      X-Permitted-Cross-Domain-Policies:
      - none
      Referrer-Policy:
      - strict-origin-when-cross-origin
      Content-Type:
      - application/json; charset=utf-8
      Vary:
      - Accept
      Etag:
      - W/"a58b0b76f1462bb9b9502a090cc5cbcc"
      Cache-Control:
      - max-age=0, private, must-revalidate
      X-Request-Id:
      - 5799a995-7628-4140-b8c6-b2296b071707
      X-Runtime:
      - '0.008467'
      Server-Timing:
      - start_processing.action_controller;dur=0.00, sql.active_record;dur=1.42, instantiation.active_record;dur=0.38,
        transaction.active_record;dur=0.68, process_action.action_controller;dur=4.90
      Content-Length:
      - '1688'
    body:
      encoding: UTF-8
      string: '{"data":{"id":"634","type":"trip","attributes":{"name":"Japan Trip","location":"Japan","status":"in_progress","total_budget":1000,"start_date":"2024-04-20T00:00:00.000Z","end_date":"2024-04-30T00:00:00.000Z","total_expenses":0},"relationships":{"daily_itineraries":{"data":[{"id":"6964","type":"daily_itinerary"},{"id":"6965","type":"daily_itinerary"},{"id":"6966","type":"daily_itinerary"},{"id":"6967","type":"daily_itinerary"},{"id":"6968","type":"daily_itinerary"},{"id":"6969","type":"daily_itinerary"},{"id":"6970","type":"daily_itinerary"},{"id":"6971","type":"daily_itinerary"},{"id":"6972","type":"daily_itinerary"},{"id":"6973","type":"daily_itinerary"},{"id":"6974","type":"daily_itinerary"}]}}},"included":[{"id":"6964","type":"daily_itinerary","attributes":{"trip_id":634,"date":"2024-04-20"}},{"id":"6965","type":"daily_itinerary","attributes":{"trip_id":634,"date":"2024-04-21"}},{"id":"6966","type":"daily_itinerary","attributes":{"trip_id":634,"date":"2024-04-22"}},{"id":"6967","type":"daily_itinerary","attributes":{"trip_id":634,"date":"2024-04-23"}},{"id":"6968","type":"daily_itinerary","attributes":{"trip_id":634,"date":"2024-04-24"}},{"id":"6969","type":"daily_itinerary","attributes":{"trip_id":634,"date":"2024-04-25"}},{"id":"6970","type":"daily_itinerary","attributes":{"trip_id":634,"date":"2024-04-26"}},{"id":"6971","type":"daily_itinerary","attributes":{"trip_id":634,"date":"2024-04-27"}},{"id":"6972","type":"daily_itinerary","attributes":{"trip_id":634,"date":"2024-04-28"}},{"id":"6973","type":"daily_itinerary","attributes":{"trip_id":634,"date":"2024-04-29"}},{"id":"6974","type":"daily_itinerary","attributes":{"trip_id":634,"date":"2024-04-30"}}]}'
  recorded_at: Wed, 17 Apr 2024 21:57:05 GMT
- request:
    method: put
    uri: http://127.0.0.1:3000/api/v1/trips/652
    body:
      encoding: UTF-8
      string: '{"user_id":1,"trip":{"name":"Japan Trip","user_id":1}}'
    headers:
      User-Agent:
      - Faraday v2.9.0
      Content-Type:
      - application/json
      Accept-Encoding:
      - gzip;q=1.0,deflate;q=0.6,identity;q=0.3
      Accept:
      - "*/*"
  response:
    status:
      code: 200
      message: OK
    headers:
      X-Frame-Options:
      - SAMEORIGIN
      X-Xss-Protection:
      - '0'
      X-Content-Type-Options:
      - nosniff
      X-Permitted-Cross-Domain-Policies:
      - none
      Referrer-Policy:
      - strict-origin-when-cross-origin
      Content-Type:
      - application/json; charset=utf-8
      Vary:
      - Accept
      Etag:
      - W/"95821bbfa6d1877f6ad989d5621c9a21"
      Cache-Control:
      - max-age=0, private, must-revalidate
      X-Request-Id:
      - 00e6a0c7-6cd8-4135-b5b6-b16d79eb69e6
      X-Runtime:
      - '0.008437'
      Server-Timing:
      - start_processing.action_controller;dur=0.00, sql.active_record;dur=1.54, instantiation.active_record;dur=0.11,
        transaction.active_record;dur=0.79, process_action.action_controller;dur=4.58
      Content-Length:
      - '1688'
    body:
      encoding: UTF-8
      string: '{"data":{"id":"652","type":"trip","attributes":{"name":"Japan Trip","location":"Japan","status":"in_progress","total_budget":1000,"start_date":"2024-04-20T00:00:00.000Z","end_date":"2024-04-30T00:00:00.000Z","total_expenses":0},"relationships":{"daily_itineraries":{"data":[{"id":"7162","type":"daily_itinerary"},{"id":"7163","type":"daily_itinerary"},{"id":"7164","type":"daily_itinerary"},{"id":"7165","type":"daily_itinerary"},{"id":"7166","type":"daily_itinerary"},{"id":"7167","type":"daily_itinerary"},{"id":"7168","type":"daily_itinerary"},{"id":"7169","type":"daily_itinerary"},{"id":"7170","type":"daily_itinerary"},{"id":"7171","type":"daily_itinerary"},{"id":"7172","type":"daily_itinerary"}]}}},"included":[{"id":"7162","type":"daily_itinerary","attributes":{"trip_id":652,"date":"2024-04-20"}},{"id":"7163","type":"daily_itinerary","attributes":{"trip_id":652,"date":"2024-04-21"}},{"id":"7164","type":"daily_itinerary","attributes":{"trip_id":652,"date":"2024-04-22"}},{"id":"7165","type":"daily_itinerary","attributes":{"trip_id":652,"date":"2024-04-23"}},{"id":"7166","type":"daily_itinerary","attributes":{"trip_id":652,"date":"2024-04-24"}},{"id":"7167","type":"daily_itinerary","attributes":{"trip_id":652,"date":"2024-04-25"}},{"id":"7168","type":"daily_itinerary","attributes":{"trip_id":652,"date":"2024-04-26"}},{"id":"7169","type":"daily_itinerary","attributes":{"trip_id":652,"date":"2024-04-27"}},{"id":"7170","type":"daily_itinerary","attributes":{"trip_id":652,"date":"2024-04-28"}},{"id":"7171","type":"daily_itinerary","attributes":{"trip_id":652,"date":"2024-04-29"}},{"id":"7172","type":"daily_itinerary","attributes":{"trip_id":652,"date":"2024-04-30"}}]}'
  recorded_at: Wed, 17 Apr 2024 22:05:13 GMT
- request:
    method: put
    uri: http://127.0.0.1:3000/api/v1/trips/670
    body:
      encoding: UTF-8
      string: '{"user_id":1,"trip":{"name":"Japan Trip","user_id":1}}'
    headers:
      User-Agent:
      - Faraday v2.9.0
      Content-Type:
      - application/json
      Accept-Encoding:
      - gzip;q=1.0,deflate;q=0.6,identity;q=0.3
      Accept:
      - "*/*"
  response:
    status:
      code: 200
      message: OK
    headers:
      X-Frame-Options:
      - SAMEORIGIN
      X-Xss-Protection:
      - '0'
      X-Content-Type-Options:
      - nosniff
      X-Permitted-Cross-Domain-Policies:
      - none
      Referrer-Policy:
      - strict-origin-when-cross-origin
      Content-Type:
      - application/json; charset=utf-8
      Vary:
      - Accept
      Etag:
      - W/"4675bb32ea40664f7bfd61cebe5343c8"
      Cache-Control:
      - max-age=0, private, must-revalidate
      X-Request-Id:
      - eb55f601-4838-4aec-901e-edfe55055f63
      X-Runtime:
      - '0.009300'
      Server-Timing:
      - start_processing.action_controller;dur=0.00, sql.active_record;dur=1.48, instantiation.active_record;dur=0.11,
        transaction.active_record;dur=0.75, process_action.action_controller;dur=5.08
      Content-Length:
      - '1688'
    body:
      encoding: UTF-8
      string: '{"data":{"id":"670","type":"trip","attributes":{"name":"Japan Trip","location":"Japan","status":"in_progress","total_budget":1000,"start_date":"2024-04-20T00:00:00.000Z","end_date":"2024-04-30T00:00:00.000Z","total_expenses":0},"relationships":{"daily_itineraries":{"data":[{"id":"7360","type":"daily_itinerary"},{"id":"7361","type":"daily_itinerary"},{"id":"7362","type":"daily_itinerary"},{"id":"7363","type":"daily_itinerary"},{"id":"7364","type":"daily_itinerary"},{"id":"7365","type":"daily_itinerary"},{"id":"7366","type":"daily_itinerary"},{"id":"7367","type":"daily_itinerary"},{"id":"7368","type":"daily_itinerary"},{"id":"7369","type":"daily_itinerary"},{"id":"7370","type":"daily_itinerary"}]}}},"included":[{"id":"7360","type":"daily_itinerary","attributes":{"trip_id":670,"date":"2024-04-20"}},{"id":"7361","type":"daily_itinerary","attributes":{"trip_id":670,"date":"2024-04-21"}},{"id":"7362","type":"daily_itinerary","attributes":{"trip_id":670,"date":"2024-04-22"}},{"id":"7363","type":"daily_itinerary","attributes":{"trip_id":670,"date":"2024-04-23"}},{"id":"7364","type":"daily_itinerary","attributes":{"trip_id":670,"date":"2024-04-24"}},{"id":"7365","type":"daily_itinerary","attributes":{"trip_id":670,"date":"2024-04-25"}},{"id":"7366","type":"daily_itinerary","attributes":{"trip_id":670,"date":"2024-04-26"}},{"id":"7367","type":"daily_itinerary","attributes":{"trip_id":670,"date":"2024-04-27"}},{"id":"7368","type":"daily_itinerary","attributes":{"trip_id":670,"date":"2024-04-28"}},{"id":"7369","type":"daily_itinerary","attributes":{"trip_id":670,"date":"2024-04-29"}},{"id":"7370","type":"daily_itinerary","attributes":{"trip_id":670,"date":"2024-04-30"}}]}'
  recorded_at: Wed, 17 Apr 2024 22:37:18 GMT
- request:
    method: post
    uri: http://127.0.0.1:3000/api/v1/trips
    body:
      encoding: UTF-8
      string: '{"trip":{"name":"Trip To Japan","location":"Japan","start_date":"2024-04-20","end_date":"2024-04-30","status":"in_progress","total_budget":1000,"user_id":1}}'
    headers:
      User-Agent:
      - Faraday v2.9.0
      Content-Type:
      - application/json
      Accept-Encoding:
      - gzip;q=1.0,deflate;q=0.6,identity;q=0.3
      Accept:
      - "*/*"
  response:
    status:
      code: 201
      message: Created
    headers:
      X-Frame-Options:
      - SAMEORIGIN
      X-Xss-Protection:
      - '0'
      X-Content-Type-Options:
      - nosniff
      X-Permitted-Cross-Domain-Policies:
      - none
      Referrer-Policy:
      - strict-origin-when-cross-origin
      Content-Type:
      - application/json; charset=utf-8
      Vary:
      - Accept
      Etag:
      - W/"d6accc860ea4ec7b0785f6ed45af17f8"
      Cache-Control:
      - max-age=0, private, must-revalidate
      X-Request-Id:
      - c3635dcd-8249-45e3-8f4b-ddcce32be11f
      X-Runtime:
      - '0.031189'
      Server-Timing:
      - start_processing.action_controller;dur=0.00, sql.active_record;dur=11.96,
        transaction.active_record;dur=10.36, instantiation.active_record;dur=0.09,
        process_action.action_controller;dur=27.29
      Content-Length:
      - '1691'
    body:
      encoding: UTF-8
      string: '{"data":{"id":"688","type":"trip","attributes":{"name":"Trip To Japan","location":"Japan","status":"in_progress","total_budget":1000,"start_date":"2024-04-20T00:00:00.000Z","end_date":"2024-04-30T00:00:00.000Z","total_expenses":0},"relationships":{"daily_itineraries":{"data":[{"id":"7558","type":"daily_itinerary"},{"id":"7559","type":"daily_itinerary"},{"id":"7560","type":"daily_itinerary"},{"id":"7561","type":"daily_itinerary"},{"id":"7562","type":"daily_itinerary"},{"id":"7563","type":"daily_itinerary"},{"id":"7564","type":"daily_itinerary"},{"id":"7565","type":"daily_itinerary"},{"id":"7566","type":"daily_itinerary"},{"id":"7567","type":"daily_itinerary"},{"id":"7568","type":"daily_itinerary"}]}}},"included":[{"id":"7558","type":"daily_itinerary","attributes":{"trip_id":688,"date":"2024-04-20"}},{"id":"7559","type":"daily_itinerary","attributes":{"trip_id":688,"date":"2024-04-21"}},{"id":"7560","type":"daily_itinerary","attributes":{"trip_id":688,"date":"2024-04-22"}},{"id":"7561","type":"daily_itinerary","attributes":{"trip_id":688,"date":"2024-04-23"}},{"id":"7562","type":"daily_itinerary","attributes":{"trip_id":688,"date":"2024-04-24"}},{"id":"7563","type":"daily_itinerary","attributes":{"trip_id":688,"date":"2024-04-25"}},{"id":"7564","type":"daily_itinerary","attributes":{"trip_id":688,"date":"2024-04-26"}},{"id":"7565","type":"daily_itinerary","attributes":{"trip_id":688,"date":"2024-04-27"}},{"id":"7566","type":"daily_itinerary","attributes":{"trip_id":688,"date":"2024-04-28"}},{"id":"7567","type":"daily_itinerary","attributes":{"trip_id":688,"date":"2024-04-29"}},{"id":"7568","type":"daily_itinerary","attributes":{"trip_id":688,"date":"2024-04-30"}}]}'
  recorded_at: Wed, 17 Apr 2024 22:37:50 GMT
- request:
    method: put
    uri: http://127.0.0.1:3000/api/v1/trips/688
    body:
      encoding: UTF-8
      string: '{"user_id":1,"trip":{"name":"Japan Trip","user_id":1}}'
    headers:
      User-Agent:
      - Faraday v2.9.0
      Content-Type:
      - application/json
      Accept-Encoding:
      - gzip;q=1.0,deflate;q=0.6,identity;q=0.3
      Accept:
      - "*/*"
  response:
    status:
      code: 200
      message: OK
    headers:
      X-Frame-Options:
      - SAMEORIGIN
      X-Xss-Protection:
      - '0'
      X-Content-Type-Options:
      - nosniff
      X-Permitted-Cross-Domain-Policies:
      - none
      Referrer-Policy:
      - strict-origin-when-cross-origin
      Content-Type:
      - application/json; charset=utf-8
      Vary:
      - Accept
      Etag:
      - W/"de10f2b7d8c3331fe8098ac8fb1ca699"
      Cache-Control:
      - max-age=0, private, must-revalidate
      X-Request-Id:
      - 7eeab704-dbad-4602-a923-ac5f9c73cccf
      X-Runtime:
      - '0.008633'
      Server-Timing:
      - start_processing.action_controller;dur=0.00, sql.active_record;dur=1.44, instantiation.active_record;dur=0.12,
        transaction.active_record;dur=0.87, process_action.action_controller;dur=4.69
      Content-Length:
      - '1688'
    body:
      encoding: UTF-8
      string: '{"data":{"id":"688","type":"trip","attributes":{"name":"Japan Trip","location":"Japan","status":"in_progress","total_budget":1000,"start_date":"2024-04-20T00:00:00.000Z","end_date":"2024-04-30T00:00:00.000Z","total_expenses":0},"relationships":{"daily_itineraries":{"data":[{"id":"7558","type":"daily_itinerary"},{"id":"7559","type":"daily_itinerary"},{"id":"7560","type":"daily_itinerary"},{"id":"7561","type":"daily_itinerary"},{"id":"7562","type":"daily_itinerary"},{"id":"7563","type":"daily_itinerary"},{"id":"7564","type":"daily_itinerary"},{"id":"7565","type":"daily_itinerary"},{"id":"7566","type":"daily_itinerary"},{"id":"7567","type":"daily_itinerary"},{"id":"7568","type":"daily_itinerary"}]}}},"included":[{"id":"7558","type":"daily_itinerary","attributes":{"trip_id":688,"date":"2024-04-20"}},{"id":"7559","type":"daily_itinerary","attributes":{"trip_id":688,"date":"2024-04-21"}},{"id":"7560","type":"daily_itinerary","attributes":{"trip_id":688,"date":"2024-04-22"}},{"id":"7561","type":"daily_itinerary","attributes":{"trip_id":688,"date":"2024-04-23"}},{"id":"7562","type":"daily_itinerary","attributes":{"trip_id":688,"date":"2024-04-24"}},{"id":"7563","type":"daily_itinerary","attributes":{"trip_id":688,"date":"2024-04-25"}},{"id":"7564","type":"daily_itinerary","attributes":{"trip_id":688,"date":"2024-04-26"}},{"id":"7565","type":"daily_itinerary","attributes":{"trip_id":688,"date":"2024-04-27"}},{"id":"7566","type":"daily_itinerary","attributes":{"trip_id":688,"date":"2024-04-28"}},{"id":"7567","type":"daily_itinerary","attributes":{"trip_id":688,"date":"2024-04-29"}},{"id":"7568","type":"daily_itinerary","attributes":{"trip_id":688,"date":"2024-04-30"}}]}'
  recorded_at: Wed, 17 Apr 2024 22:37:50 GMT
recorded_with: VCR 6.2.0
